<html>
<body>
<pre>
<h1>µVision Build Log</h1>
<h2>Tool Versions:</h2>
IDE-Version: µVision V5.25.2.0
Copyright (C) 2018 ARM Ltd and ARM Germany GmbH. All rights reserved.
License Information: Forrest DeVita, student, LIC=----
 
Tool Versions:
Toolchain:       MDK-Lite  Version: 5.25.2.0
Toolchain Path:  C:\Keil_v5\ARM\ARMCC\Bin
C Compiler:      Armcc.exe V5.06 update 6 (build 750)
Assembler:       Armasm.exe V5.06 update 6 (build 750)
Linker/Locator:  ArmLink.exe V5.06 update 6 (build 750)
Library Manager: ArmAr.exe V5.06 update 6 (build 750)
Hex Converter:   FromElf.exe V5.06 update 6 (build 750)
CPU DLL:         SARMCM3.DLL V5.25.2.0
Dialog DLL:      DARMCM1.DLL V1.19.1.0
Target DLL:      PEMicro\Pemicro_ArmCortexInterface.dll V1.11
Dialog DLL:      TARMCM1.DLL V1.14.0.0
 
<h2>Project:</h2>
C:\Users\Julie\Documents\School Stuff (Forrest)\Senior\Fall 2018\ECE 485\Better Game Of Tag\Firmware\Better Game Of Tag.uvprojx
Project File Date:  08/09/2018

<h2>Output:</h2>
*** Using Compiler 'V5.06 update 6 (build 750)', folder: 'C:\Keil_v5\ARM\ARMCC\Bin'
Rebuild target 'Target 1'
compiling DAC.c...
compiling DMA.c...
compiling main.c...
compiling packets.c...
compiling queue.c...
compiling threads.c...
compiling UART.c...
Source\UART.c(111): warning:  #167-D: argument of type "char *" is incompatible with parameter of type "uint8_t *"
  	Util_fillMemory(sUART.rxCircularBuffer, UART_BUFFER_SIZE, '\0'); //clear out Rx buffer
Source\UART.c(154): warning:  #167-D: argument of type "char *" is incompatible with parameter of type "uint8_t *"
  	Util_fillMemory(sUART.rxCircularBuffer, UART_BUFFER_SIZE, '\0'); //clear out Rx buffer
Source\UART.c(163): warning:  #42-D: operand types are incompatible ("char" and "char *")
  	while((sUART.rxCircularBuffer[currentIndex] != "\r") && (currentIndex<maxLength))
Source\UART.c(178): warning:  #167-D: argument of type "char *" is incompatible with parameter of type "uint8_t *"
  	Util_fillMemory(sUART.rxCircularBuffer, UART_BUFFER_SIZE, '\0');
Source\UART.c: 4 warnings, 0 errors
compiling utilities.c...
compiling crc.c...
compiling timers.c...
compiling BLE.c...
Source\BLE.c(157): warning:  #167-D: argument of type "uint8_t *" is incompatible with parameter of type "const char *"
  	BLE_Send(command,strlen(command));
Source\BLE.c(179): warning:  #167-D: argument of type "uint8_t *" is incompatible with parameter of type "const char *"
  	if(strstr(sBLE.rxQueue.entry[queueEntryIndex].data.dataBuffer,keyword)!=NULL)
Source\BLE.c(179): warning:  #167-D: argument of type "uint8_t *" is incompatible with parameter of type "const char *"
  	if(strstr(sBLE.rxQueue.entry[queueEntryIndex].data.dataBuffer,keyword)!=NULL)
Source\BLE.c(201): warning:  #167-D: argument of type "const char *" is incompatible with parameter of type "uint8_t *"
  	BLE_Send(pBTAddress,BLE_ADDRESS_LENGTH);
Source\BLE.c(310): warning:  #1-D: last line of file ends without a newline
  }
Source\BLE.c(53): warning:  #177-D: variable "BLE_stateOfModule"  was declared but never referenced
  static BLE_moduleState BLE_stateOfModule;
Source\BLE.c(138): warning:  #177-D: function "BLE_Receive"  was declared but never referenced
  static void BLE_Receive(uint8_t *pDest, uint32_t length)
Source\BLE.c(270): warning:  #177-D: function "BLE_stopReceiving"  was declared but never referenced
  static void BLE_stopReceiving(void)
Source\BLE.c: 8 warnings, 0 errors
compiling LEDs.c...
compiling rtx_lib.c...
assembling startup_MKL25Z4.s...
compiling RTX_Config.c...
compiling system_MKL25Z4.c...
linking...
Program Size: Code=13296 RO-data=1084 RW-data=9940 ZI-data=1524  
".\Objects\Better Game Of Tag.axf" - 0 Error(s), 12 Warning(s).

<h2>Software Packages used:</h2>

Package Vendor: ARM
                http://www.keil.com/pack/ARM.CMSIS.5.3.0.pack
                ARM.CMSIS.5.3.0
                CMSIS (Cortex Microcontroller Software Interface Standard)
   * Component: RTOS2 Version: 2.1.2
   * Component: CORE Version: 5.1.1
   * Component: Keil RTX5 Variant: Library Version: 5.3.0

Package Vendor: Keil
                http://www.keil.com/pack/Keil.Kinetis_KLxx_DFP.1.15.0.pack
                Keil.Kinetis_KLxx_DFP.1.15.0
                NXP Kinetis KLxx Series Device Support and Examples
   * Component: Startup Version: 2.5.0

<h2>Collection of Component include folders:</h2>
  .\RTE\CMSIS
  .\RTE\Device\MKL25Z128xxx4
  .\RTE\_Target_1
  C:\Keil_v5\ARM\PACK\ARM\CMSIS\5.3.0\CMSIS\Include
  C:\Keil_v5\ARM\PACK\ARM\CMSIS\5.3.0\CMSIS\RTOS2\Include
  C:\Keil_v5\ARM\PACK\ARM\CMSIS\5.3.0\CMSIS\RTOS2\RTX\Include
  C:\Keil_v5\ARM\PACK\Keil\Kinetis_KLxx_DFP\1.15.0\Device\Include

<h2>Collection of Component Files used:</h2>

   * Component: ::CMSIS:RTOS2:2.1.2 (API)
      Include file:  CMSIS\RTOS2\Include\cmsis_os2.h

   * Component: ARM::CMSIS:CORE:5.1.1

   * Component: ARM::CMSIS:RTOS2:Keil RTX5:Library:5.3.0
      Source file:   CMSIS\RTOS2\RTX\Config\RTX_Config.c
      Source file:   CMSIS\RTOS2\RTX\Template\main.c
      Source file:   CMSIS\RTOS2\RTX\Template\Events.c
      Source file:   CMSIS\RTOS2\RTX\Template\MemPool.c
      Include file:  CMSIS\RTOS2\RTX\Config\RTX_Config.h
      Source file:   CMSIS\RTOS2\RTX\Template\MsgQueue.c
      Include file:  CMSIS\RTOS2\RTX\Include\rtx_os.h
      Source file:   CMSIS\RTOS2\RTX\Template\Mutex.c
      Source file:   CMSIS\RTOS2\RTX\Source\rtx_lib.c
      Source file:   CMSIS\RTOS2\RTX\Template\svc_user.c
      Source file:   CMSIS\RTOS2\RTX\Template\Thread.c
      Source file:   CMSIS\RTOS2\RTX\Template\Timer.c
      Library file:  CMSIS\RTOS2\RTX\Library\ARM\RTX_CM0.lib
      Source file:   CMSIS\RTOS2\RTX\Template\Semaphore.c

   * Component: Keil::Device:Startup:2.5.0
      Include file:  Device\Source\system_MKL25Z4.h
      Source file:   Device\Source\system_MKL25Z4.c
      Source file:   Device\Source\ARM\startup_MKL25Z4.s
Build Time Elapsed:  00:00:06
</pre>
</body>
</html>
