Component: ARM Compiler 5.06 update 6 (build 750) Tool: armlink [4d35ed]

==============================================================================

Section Cross References

    main.o(i.main) refers to system_mkl25z4.o(i.SystemCoreClockUpdate) for SystemCoreClockUpdate
    main.o(i.main) refers to uart.o(i.Init_UART0) for Init_UART0
    main.o(i.main) refers to dma.o(i.Init_DMA_For_Playback) for Init_DMA_For_Playback
    main.o(i.main) refers to dac.o(i.Init_DAC) for Init_DAC
    main.o(i.main) refers to rtx_kernel.o(.text.osKernelInitialize) for osKernelInitialize
    main.o(i.main) refers to rtx_thread.o(.text.osThreadNew) for osThreadNew
    main.o(i.main) refers to rtx_evflags.o(.text.osEventFlagsNew) for osEventFlagsNew
    main.o(i.main) refers to rtx_kernel.o(.text.osKernelStart) for osKernelStart
    main.o(i.main) refers to threads.o(i.Thread_Testing) for Thread_Testing
    main.o(i.main) refers to threads.o(.data) for tid_TEST
    dma.o(i.DMA0_IRQHandler) refers to rtx_evflags.o(.text.osEventFlagsSet) for osEventFlagsSet
    dma.o(i.DMA0_IRQHandler) refers to threads.o(.data) for DMA_flags
    dma.o(i.Init_DMA) refers to dma.o(i.__NVIC_SetPriority) for __NVIC_SetPriority
    dma.o(i.Init_DMA_For_Playback) refers to dma.o(i.Init_DMA) for Init_DMA
    dma.o(i.Init_DMA_For_Playback) refers to timers.o(i.Init_TPM) for Init_TPM
    dma.o(i.Init_DMA_For_Playback) refers to timers.o(i.Start_TPM) for Start_TPM
    dma.o(i.Play_Recording) refers to dma.o(.data) for Reload_DMA_Source
    threads.o(i.Thread_Testing) refers to uart.o(i.Send_String) for Send_String
    threads.o(i.Thread_Testing) refers to dma.o(i.Play_Recording) for Play_Recording
    threads.o(i.Thread_Testing) refers to rtx_evflags.o(.text.osEventFlagsWait) for osEventFlagsWait
    threads.o(i.Thread_Testing) refers to threads.o(.constdata) for safe_female
    threads.o(i.Thread_Testing) refers to threads.o(.data) for DMA_flags
    queue.o(i.Q_Dequeue) refers to queue.o(i.Q_Empty) for Q_Empty
    queue.o(i.Q_Enqueue) refers to queue.o(i.Q_Full) for Q_Full
    uart.o(i.Init_UART0) refers to dflti.o(.text) for __aeabi_ui2d
    uart.o(i.Init_UART0) refers to ddiv.o(.text) for __aeabi_ddiv
    uart.o(i.Init_UART0) refers to dfixui.o(.text) for __aeabi_d2uiz
    uart.o(i.Init_UART0) refers to queue.o(i.Q_Init) for Q_Init
    uart.o(i.Init_UART0) refers to uart.o(i.__NVIC_SetPriority) for __NVIC_SetPriority
    uart.o(i.Init_UART0) refers to uart.o(.bss) for TxQ
    uart.o(i.Send_String) refers to queue.o(i.Q_Full) for Q_Full
    uart.o(i.Send_String) refers to queue.o(i.Q_Enqueue) for Q_Enqueue
    uart.o(i.Send_String) refers to queue.o(i.Q_Dequeue) for Q_Dequeue
    uart.o(i.Send_String) refers to uart.o(.bss) for TxQ
    uart.o(i.UART0_IRQHandler) refers to queue.o(i.Q_Full) for Q_Full
    uart.o(i.UART0_IRQHandler) refers to queue.o(i.Q_Enqueue) for Q_Enqueue
    uart.o(i.UART0_IRQHandler) refers to queue.o(i.Q_Empty) for Q_Empty
    uart.o(i.UART0_IRQHandler) refers to queue.o(i.Q_Dequeue) for Q_Dequeue
    uart.o(i.UART0_IRQHandler) refers to uart.o(.bss) for RxQ
    uart.o(i.UART0_IRQHandler) refers to uart.o(.data) for message_recieved
    timers.o(i.Init_TPM) refers to timers.o(i.__NVIC_SetPriority) for __NVIC_SetPriority
    timers.o(i.Init_TPM) refers to timers.o(i.__NVIC_ClearPendingIRQ) for __NVIC_ClearPendingIRQ
    timers.o(i.TPM0_IRQHandler) refers to timers.o(i.__NVIC_ClearPendingIRQ) for __NVIC_ClearPendingIRQ
    rtx_lib.o(i.__user_perthread_libspace) refers to rtx_lib.o(i.os_kernel_is_active) for os_kernel_is_active
    rtx_lib.o(i.__user_perthread_libspace) refers to rtx_thread.o(.text.osThreadGetId) for osThreadGetId
    rtx_lib.o(i.__user_perthread_libspace) refers to rtx_config.o(i.osRtxErrorNotify) for osRtxErrorNotify
    rtx_lib.o(i.__user_perthread_libspace) refers to rtx_lib.o(.bss.os.libspace) for os_libspace_id
    rtx_lib.o(i._mutex_acquire) refers to rtx_lib.o(i.os_kernel_is_active) for os_kernel_is_active
    rtx_lib.o(i._mutex_acquire) refers to rtx_mutex.o(.text.osMutexAcquire) for osMutexAcquire
    rtx_lib.o(i._mutex_free) refers to rtx_mutex.o(.text.osMutexDelete) for osMutexDelete
    rtx_lib.o(i._mutex_initialize) refers to rtx_mutex.o(.text.osMutexNew) for osMutexNew
    rtx_lib.o(i._mutex_initialize) refers to rtx_config.o(i.osRtxErrorNotify) for osRtxErrorNotify
    rtx_lib.o(i._mutex_release) refers to rtx_lib.o(i.os_kernel_is_active) for os_kernel_is_active
    rtx_lib.o(i._mutex_release) refers to rtx_mutex.o(.text.osMutexRelease) for osMutexRelease
    rtx_lib.o(i._platform_post_stackheap_init) refers to rtx_kernel.o(.text.osKernelInitialize) for osKernelInitialize
    rtx_lib.o(i.os_kernel_is_active) refers to rtx_kernel.o(.text.osKernelGetState) for osKernelGetState
    rtx_lib.o(i.os_kernel_is_active) refers to rtx_lib.o(.data) for os_kernel_active
    rtx_lib.o(.constdata) refers to rtx_lib.o(.bss.os.thread.cb) for os_idle_thread_cb
[...]
    RTE\\CMSIS\\RTX_Config.c                 0x00000000   Number         0  rtx_config.o ABSOLUTE
    RTE\\Device\\MKL25Z128xxx4\\system_MKL25Z4.c 0x00000000   Number         0  system_mkl25z4.o ABSOLUTE
    Source\DAC.c                             0x00000000   Number         0  dac.o ABSOLUTE
    Source\DMA.c                             0x00000000   Number         0  dma.o ABSOLUTE
    Source\UART.c                            0x00000000   Number         0  uart.o ABSOLUTE
    Source\\DAC.c                            0x00000000   Number         0  dac.o ABSOLUTE
    Source\\DMA.c                            0x00000000   Number         0  dma.o ABSOLUTE
    Source\\UART.c                           0x00000000   Number         0  uart.o ABSOLUTE
    Source\\main.c                           0x00000000   Number         0  main.o ABSOLUTE
    Source\\queue.c                          0x00000000   Number         0  queue.o ABSOLUTE
    Source\\threads.c                        0x00000000   Number         0  threads.o ABSOLUTE
    Source\\timers.c                         0x00000000   Number         0  timers.o ABSOLUTE
    Source\main.c                            0x00000000   Number         0  main.o ABSOLUTE
    Source\packets.c                         0x00000000   Number         0  packets.o ABSOLUTE
    Source\queue.c                           0x00000000   Number         0  queue.o ABSOLUTE
    Source\threads.c                         0x00000000   Number         0  threads.o ABSOLUTE
    Source\timers.c                          0x00000000   Number         0  timers.o ABSOLUTE
    dc.s                                     0x00000000   Number         0  dc.o ABSOLUTE
    os_systick.c                             0x00000000   Number         0  os_systick.o ABSOLUTE
    rtx_evflags.c                            0x00000000   Number         0  rtx_evflags.o ABSOLUTE
    rtx_kernel.c                             0x00000000   Number         0  rtx_kernel.o ABSOLUTE
    rtx_memory.c                             0x00000000   Number         0  rtx_memory.o ABSOLUTE
    rtx_mempool.c                            0x00000000   Number         0  rtx_mempool.o ABSOLUTE
    rtx_msgqueue.c                           0x00000000   Number         0  rtx_msgqueue.o ABSOLUTE
    rtx_mutex.c                              0x00000000   Number         0  rtx_mutex.o ABSOLUTE
    rtx_system.c                             0x00000000   Number         0  rtx_system.o ABSOLUTE
    rtx_thread.c                             0x00000000   Number         0  rtx_thread.o ABSOLUTE
    rtx_timer.c                              0x00000000   Number         0  rtx_timer.o ABSOLUTE
    !!!main                                  0x000000c0   Section        8  __main.o(!!!main)
    !!!scatter                               0x000000c8   Section       60  __scatter.o(!!!scatter)
    !!handler_zi                             0x00000104   Section       28  __scatter_zi.o(!!handler_zi)
    .ARM.Collect$$libinit$$00000000          0x00000120   Section        2  libinit.o(.ARM.Collect$$libinit$$00000000)
    .ARM.Collect$$libinit$$00000002          0x00000122   Section        0  libinit2.o(.ARM.Collect$$libinit$$00000002)
    .ARM.Collect$$libinit$$00000004          0x00000122   Section        0  libinit2.o(.ARM.Collect$$libinit$$00000004)
    .ARM.Collect$$libinit$$0000000A          0x00000122   Section        0  libinit2.o(.ARM.Collect$$libinit$$0000000A)
    .ARM.Collect$$libinit$$0000000C          0x00000122   Section        0  libinit2.o(.ARM.Collect$$libinit$$0000000C)
    .ARM.Collect$$libinit$$0000000E          0x00000122   Section        0  libinit2.o(.ARM.Collect$$libinit$$0000000E)
    .ARM.Collect$$libinit$$00000011          0x00000122   Section        0  libinit2.o(.ARM.Collect$$libinit$$00000011)
    .ARM.Collect$$libinit$$00000013          0x00000122   Section        0  libinit2.o(.ARM.Collect$$libinit$$00000013)
    .ARM.Collect$$libinit$$00000015          0x00000122   Section        0  libinit2.o(.ARM.Collect$$libinit$$00000015)
    .ARM.Collect$$libinit$$00000017          0x00000122   Section        0  libinit2.o(.ARM.Collect$$libinit$$00000017)
    .ARM.Collect$$libinit$$00000019          0x00000122   Section        0  libinit2.o(.ARM.Collect$$libinit$$00000019)
    .ARM.Collect$$libinit$$0000001B          0x00000122   Section        0  libinit2.o(.ARM.Collect$$libinit$$0000001B)
    .ARM.Collect$$libinit$$0000001D          0x00000122   Section        0  libinit2.o(.ARM.Collect$$libinit$$0000001D)
    .ARM.Collect$$libinit$$0000001F          0x00000122   Section        0  libinit2.o(.ARM.Collect$$libinit$$0000001F)
    .ARM.Collect$$libinit$$00000021          0x00000122   Section        0  libinit2.o(.ARM.Collect$$libinit$$00000021)
    .ARM.Collect$$libinit$$00000023          0x00000122   Section        0  libinit2.o(.ARM.Collect$$libinit$$00000023)
    .ARM.Collect$$libinit$$00000025          0x00000122   Section        0  libinit2.o(.ARM.Collect$$libinit$$00000025)
    .ARM.Collect$$libinit$$0000002C          0x00000122   Section        0  libinit2.o(.ARM.Collect$$libinit$$0000002C)
    .ARM.Collect$$libinit$$0000002E          0x00000122   Section        0  libinit2.o(.ARM.Collect$$libinit$$0000002E)
    .ARM.Collect$$libinit$$00000030          0x00000122   Section        0  libinit2.o(.ARM.Collect$$libinit$$00000030)
    .ARM.Collect$$libinit$$00000032          0x00000122   Section        0  libinit2.o(.ARM.Collect$$libinit$$00000032)
    .ARM.Collect$$libinit$$00000033          0x00000122   Section        2  libinit2.o(.ARM.Collect$$libinit$$00000033)
    .ARM.Collect$$libshutdown$$00000000      0x00000124   Section        2  libshutdown.o(.ARM.Collect$$libshutdown$$00000000)
    .ARM.Collect$$libshutdown$$00000002      0x00000126   Section        0  libshutdown2.o(.ARM.Collect$$libshutdown$$00000002)
    .ARM.Collect$$libshutdown$$00000004      0x00000126   Section        0  libshutdown2.o(.ARM.Collect$$libshutdown$$00000004)
    .ARM.Collect$$libshutdown$$00000007      0x00000126   Section        0  libshutdown2.o(.ARM.Collect$$libshutdown$$00000007)
    .ARM.Collect$$libshutdown$$0000000A      0x00000126   Section        0  libshutdown2.o(.ARM.Collect$$libshutdown$$0000000A)
    .ARM.Collect$$libshutdown$$0000000C      0x00000126   Section        0  libshutdown2.o(.ARM.Collect$$libshutdown$$0000000C)
    .ARM.Collect$$libshutdown$$0000000F      0x00000126   Section        0  libshutdown2.o(.ARM.Collect$$libshutdown$$0000000F)
    .ARM.Collect$$libshutdown$$00000010      0x00000126   Section        2  libshutdown2.o(.ARM.Collect$$libshutdown$$00000010)
    .ARM.Collect$$rtentry$$00000000          0x00000128   Section        0  __rtentry.o(.ARM.Collect$$rtentry$$00000000)
    .ARM.Collect$$rtentry$$00000002          0x00000128   Section        0  __rtentry2.o(.ARM.Collect$$rtentry$$00000002)
    .ARM.Collect$$rtentry$$00000004          0x00000128   Section        6  __rtentry4.o(.ARM.Collect$$rtentry$$00000004)
    .ARM.Collect$$rtentry$$00000008          0x0000012e   Section        8  __rtentry2.o(.ARM.Collect$$rtentry$$00000008)
    .ARM.Collect$$rtentry$$0000000A          0x00000136   Section        4  __rtentry2.o(.ARM.Collect$$rtentry$$0000000A)
    .ARM.Collect$$rtentry$$0000000C          0x0000013a   Section        0  __rtentry2.o(.ARM.Collect$$rtentry$$0000000C)
    .ARM.Collect$$rtentry$$0000000D          0x0000013a   Section        8  __rtentry2.o(.ARM.Collect$$rtentry$$0000000D)
    .ARM.Collect$$rtexit$$00000000           0x00000142   Section        2  rtexit.o(.ARM.Collect$$rtexit$$00000000)
    .ARM.Collect$$rtexit$$00000002           0x00000144   Section        0  rtexit2.o(.ARM.Collect$$rtexit$$00000002)
    .ARM.Collect$$rtexit$$00000003           0x00000144   Section        4  rtexit2.o(.ARM.Collect$$rtexit$$00000003)
    .ARM.Collect$$rtexit$$00000004           0x00000148   Section        6  rtexit2.o(.ARM.Collect$$rtexit$$00000004)
    .emb_text                                0x00000150   Section       56  rt_memcpy.o(.emb_text)
    .text                                    0x00000188   Section       64  startup_mkl25z4.o(.text)
    .text                                    0x000001c8   Section      164  irq_cm0.o(.text)
    .text                                    0x0000026c   Section        0  rt_memcpy.o(.text)
    .text                                    0x000002ee   Section        0  rt_memclr.o(.text)
    .text                                    0x0000032e   Section        0  heapauxi.o(.text)
    .text                                    0x00000334   Section        0  dfixui.o(.text)
    .text                                    0x0000037c   Section        0  dflti.o(.text)
    .text                                    0x000003d4   Section        0  exit.o(.text)
    .text                                    0x000003e4   Section        8  libspace.o(.text)
    .text                                    0x000003ec   Section        0  sys_exit.o(.text)
    .text                                    0x000003f8   Section        2  use_no_semi.o(.text)
    [Anonymous Symbol]                       0x000003fa   Section        0  os_systick.o(.text.OS_Tick_GetIRQn)
    .text                                    0x000003fa   Section        0  indicate_semi.o(.text)
    .ARM.__at_0x400                          0x00000400   Section       16  startup_mkl25z4.o(.ARM.__at_0x400)
    .text                                    0x00000410   Section      346  aeabi_sdiv.o(.text)
    .text                                    0x0000056c   Section        0  ddiv.o(.text)
    .text                                    0x000009b4   Section       62  sys_stackheap_outer.o(.text)
    .text                                    0x000009f2   Section        0  __dczerorl2.o(.text)
    [Anonymous Symbol]                       0x00000a48   Section        0  rtx_evflags.o(.text.EventFlagsCheck)
    EventFlagsCheck                          0x00000a49   Thumb Code    82  rtx_evflags.o(.text.EventFlagsCheck)
    [Anonymous Symbol]                       0x00000a9a   Section        0  rtx_msgqueue.o(.text.MessageQueueGet)
    MessageQueueGet                          0x00000a9b   Thumb Code    76  rtx_msgqueue.o(.text.MessageQueueGet)
    [Anonymous Symbol]                       0x00000ae6   Section        0  rtx_msgqueue.o(.text.MessageQueuePut)
    MessageQueuePut                          0x00000ae7   Thumb Code    96  rtx_msgqueue.o(.text.MessageQueuePut)
    [Anonymous Symbol]                       0x00000b46   Section        0  rtx_msgqueue.o(.text.MessageQueueRemove)
    MessageQueueRemove                       0x00000b47   Thumb Code    40  rtx_msgqueue.o(.text.MessageQueueRemove)
    [Anonymous Symbol]                       0x00000b70   Section        0  os_systick.o(.text.OS_Tick_AcknowledgeIRQ)
    __arm_cp.3_0                             0x00000b78   Number         4  os_systick.o(.text.OS_Tick_AcknowledgeIRQ)
    [Anonymous Symbol]                       0x00000b7c   Section        0  os_systick.o(.text.OS_Tick_Enable)
    __arm_cp.1_0                             0x00000b9c   Number         4  os_systick.o(.text.OS_Tick_Enable)
    __arm_cp.1_1                             0x00000ba0   Number         4  os_systick.o(.text.OS_Tick_Enable)
    __arm_cp.1_2                             0x00000ba4   Number         4  os_systick.o(.text.OS_Tick_Enable)
    [Anonymous Symbol]                       0x00000ba8   Section        0  os_systick.o(.text.OS_Tick_Setup)
    __arm_cp.0_0                             0x00000be4   Number         4  os_systick.o(.text.OS_Tick_Setup)
    __arm_cp.0_1                             0x00000be8   Number         4  os_systick.o(.text.OS_Tick_Setup)
    __arm_cp.0_2                             0x00000bec   Number         4  os_systick.o(.text.OS_Tick_Setup)
    __arm_cp.0_3                             0x00000bf0   Number         4  os_systick.o(.text.OS_Tick_Setup)
    [Anonymous Symbol]                       0x00000bf4   Section        0  rtx_thread.o(.text.ThreadFlagsCheck)
    ThreadFlagsCheck                         0x00000bf5   Thumb Code    82  rtx_thread.o(.text.ThreadFlagsCheck)
    [Anonymous Symbol]                       0x00000c48   Section        0  rtx_timer.o(.text.TimerInsert)
    TimerInsert                              0x00000c49   Thumb Code    76  rtx_timer.o(.text.TimerInsert)
    __arm_cp.8_0                             0x00000c90   Number         4  rtx_timer.o(.text.TimerInsert)
    [Anonymous Symbol]                       0x00000c94   Section        0  rtx_evflags.o(.text.osEventFlagsNew)
    __arm_cp.0_0                             0x00000cb4   Number         4  rtx_evflags.o(.text.osEventFlagsNew)
    [Anonymous Symbol]                       0x00000cb8   Section        0  rtx_evflags.o(.text.osEventFlagsSet)
    __arm_cp.2_0                             0x00000d0c   Number         4  rtx_evflags.o(.text.osEventFlagsSet)
    [Anonymous Symbol]                       0x00000d10   Section        0  rtx_evflags.o(.text.osEventFlagsWait)
    __arm_cp.7_0                             0x00000d5c   Number         4  rtx_evflags.o(.text.osEventFlagsWait)
    [Anonymous Symbol]                       0x00000d60   Section        0  rtx_kernel.o(.text.osKernelGetState)
    __arm_cp.3_0                             0x00000d88   Number         4  rtx_kernel.o(.text.osKernelGetState)
    __arm_cp.3_1                             0x00000d8c   Number         4  rtx_kernel.o(.text.osKernelGetState)
    [Anonymous Symbol]                       0x00000d90   Section        0  rtx_kernel.o(.text.osKernelInitialize)
    __arm_cp.0_0                             0x00000db0   Number         4  rtx_kernel.o(.text.osKernelInitialize)
    [Anonymous Symbol]                       0x00000db4   Section        0  rtx_kernel.o(.text.osKernelStart)
    __arm_cp.5_0                             0x00000dd4   Number         4  rtx_kernel.o(.text.osKernelStart)
    [Anonymous Symbol]                       0x00000dd8   Section        0  rtx_msgqueue.o(.text.osMessageQueueGet)
    __arm_cp.3_0                             0x00000e4c   Number         4  rtx_msgqueue.o(.text.osMessageQueueGet)
    [Anonymous Symbol]                       0x00000e50   Section        0  rtx_msgqueue.o(.text.osMessageQueueNew)
    __arm_cp.0_0                             0x00000e70   Number         4  rtx_msgqueue.o(.text.osMessageQueueNew)
    [Anonymous Symbol]                       0x00000e74   Section        0  rtx_msgqueue.o(.text.osMessageQueuePut)
    __arm_cp.2_0                             0x00000ef0   Number         4  rtx_msgqueue.o(.text.osMessageQueuePut)
    [Anonymous Symbol]                       0x00000ef4   Section        0  rtx_mutex.o(.text.osMutexAcquire)
    __arm_cp.3_0                             0x00000f18   Number         4  rtx_mutex.o(.text.osMutexAcquire)
    [Anonymous Symbol]                       0x00000f1c   Section        0  rtx_mutex.o(.text.osMutexDelete)
    __arm_cp.6_0                             0x00000f40   Number         4  rtx_mutex.o(.text.osMutexDelete)
    [Anonymous Symbol]                       0x00000f44   Section        0  rtx_mutex.o(.text.osMutexNew)
    __arm_cp.1_0                             0x00000f64   Number         4  rtx_mutex.o(.text.osMutexNew)
    [Anonymous Symbol]                       0x00000f68   Section        0  rtx_mutex.o(.text.osMutexRelease)
    __arm_cp.4_0                             0x00000f8c   Number         4  rtx_mutex.o(.text.osMutexRelease)
    [Anonymous Symbol]                       0x00000f90   Section        0  rtx_evflags.o(.text.osRtxEventFlagsPostProcess)
    osRtxEventFlagsPostProcess               0x00000f91   Thumb Code    58  rtx_evflags.o(.text.osRtxEventFlagsPostProcess)
    [Anonymous Symbol]                       0x00000fca   Section        0  rtx_memory.o(.text.osRtxMemoryAlloc)
    [Anonymous Symbol]                       0x00001046   Section        0  rtx_memory.o(.text.osRtxMemoryFree)
    [Anonymous Symbol]                       0x00001094   Section        0  rtx_memory.o(.text.osRtxMemoryInit)
    [Anonymous Symbol]                       0x000010ce   Section        0  rtx_mempool.o(.text.osRtxMemoryPoolAlloc)
    [Anonymous Symbol]                       0x00001106   Section        0  rtx_mempool.o(.text.osRtxMemoryPoolFree)
    [Anonymous Symbol]                       0x00001146   Section        0  rtx_mempool.o(.text.osRtxMemoryPoolInit)
    [Anonymous Symbol]                       0x0000118a   Section        0  rtx_msgqueue.o(.text.osRtxMessageQueuePostProcess)
    osRtxMessageQueuePostProcess             0x0000118b   Thumb Code   222  rtx_msgqueue.o(.text.osRtxMessageQueuePostProcess)
    [Anonymous Symbol]                       0x00001268   Section        0  rtx_mutex.o(.text.osRtxMutexOwnerRelease)
    [Anonymous Symbol]                       0x000012a8   Section        0  rtx_system.o(.text.osRtxPendSV_Handler)
    __arm_cp.1_0                             0x0000132c   Number         4  rtx_system.o(.text.osRtxPendSV_Handler)
    [Anonymous Symbol]                       0x00001330   Section        0  rtx_system.o(.text.osRtxPostProcess)
    __arm_cp.2_0                             0x00001394   Number         4  rtx_system.o(.text.osRtxPostProcess)
    __arm_cp.2_1                             0x00001398   Number         4  rtx_system.o(.text.osRtxPostProcess)
    [Anonymous Symbol]                       0x0000139c   Section        0  rtx_thread.o(.text.osRtxThreadBlock)
    osRtxThreadBlock                         0x0000139d   Thumb Code    60  rtx_thread.o(.text.osRtxThreadBlock)
    __arm_cp.10_0                            0x000013d4   Number         4  rtx_thread.o(.text.osRtxThreadBlock)
    [Anonymous Symbol]                       0x000013d8   Section        0  rtx_thread.o(.text.osRtxThreadDelayInsert)
    osRtxThreadDelayInsert                   0x000013d9   Thumb Code   140  rtx_thread.o(.text.osRtxThreadDelayInsert)
    __arm_cp.14_0                            0x00001460   Number         4  rtx_thread.o(.text.osRtxThreadDelayInsert)
    [Anonymous Symbol]                       0x00001464   Section        0  rtx_thread.o(.text.osRtxThreadDelayRemove)
    osRtxThreadDelayRemove                   0x00001465   Thumb Code    96  rtx_thread.o(.text.osRtxThreadDelayRemove)
    __arm_cp.12_0                            0x000014c0   Number         4  rtx_thread.o(.text.osRtxThreadDelayRemove)
    [Anonymous Symbol]                       0x000014c4   Section        0  rtx_thread.o(.text.osRtxThreadDelayTick)
    __arm_cp.5_0                             0x000014fc   Number         4  rtx_thread.o(.text.osRtxThreadDelayTick)
    [Anonymous Symbol]                       0x00001500   Section        0  rtx_thread.o(.text.osRtxThreadDispatch)
    __arm_cp.9_0                             0x00001554   Number         4  rtx_thread.o(.text.osRtxThreadDispatch)
    [Anonymous Symbol]                       0x00001558   Section        0  rtx_thread.o(.text.osRtxThreadFree)
    osRtxThreadFree                          0x00001559   Thumb Code    84  rtx_thread.o(.text.osRtxThreadFree)
    __arm_cp.52_0                            0x000015a8   Number         4  rtx_thread.o(.text.osRtxThreadFree)
    [Anonymous Symbol]                       0x000015ac   Section        0  rtx_thread.o(.text.osRtxThreadListGet)
    [Anonymous Symbol]                       0x000015c4   Section        0  rtx_thread.o(.text.osRtxThreadListPut)
    [Anonymous Symbol]                       0x000015fe   Section        0  rtx_thread.o(.text.osRtxThreadListRemove)
    [Anonymous Symbol]                       0x00001616   Section        0  rtx_thread.o(.text.osRtxThreadListSort)
    [Anonymous Symbol]                       0x0000163c   Section        0  rtx_thread.o(.text.osRtxThreadPostProcess)
    osRtxThreadPostProcess                   0x0000163d   Thumb Code    38  rtx_thread.o(.text.osRtxThreadPostProcess)
    [Anonymous Symbol]                       0x00001664   Section        0  rtx_thread.o(.text.osRtxThreadReadyPut)
    __arm_cp.4_0                             0x00001678   Number         4  rtx_thread.o(.text.osRtxThreadReadyPut)
    [Anonymous Symbol]                       0x0000167c   Section        0  rtx_thread.o(.text.osRtxThreadRegPtr)
    [Anonymous Symbol]                       0x00001684   Section        0  rtx_thread.o(.text.osRtxThreadStackCheck)
    __arm_cp.8_0                             0x000016a8   Number         4  rtx_thread.o(.text.osRtxThreadStackCheck)
    __arm_cp.8_1                             0x000016ac   Number         4  rtx_thread.o(.text.osRtxThreadStackCheck)
    [Anonymous Symbol]                       0x000016b0   Section        0  rtx_thread.o(.text.osRtxThreadStartup)
    __arm_cp.15_0                            0x000016fc   Number         4  rtx_thread.o(.text.osRtxThreadStartup)
    __arm_cp.15_1                            0x00001700   Number         4  rtx_thread.o(.text.osRtxThreadStartup)
    __arm_cp.15_2                            0x00001704   Number         4  rtx_thread.o(.text.osRtxThreadStartup)
    __arm_cp.15_3                            0x00001708   Number         4  rtx_thread.o(.text.osRtxThreadStartup)
    [Anonymous Symbol]                       0x0000170c   Section        0  rtx_thread.o(.text.osRtxThreadSwitch)
    __arm_cp.7_0                             0x0000171c   Number         4  rtx_thread.o(.text.osRtxThreadSwitch)
    [Anonymous Symbol]                       0x00001720   Section        0  rtx_thread.o(.text.osRtxThreadWaitEnter)
    __arm_cp.13_0                            0x00001754   Number         4  rtx_thread.o(.text.osRtxThreadWaitEnter)
    [Anonymous Symbol]                       0x00001758   Section        0  rtx_thread.o(.text.osRtxThreadWaitExit)
    [Anonymous Symbol]                       0x0000177c   Section        0  rtx_system.o(.text.osRtxTick_Handler)
    __arm_cp.0_0                             0x000017ec   Number         4  rtx_system.o(.text.osRtxTick_Handler)
    [Anonymous Symbol]                       0x000017f0   Section        0  rtx_timer.o(.text.osRtxTimerThread)
    __arm_cp.0_0                             0x00001824   Number         4  rtx_timer.o(.text.osRtxTimerThread)
    __arm_cp.0_1                             0x00001828   Number         4  rtx_timer.o(.text.osRtxTimerThread)
    __arm_cp.0_2                             0x0000182c   Number         4  rtx_timer.o(.text.osRtxTimerThread)
    [Anonymous Symbol]                       0x00001830   Section        0  rtx_timer.o(.text.osRtxTimerTick)
    osRtxTimerTick                           0x00001831   Thumb Code    96  rtx_timer.o(.text.osRtxTimerTick)
    __arm_cp.1_0                             0x0000188c   Number         4  rtx_timer.o(.text.osRtxTimerTick)
    [Anonymous Symbol]                       0x00001890   Section        0  rtx_thread.o(.text.osThreadExit)
    __arm_cp.30_0                            0x00001898   Number         4  rtx_thread.o(.text.osThreadExit)
    [Anonymous Symbol]                       0x0000189c   Section        0  rtx_thread.o(.text.osThreadNew)
    __arm_cp.17_0                            0x000018bc   Number         4  rtx_thread.o(.text.osThreadNew)
    [Anonymous Symbol]                       0x000018c0   Section        0  rtx_evflags.o(.text.svcRtxEventFlagsNew)
    svcRtxEventFlagsNew                      0x000018c1   Thumb Code   116  rtx_evflags.o(.text.svcRtxEventFlagsNew)
    __arm_cp.9_0                             0x0000192c   Number         4  rtx_evflags.o(.text.svcRtxEventFlagsNew)
    __arm_cp.9_1                             0x00001930   Number         4  rtx_evflags.o(.text.svcRtxEventFlagsNew)
    [Anonymous Symbol]                       0x00001934   Section        0  rtx_evflags.o(.text.svcRtxEventFlagsSet)
    svcRtxEventFlagsSet                      0x00001935   Thumb Code   144  rtx_evflags.o(.text.svcRtxEventFlagsSet)
    [Anonymous Symbol]                       0x000019c4   Section        0  rtx_evflags.o(.text.svcRtxEventFlagsWait)
    svcRtxEventFlagsWait                     0x000019c5   Thumb Code   120  rtx_evflags.o(.text.svcRtxEventFlagsWait)
    __arm_cp.14_0                            0x00001a38   Number         4  rtx_evflags.o(.text.svcRtxEventFlagsWait)
    [Anonymous Symbol]                       0x00001a3c   Section        0  rtx_kernel.o(.text.svcRtxKernelGetState)
    svcRtxKernelGetState                     0x00001a3d   Thumb Code    12  rtx_kernel.o(.text.svcRtxKernelGetState)
    __arm_cp.4_0                             0x00001a44   Number         4  rtx_kernel.o(.text.svcRtxKernelGetState)
    [Anonymous Symbol]                       0x00001a48   Section        0  rtx_kernel.o(.text.svcRtxKernelInitialize)
    svcRtxKernelInitialize                   0x00001a49   Thumb Code   380  rtx_kernel.o(.text.svcRtxKernelInitialize)
    __arm_cp.19_0                            0x00001bb8   Number         4  rtx_kernel.o(.text.svcRtxKernelInitialize)
    __arm_cp.19_1                            0x00001bbc   Number         4  rtx_kernel.o(.text.svcRtxKernelInitialize)
    __arm_cp.19_2                            0x00001bc0   Number         4  rtx_kernel.o(.text.svcRtxKernelInitialize)
    [Anonymous Symbol]                       0x00001bc4   Section        0  rtx_kernel.o(.text.svcRtxKernelStart)
    svcRtxKernelStart                        0x00001bc5   Thumb Code   136  rtx_kernel.o(.text.svcRtxKernelStart)
    __arm_cp.20_0                            0x00001c3c   Number         4  rtx_kernel.o(.text.svcRtxKernelStart)
    __arm_cp.20_1                            0x00001c40   Number         4  rtx_kernel.o(.text.svcRtxKernelStart)
    __arm_cp.20_2                            0x00001c44   Number         4  rtx_kernel.o(.text.svcRtxKernelStart)
    __arm_cp.20_3                            0x00001c48   Number         4  rtx_kernel.o(.text.svcRtxKernelStart)
    [Anonymous Symbol]                       0x00001c4c   Section        0  rtx_msgqueue.o(.text.svcRtxMessageQueueGet)
    svcRtxMessageQueueGet                    0x00001c4d   Thumb Code   240  rtx_msgqueue.o(.text.svcRtxMessageQueueGet)
    __arm_cp.21_0                            0x00001d38   Number         4  rtx_msgqueue.o(.text.svcRtxMessageQueueGet)
    [Anonymous Symbol]                       0x00001d3c   Section        0  rtx_msgqueue.o(.text.svcRtxMessageQueueNew)
    svcRtxMessageQueueNew                    0x00001d3d   Thumb Code   468  rtx_msgqueue.o(.text.svcRtxMessageQueueNew)
    __arm_cp.14_0                            0x00001ef8   Number         4  rtx_msgqueue.o(.text.svcRtxMessageQueueNew)
    __arm_cp.14_1                            0x00001efc   Number         4  rtx_msgqueue.o(.text.svcRtxMessageQueueNew)
    __arm_cp.14_2                            0x00001f00   Number         4  rtx_msgqueue.o(.text.svcRtxMessageQueueNew)
    __arm_cp.14_3                            0x00001f04   Number         4  rtx_msgqueue.o(.text.svcRtxMessageQueueNew)
    __arm_cp.14_4                            0x00001f08   Number         4  rtx_msgqueue.o(.text.svcRtxMessageQueueNew)
    __arm_cp.14_5                            0x00001f0c   Number         4  rtx_msgqueue.o(.text.svcRtxMessageQueueNew)
    [Anonymous Symbol]                       0x00001f10   Section        0  rtx_msgqueue.o(.text.svcRtxMessageQueuePut)
    svcRtxMessageQueuePut                    0x00001f11   Thumb Code   208  rtx_msgqueue.o(.text.svcRtxMessageQueuePut)
    __arm_cp.19_0                            0x00001fdc   Number         4  rtx_msgqueue.o(.text.svcRtxMessageQueuePut)
    [Anonymous Symbol]                       0x00001fe0   Section        0  rtx_mutex.o(.text.svcRtxMutexAcquire)
    svcRtxMutexAcquire                       0x00001fe1   Thumb Code   160  rtx_mutex.o(.text.svcRtxMutexAcquire)
    __arm_cp.9_0                             0x0000207c   Number         4  rtx_mutex.o(.text.svcRtxMutexAcquire)
    [Anonymous Symbol]                       0x00002080   Section        0  rtx_mutex.o(.text.svcRtxMutexDelete)
    svcRtxMutexDelete                        0x00002081   Thumb Code   208  rtx_mutex.o(.text.svcRtxMutexDelete)
    __arm_cp.12_0                            0x0000214c   Number         4  rtx_mutex.o(.text.svcRtxMutexDelete)
    [Anonymous Symbol]                       0x00002150   Section        0  rtx_mutex.o(.text.svcRtxMutexNew)
    svcRtxMutexNew                           0x00002151   Thumb Code   120  rtx_mutex.o(.text.svcRtxMutexNew)
    __arm_cp.7_0                             0x000021c4   Number         4  rtx_mutex.o(.text.svcRtxMutexNew)
    [Anonymous Symbol]                       0x000021c8   Section        0  rtx_mutex.o(.text.svcRtxMutexRelease)
    svcRtxMutexRelease                       0x000021c9   Thumb Code   192  rtx_mutex.o(.text.svcRtxMutexRelease)
    __arm_cp.10_0                            0x00002284   Number         4  rtx_mutex.o(.text.svcRtxMutexRelease)
    [Anonymous Symbol]                       0x00002288   Section        0  rtx_thread.o(.text.svcRtxThreadExit)
    svcRtxThreadExit                         0x00002289   Thumb Code   108  rtx_thread.o(.text.svcRtxThreadExit)
    __arm_cp.54_0                            0x000022f0   Number         4  rtx_thread.o(.text.svcRtxThreadExit)
    [Anonymous Symbol]                       0x000022f4   Section        0  rtx_thread.o(.text.svcRtxThreadNew)
    svcRtxThreadNew                          0x000022f5   Thumb Code   512  rtx_thread.o(.text.svcRtxThreadNew)
    __arm_cp.16_0                            0x000024dc   Number         4  rtx_thread.o(.text.svcRtxThreadNew)
    __arm_cp.16_1                            0x000024e0   Number         4  rtx_thread.o(.text.svcRtxThreadNew)
    __arm_cp.16_2                            0x000024e4   Number         4  rtx_thread.o(.text.svcRtxThreadNew)
    __arm_cp.16_3                            0x000024e8   Number         4  rtx_thread.o(.text.svcRtxThreadNew)
    __arm_cp.16_4                            0x000024ec   Number         4  rtx_thread.o(.text.svcRtxThreadNew)
    __arm_cp.16_5                            0x000024f0   Number         4  rtx_thread.o(.text.svcRtxThreadNew)
    i.DMA0_IRQHandler                        0x000024f4   Section        0  dma.o(i.DMA0_IRQHandler)
    i.Init_DAC                               0x00002528   Section        0  dac.o(i.Init_DAC)
    i.Init_DMA                               0x00002578   Section        0  dma.o(i.Init_DMA)
    i.Init_DMA_For_Playback                  0x000025f4   Section        0  dma.o(i.Init_DMA_For_Playback)
    i.Init_TPM                               0x00002608   Section        0  timers.o(i.Init_TPM)
    i.Init_UART0                             0x0000267c   Section        0  uart.o(i.Init_UART0)
    i.Play_Recording                         0x000027bc   Section        0  dma.o(i.Play_Recording)
    i.Q_Dequeue                              0x0000280c   Section        0  queue.o(i.Q_Dequeue)
    i.Q_Empty                                0x00002858   Section        0  queue.o(i.Q_Empty)
    i.Q_Enqueue                              0x00002868   Section        0  queue.o(i.Q_Enqueue)
    i.Q_Full                                 0x000028ac   Section        0  queue.o(i.Q_Full)
    i.Q_Init                                 0x000028c0   Section        0  queue.o(i.Q_Init)
    i.Send_String                            0x000028dc   Section        0  uart.o(i.Send_String)
    i.Start_TPM                              0x0000292c   Section        0  timers.o(i.Start_TPM)
    i.SystemCoreClockUpdate                  0x00002940   Section        0  system_mkl25z4.o(i.SystemCoreClockUpdate)
    i.SystemInit                             0x00002ad0   Section        0  system_mkl25z4.o(i.SystemInit)
    i.TPM0_IRQHandler                        0x00002c08   Section        0  timers.o(i.TPM0_IRQHandler)
    i.Thread_Testing                         0x00002c24   Section        0  threads.o(i.Thread_Testing)
    i.UART0_IRQHandler                       0x00002c5c   Section        0  uart.o(i.UART0_IRQHandler)
    i.__ARM_common_switch8                   0x00002cf0   Section        0  rtx_config.o(i.__ARM_common_switch8)
    i.__NVIC_ClearPendingIRQ                 0x00002d0c   Section        0  timers.o(i.__NVIC_ClearPendingIRQ)
    __NVIC_ClearPendingIRQ                   0x00002d0d   Thumb Code    18  timers.o(i.__NVIC_ClearPendingIRQ)
    i.__NVIC_SetPriority                     0x00002d24   Section        0  dma.o(i.__NVIC_SetPriority)
    __NVIC_SetPriority                       0x00002d25   Thumb Code   110  dma.o(i.__NVIC_SetPriority)
    i.__NVIC_SetPriority                     0x00002d9c   Section        0  uart.o(i.__NVIC_SetPriority)
    __NVIC_SetPriority                       0x00002d9d   Thumb Code   110  uart.o(i.__NVIC_SetPriority)
    i.__NVIC_SetPriority                     0x00002e14   Section        0  timers.o(i.__NVIC_SetPriority)
    __NVIC_SetPriority                       0x00002e15   Thumb Code   110  timers.o(i.__NVIC_SetPriority)
    i._mutex_acquire                         0x00002e8c   Section        0  rtx_lib.o(i._mutex_acquire)
    __tagsym$$used                           0x00002e8d   Number         0  rtx_lib.o(i._mutex_acquire)
    i._mutex_free                            0x00002ea4   Section        0  rtx_lib.o(i._mutex_free)
    __tagsym$$used                           0x00002ea5   Number         0  rtx_lib.o(i._mutex_free)
    i._mutex_initialize                      0x00002eb0   Section        0  rtx_lib.o(i._mutex_initialize)
    __tagsym$$used                           0x00002eb1   Number         0  rtx_lib.o(i._mutex_initialize)
    i._mutex_release                         0x00002ed4   Section        0  rtx_lib.o(i._mutex_release)
    __tagsym$$used                           0x00002ed5   Number         0  rtx_lib.o(i._mutex_release)
    i._platform_post_stackheap_init          0x00002ee8   Section        0  rtx_lib.o(i._platform_post_stackheap_init)
    i.main                                   0x00002ef0   Section        0  main.o(i.main)
    i.osRtxErrorNotify                       0x00002f34   Section        0  rtx_config.o(i.osRtxErrorNotify)
    i.osRtxIdleThread                        0x00002f54   Section        0  rtx_config.o(i.osRtxIdleThread)
    i.os_kernel_is_active                    0x00002f58   Section        0  rtx_lib.o(i.os_kernel_is_active)
    os_kernel_is_active                      0x00002f59   Thumb Code    30  rtx_lib.o(i.os_kernel_is_active)
    .constdata                               0x00002f7c   Section     4376  threads.o(.constdata)
    x$fpl$usenofp                            0x00002f7c   Section        0  usenofp.o(x$fpl$usenofp)
    .constdata                               0x00004094   Section      100  rtx_lib.o(.constdata)
    os_idle_thread_attr                      0x00004094   Data          36  rtx_lib.o(.constdata)
    os_timer_thread_attr                     0x000040b8   Data          36  rtx_lib.o(.constdata)
    os_timer_mq_attr                         0x000040dc   Data          24  rtx_lib.o(.constdata)
    .constdata                               0x000040f8   Section        1  irq_cm0.o(.constdata)
    .constdata                               0x000040f9   Section      128  ddiv.o(.constdata)
    ddiv_reciptbl                            0x000040f9   Data         128  ddiv.o(.constdata)
    .rodata                                  0x0000417c   Section      104  rtx_lib.o(.rodata)
    __tagsym$$used                           0x0000417c   Number         0  rtx_lib.o(.rodata)
    [Anonymous Symbol]                       0x000041e4   Section        0  rtx_kernel.o(.rodata.str1.4)
    .L.str                                   0x000041e4   Data          11  rtx_kernel.o(.rodata.str1.4)
    .bss.os                                  0x1ffff000   Section     4160  rtx_lib.o(.bss.os)
    os_mem                                   0x1ffff000   Data        4096  rtx_lib.o(.bss.os)
    os_isr_queue                             0x20000000   Data          64  rtx_lib.o(.bss.os)
    .bss.os.msgqueue.cb                      0x20000040   Section       52  rtx_lib.o(.bss.os.msgqueue.cb)
    os_timer_mq_cb                           0x20000040   Data          52  rtx_lib.o(.bss.os.msgqueue.cb)
    .bss.os.msgqueue.mem                     0x20000074   Section       80  rtx_lib.o(.bss.os.msgqueue.mem)
    os_timer_mq_data                         0x20000074   Data          80  rtx_lib.o(.bss.os.msgqueue.mem)
    .bss.os.thread.cb                        0x200000c4   Section      136  rtx_lib.o(.bss.os.thread.cb)
    os_idle_thread_cb                        0x200000c4   Data          68  rtx_lib.o(.bss.os.thread.cb)
    os_timer_thread_cb                       0x20000108   Data          68  rtx_lib.o(.bss.os.thread.cb)
    .bss.os.thread.stack                     0x20000150   Section      512  rtx_lib.o(.bss.os.thread.stack)
    os_idle_thread_stack                     0x20000150   Data         256  rtx_lib.o(.bss.os.thread.stack)
    os_timer_thread_stack                    0x20000250   Data         256  rtx_lib.o(.bss.os.thread.stack)
    .data                                    0x20000350   Section        8  dma.o(.data)
    Reload_DMA_Source                        0x20000350   Data           4  dma.o(.data)
    Reload_DMA_Byte_Count                    0x20000354   Data           4  dma.o(.data)
    .data                                    0x20000358   Section     4808  threads.o(.data)
    .data                                    0x20001620   Section       12  uart.o(.data)
    .data                                    0x2000162c   Section        5  rtx_lib.o(.data)
    os_kernel_active                         0x20001630   Data           1  rtx_lib.o(.data)
    .data                                    0x20001634   Section        4  system_mkl25z4.o(.data)
    .bss                                     0x200016dc   Section      536  uart.o(.bss)
    .bss                                     0x200018f4   Section       96  libspace.o(.bss)
    [Anonymous Symbol]                       0x20001954   Section        0  os_systick.o(.bss.PendST)
    PendST                                   0x20001954   Data           1  os_systick.o(.bss.PendST)
    HEAP                                     0x20001958   Section        0  startup_mkl25z4.o(HEAP)
    STACK                                    0x20001958   Section      256  startup_mkl25z4.o(STACK)
    Heap_Mem                                 0x20001958   Data           0  startup_mkl25z4.o(HEAP)
    Stack_Mem                                0x20001958   Data         256  startup_mkl25z4.o(STACK)
    __initial_sp                             0x20001a58   Data           0  startup_mkl25z4.o(STACK)

    Global Symbols

    Symbol Name                              Value     Ov Type        Size  Object(Section)

    BuildAttributes$$THM_ISAv3M$S$PE$A:L22$X:L11$S22$IEEE1$IW$~IW$USESV6$~STKCKD$USESV7$~SHL$OSPACE$ROPI$EBA8$UX$STANDARDLIB$REQ8$PRES8$EABIv2 0x00000000   Number         0  anon$$obj.o ABSOLUTE
    __ARM_use_no_argv                        0x00000000   Number         0  main.o ABSOLUTE
    __Vectors                                0x00000000   Data           4  startup_mkl25z4.o(RESET)
    .bss.os.evflags.cb$$Base                  - Undefined Weak Reference
    .bss.os.evflags.cb$$Limit                 - Undefined Weak Reference
    .bss.os.mempool.cb$$Base                  - Undefined Weak Reference
    .bss.os.mempool.cb$$Limit                 - Undefined Weak Reference
    .bss.os.mutex.cb$$Base                    - Undefined Weak Reference
    .bss.os.mutex.cb$$Limit                   - Undefined Weak Reference
    .bss.os.semaphore.cb$$Base                - Undefined Weak Reference
    .bss.os.semaphore.cb$$Limit               - Undefined Weak Reference
    .bss.os.timer.cb$$Base                    - Undefined Weak Reference
    .bss.os.timer.cb$$Limit                   - Undefined Weak Reference
    __ARM_exceptions_init                     - Undefined Weak Reference
    __alloca_initialize                       - Undefined Weak Reference
    __arm_preinit_                            - Undefined Weak Reference
    __cpp_initialize__aeabi_                  - Undefined Weak Reference
    __cxa_finalize                            - Undefined Weak Reference
    __rt_locale                               - Undefined Weak Reference
    __sigvec_lookup                           - Undefined Weak Reference
    _atexit_init                              - Undefined Weak Reference
    _call_atexit_fns                          - Undefined Weak Reference
    _clock_init                               - Undefined Weak Reference
    _fp_trap_init                             - Undefined Weak Reference
    _fp_trap_shutdown                         - Undefined Weak Reference
    _get_lc_collate                           - Undefined Weak Reference
    _get_lc_ctype                             - Undefined Weak Reference
    _get_lc_monetary                          - Undefined Weak Reference
    _get_lc_numeric                           - Undefined Weak Reference
    _get_lc_time                              - Undefined Weak Reference
    _getenv_init                              - Undefined Weak Reference
    _handle_redirection                       - Undefined Weak Reference
    _init_alloc                               - Undefined Weak Reference
    _init_user_alloc                          - Undefined Weak Reference
    _initio                                   - Undefined Weak Reference
    _rand_init                                - Undefined Weak Reference
    _signal_finish                            - Undefined Weak Reference
    _signal_init                              - Undefined Weak Reference
    _terminate_alloc                          - Undefined Weak Reference
    _terminate_user_alloc                     - Undefined Weak Reference
    _terminateio                              - Undefined Weak Reference
    __Vectors_End                            0x000000c0   Data           0  startup_mkl25z4.o(RESET)
    __Vectors_Size                           0x000000c0   Number         0  startup_mkl25z4.o ABSOLUTE
    __main                                   0x000000c1   Thumb Code     8  __main.o(!!!main)
    __scatterload                            0x000000c9   Thumb Code     0  __scatter.o(!!!scatter)
    __scatterload_rt2                        0x000000c9   Thumb Code    52  __scatter.o(!!!scatter)
    __scatterload_rt2_thumb_only             0x000000c9   Thumb Code     0  __scatter.o(!!!scatter)
    __scatterload_null                       0x000000d9   Thumb Code     0  __scatter.o(!!!scatter)
    __scatterload_zeroinit                   0x00000105   Thumb Code    28  __scatter_zi.o(!!handler_zi)
    __rt_lib_init                            0x00000121   Thumb Code     0  libinit.o(.ARM.Collect$$libinit$$00000000)
    __rt_lib_init_alloca_1                   0x00000123   Thumb Code     0  libinit2.o(.ARM.Collect$$libinit$$0000002E)
    __rt_lib_init_argv_1                     0x00000123   Thumb Code     0  libinit2.o(.ARM.Collect$$libinit$$0000002C)
    __rt_lib_init_atexit_1                   0x00000123   Thumb Code     0  libinit2.o(.ARM.Collect$$libinit$$0000001B)
    __rt_lib_init_clock_1                    0x00000123   Thumb Code     0  libinit2.o(.ARM.Collect$$libinit$$00000021)
    __rt_lib_init_cpp_1                      0x00000123   Thumb Code     0  libinit2.o(.ARM.Collect$$libinit$$00000032)
    __rt_lib_init_exceptions_1               0x00000123   Thumb Code     0  libinit2.o(.ARM.Collect$$libinit$$00000030)
    __rt_lib_init_fp_1                       0x00000123   Thumb Code     0  libinit2.o(.ARM.Collect$$libinit$$00000002)
    __rt_lib_init_fp_trap_1                  0x00000123   Thumb Code     0  libinit2.o(.ARM.Collect$$libinit$$0000001F)
    __rt_lib_init_getenv_1                   0x00000123   Thumb Code     0  libinit2.o(.ARM.Collect$$libinit$$00000023)
    __rt_lib_init_heap_1                     0x00000123   Thumb Code     0  libinit2.o(.ARM.Collect$$libinit$$0000000A)
    __rt_lib_init_lc_collate_1               0x00000123   Thumb Code     0  libinit2.o(.ARM.Collect$$libinit$$00000011)
    __rt_lib_init_lc_ctype_1                 0x00000123   Thumb Code     0  libinit2.o(.ARM.Collect$$libinit$$00000013)
    __rt_lib_init_lc_monetary_1              0x00000123   Thumb Code     0  libinit2.o(.ARM.Collect$$libinit$$00000015)
    __rt_lib_init_lc_numeric_1               0x00000123   Thumb Code     0  libinit2.o(.ARM.Collect$$libinit$$00000017)
    __rt_lib_init_lc_time_1                  0x00000123   Thumb Code     0  libinit2.o(.ARM.Collect$$libinit$$00000019)
    __rt_lib_init_preinit_1                  0x00000123   Thumb Code     0  libinit2.o(.ARM.Collect$$libinit$$00000004)
    __rt_lib_init_rand_1                     0x00000123   Thumb Code     0  libinit2.o(.ARM.Collect$$libinit$$0000000E)
    __rt_lib_init_return                     0x00000123   Thumb Code     0  libinit2.o(.ARM.Collect$$libinit$$00000033)
    __rt_lib_init_signal_1                   0x00000123   Thumb Code     0  libinit2.o(.ARM.Collect$$libinit$$0000001D)
    __rt_lib_init_stdio_1                    0x00000123   Thumb Code     0  libinit2.o(.ARM.Collect$$libinit$$00000025)
    __rt_lib_init_user_alloc_1               0x00000123   Thumb Code     0  libinit2.o(.ARM.Collect$$libinit$$0000000C)
    __rt_lib_shutdown                        0x00000125   Thumb Code     0  libshutdown.o(.ARM.Collect$$libshutdown$$00000000)
    __rt_lib_shutdown_cpp_1                  0x00000127   Thumb Code     0  libshutdown2.o(.ARM.Collect$$libshutdown$$00000002)
    __rt_lib_shutdown_fp_trap_1              0x00000127   Thumb Code     0  libshutdown2.o(.ARM.Collect$$libshutdown$$00000007)
    __rt_lib_shutdown_heap_1                 0x00000127   Thumb Code     0  libshutdown2.o(.ARM.Collect$$libshutdown$$0000000F)
    __rt_lib_shutdown_return                 0x00000127   Thumb Code     0  libshutdown2.o(.ARM.Collect$$libshutdown$$00000010)
    __rt_lib_shutdown_signal_1               0x00000127   Thumb Code     0  libshutdown2.o(.ARM.Collect$$libshutdown$$0000000A)
    __rt_lib_shutdown_stdio_1                0x00000127   Thumb Code     0  libshutdown2.o(.ARM.Collect$$libshutdown$$00000004)
    __rt_lib_shutdown_user_alloc_1           0x00000127   Thumb Code     0  libshutdown2.o(.ARM.Collect$$libshutdown$$0000000C)
    __rt_entry                               0x00000129   Thumb Code     0  __rtentry.o(.ARM.Collect$$rtentry$$00000000)
    __rt_entry_presh_1                       0x00000129   Thumb Code     0  __rtentry2.o(.ARM.Collect$$rtentry$$00000002)
    __rt_entry_sh                            0x00000129   Thumb Code     0  __rtentry4.o(.ARM.Collect$$rtentry$$00000004)
    __rt_entry_postsh_1                      0x0000012f   Thumb Code     0  __rtentry2.o(.ARM.Collect$$rtentry$$00000008)
    __rt_entry_li                            0x00000137   Thumb Code     0  __rtentry2.o(.ARM.Collect$$rtentry$$0000000A)
    __rt_entry_main                          0x0000013b   Thumb Code     0  __rtentry2.o(.ARM.Collect$$rtentry$$0000000D)
    __rt_entry_postli_1                      0x0000013b   Thumb Code     0  __rtentry2.o(.ARM.Collect$$rtentry$$0000000C)
    __rt_exit                                0x00000143   Thumb Code     0  rtexit.o(.ARM.Collect$$rtexit$$00000000)
    __rt_exit_ls                             0x00000145   Thumb Code     0  rtexit2.o(.ARM.Collect$$rtexit$$00000003)
    __rt_exit_prels_1                        0x00000145   Thumb Code     0  rtexit2.o(.ARM.Collect$$rtexit$$00000002)
    __rt_exit_exit                           0x00000149   Thumb Code     0  rtexit2.o(.ARM.Collect$$rtexit$$00000004)
    __aeabi_memcpy4                          0x00000151   Thumb Code    56  rt_memcpy.o(.emb_text)
    __aeabi_memcpy8                          0x00000151   Thumb Code     0  rt_memcpy.o(.emb_text)
    Reset_Handler                            0x00000189   Thumb Code    12  startup_mkl25z4.o(.text)
    NMI_Handler                              0x00000195   Thumb Code     2  startup_mkl25z4.o(.text)
    HardFault_Handler                        0x00000197   Thumb Code     2  startup_mkl25z4.o(.text)
    ADC0_IRQHandler                          0x0000019f   Thumb Code     0  startup_mkl25z4.o(.text)
    CMP0_IRQHandler                          0x0000019f   Thumb Code     0  startup_mkl25z4.o(.text)
    DAC0_IRQHandler                          0x0000019f   Thumb Code     0  startup_mkl25z4.o(.text)
    DMA1_IRQHandler                          0x0000019f   Thumb Code     0  startup_mkl25z4.o(.text)
    DMA2_IRQHandler                          0x0000019f   Thumb Code     0  startup_mkl25z4.o(.text)
    DMA3_IRQHandler                          0x0000019f   Thumb Code     0  startup_mkl25z4.o(.text)
    DefaultISR                               0x0000019f   Thumb Code     0  startup_mkl25z4.o(.text)
    FTFA_IRQHandler                          0x0000019f   Thumb Code     0  startup_mkl25z4.o(.text)
    I2C0_IRQHandler                          0x0000019f   Thumb Code     0  startup_mkl25z4.o(.text)
    I2C1_IRQHandler                          0x0000019f   Thumb Code     0  startup_mkl25z4.o(.text)
    LLWU_IRQHandler                          0x0000019f   Thumb Code     0  startup_mkl25z4.o(.text)
    LPTMR0_IRQHandler                        0x0000019f   Thumb Code     0  startup_mkl25z4.o(.text)
    LVD_LVW_IRQHandler                       0x0000019f   Thumb Code     0  startup_mkl25z4.o(.text)
    MCG_IRQHandler                           0x0000019f   Thumb Code     0  startup_mkl25z4.o(.text)
    PIT_IRQHandler                           0x0000019f   Thumb Code     0  startup_mkl25z4.o(.text)
    PORTA_IRQHandler                         0x0000019f   Thumb Code     0  startup_mkl25z4.o(.text)
    PORTD_IRQHandler                         0x0000019f   Thumb Code     0  startup_mkl25z4.o(.text)
    RTC_IRQHandler                           0x0000019f   Thumb Code     0  startup_mkl25z4.o(.text)
    RTC_Seconds_IRQHandler                   0x0000019f   Thumb Code     0  startup_mkl25z4.o(.text)
    Reserved20_IRQHandler                    0x0000019f   Thumb Code     0  startup_mkl25z4.o(.text)
    Reserved39_IRQHandler                    0x0000019f   Thumb Code     0  startup_mkl25z4.o(.text)
    Reserved45_IRQHandler                    0x0000019f   Thumb Code     0  startup_mkl25z4.o(.text)
    SPI0_IRQHandler                          0x0000019f   Thumb Code     0  startup_mkl25z4.o(.text)
    SPI1_IRQHandler                          0x0000019f   Thumb Code     0  startup_mkl25z4.o(.text)
    TPM1_IRQHandler                          0x0000019f   Thumb Code     0  startup_mkl25z4.o(.text)
    TPM2_IRQHandler                          0x0000019f   Thumb Code     0  startup_mkl25z4.o(.text)
    TSI0_IRQHandler                          0x0000019f   Thumb Code     0  startup_mkl25z4.o(.text)
    UART1_IRQHandler                         0x0000019f   Thumb Code     0  startup_mkl25z4.o(.text)
    UART2_IRQHandler                         0x0000019f   Thumb Code     0  startup_mkl25z4.o(.text)
    USB0_IRQHandler                          0x0000019f   Thumb Code     0  startup_mkl25z4.o(.text)
    __user_initial_stackheap                 0x000001a5   Thumb Code     0  startup_mkl25z4.o(.text)
    SVC_Handler                              0x000001c9   Thumb Code   132  irq_cm0.o(.text)
    PendSV_Handler                           0x0000024d   Thumb Code    12  irq_cm0.o(.text)
    SysTick_Handler                          0x00000259   Thumb Code    12  irq_cm0.o(.text)
    __aeabi_memcpy                           0x0000026d   Thumb Code   130  rt_memcpy.o(.text)
    __rt_memcpy                              0x0000026d   Thumb Code     0  rt_memcpy.o(.text)
    _memset_w                                0x000002ef   Thumb Code    26  rt_memclr.o(.text)
    _memset                                  0x00000309   Thumb Code    30  rt_memclr.o(.text)
    __aeabi_memclr                           0x00000327   Thumb Code     4  rt_memclr.o(.text)
    __rt_memclr                              0x00000327   Thumb Code     0  rt_memclr.o(.text)
    __aeabi_memclr4                          0x0000032b   Thumb Code     0  rt_memclr.o(.text)
    __aeabi_memclr8                          0x0000032b   Thumb Code     0  rt_memclr.o(.text)
    __rt_memclr_w                            0x0000032b   Thumb Code     4  rt_memclr.o(.text)
    __use_two_region_memory                  0x0000032f   Thumb Code     2  heapauxi.o(.text)
    __rt_heap_escrow$2region                 0x00000331   Thumb Code     2  heapauxi.o(.text)
    __rt_heap_expand$2region                 0x00000333   Thumb Code     2  heapauxi.o(.text)
    __aeabi_d2uiz                            0x00000335   Thumb Code     0  dfixui.o(.text)
    _dfixu                                   0x00000335   Thumb Code    68  dfixui.o(.text)
    __aeabi_i2d_normalise                    0x0000037d   Thumb Code    66  dflti.o(.text)
    __aeabi_i2d                              0x000003bf   Thumb Code    16  dflti.o(.text)
    _dflt                                    0x000003bf   Thumb Code     0  dflti.o(.text)
    __aeabi_ui2d                             0x000003cf   Thumb Code     6  dflti.o(.text)
    _dfltu                                   0x000003cf   Thumb Code     0  dflti.o(.text)
    exit                                     0x000003d5   Thumb Code    16  exit.o(.text)
    __user_libspace                          0x000003e5   Thumb Code     8  libspace.o(.text)
    __user_perproc_libspace                  0x000003e5   Thumb Code     0  libspace.o(.text)
    _sys_exit                                0x000003ed   Thumb Code     8  sys_exit.o(.text)
    __I$use$semihosting                      0x000003f9   Thumb Code     0  use_no_semi.o(.text)
    __use_no_semihosting_swi                 0x000003f9   Thumb Code     2  use_no_semi.o(.text)
    OS_Tick_GetIRQn                          0x000003fb   Thumb Code     6  os_systick.o(.text.OS_Tick_GetIRQn)
    __semihosting_library_function           0x000003fb   Thumb Code     0  indicate_semi.o(.text)
    __aeabi_uidiv                            0x00000411   Thumb Code     0  aeabi_sdiv.o(.text)
    __aeabi_uidivmod                         0x00000411   Thumb Code    20  aeabi_sdiv.o(.text)
    __aeabi_idiv                             0x00000425   Thumb Code     0  aeabi_sdiv.o(.text)
    __aeabi_idivmod                          0x00000425   Thumb Code   326  aeabi_sdiv.o(.text)
    __aeabi_ddiv                             0x0000056d   Thumb Code     0  ddiv.o(.text)
    _ddiv                                    0x0000056d   Thumb Code  1072  ddiv.o(.text)
    _drdiv                                   0x0000099d   Thumb Code    20  ddiv.o(.text)
    __user_setup_stackheap                   0x000009b5   Thumb Code    62  sys_stackheap_outer.o(.text)
    __decompress                             0x000009f3   Thumb Code     0  __dczerorl2.o(.text)
    __decompress1                            0x000009f3   Thumb Code    86  __dczerorl2.o(.text)
    OS_Tick_AcknowledgeIRQ                   0x00000b71   Thumb Code    12  os_systick.o(.text.OS_Tick_AcknowledgeIRQ)
    OS_Tick_Enable                           0x00000b7d   Thumb Code    44  os_systick.o(.text.OS_Tick_Enable)
    OS_Tick_Setup                            0x00000ba9   Thumb Code    76  os_systick.o(.text.OS_Tick_Setup)
    osEventFlagsNew                          0x00000c95   Thumb Code    36  rtx_evflags.o(.text.osEventFlagsNew)
    osEventFlagsSet                          0x00000cb9   Thumb Code    88  rtx_evflags.o(.text.osEventFlagsSet)
    osEventFlagsWait                         0x00000d11   Thumb Code    80  rtx_evflags.o(.text.osEventFlagsWait)
    osKernelGetState                         0x00000d61   Thumb Code    48  rtx_kernel.o(.text.osKernelGetState)
    osKernelInitialize                       0x00000d91   Thumb Code    36  rtx_kernel.o(.text.osKernelInitialize)
    osKernelStart                            0x00000db5   Thumb Code    36  rtx_kernel.o(.text.osKernelStart)
    osMessageQueueGet                        0x00000dd9   Thumb Code   120  rtx_msgqueue.o(.text.osMessageQueueGet)
    osMessageQueueNew                        0x00000e51   Thumb Code    36  rtx_msgqueue.o(.text.osMessageQueueNew)
    osMessageQueuePut                        0x00000e75   Thumb Code   128  rtx_msgqueue.o(.text.osMessageQueuePut)
    osMutexAcquire                           0x00000ef5   Thumb Code    40  rtx_mutex.o(.text.osMutexAcquire)
    osMutexDelete                            0x00000f1d   Thumb Code    40  rtx_mutex.o(.text.osMutexDelete)
    osMutexNew                               0x00000f45   Thumb Code    36  rtx_mutex.o(.text.osMutexNew)
    osMutexRelease                           0x00000f69   Thumb Code    40  rtx_mutex.o(.text.osMutexRelease)
    osRtxMemoryAlloc                         0x00000fcb   Thumb Code   124  rtx_memory.o(.text.osRtxMemoryAlloc)
    osRtxMemoryFree                          0x00001047   Thumb Code    78  rtx_memory.o(.text.osRtxMemoryFree)
    osRtxMemoryInit                          0x00001095   Thumb Code    58  rtx_memory.o(.text.osRtxMemoryInit)
    osRtxMemoryPoolAlloc                     0x000010cf   Thumb Code    56  rtx_mempool.o(.text.osRtxMemoryPoolAlloc)
    osRtxMemoryPoolFree                      0x00001107   Thumb Code    64  rtx_mempool.o(.text.osRtxMemoryPoolFree)
    osRtxMemoryPoolInit                      0x00001147   Thumb Code    68  rtx_mempool.o(.text.osRtxMemoryPoolInit)
    osRtxMutexOwnerRelease                   0x00001269   Thumb Code    62  rtx_mutex.o(.text.osRtxMutexOwnerRelease)
    osRtxPendSV_Handler                      0x000012a9   Thumb Code   136  rtx_system.o(.text.osRtxPendSV_Handler)
    osRtxPostProcess                         0x00001331   Thumb Code   108  rtx_system.o(.text.osRtxPostProcess)
    osRtxThreadDelayTick                     0x000014c5   Thumb Code    60  rtx_thread.o(.text.osRtxThreadDelayTick)
    osRtxThreadDispatch                      0x00001501   Thumb Code    88  rtx_thread.o(.text.osRtxThreadDispatch)
    osRtxThreadListGet                       0x000015ad   Thumb Code    24  rtx_thread.o(.text.osRtxThreadListGet)
    osRtxThreadListPut                       0x000015c5   Thumb Code    58  rtx_thread.o(.text.osRtxThreadListPut)
    osRtxThreadListRemove                    0x000015ff   Thumb Code    24  rtx_thread.o(.text.osRtxThreadListRemove)
    osRtxThreadListSort                      0x00001617   Thumb Code    38  rtx_thread.o(.text.osRtxThreadListSort)
    osRtxThreadReadyPut                      0x00001665   Thumb Code    24  rtx_thread.o(.text.osRtxThreadReadyPut)
    osRtxThreadRegPtr                        0x0000167d   Thumb Code     6  rtx_thread.o(.text.osRtxThreadRegPtr)
    osRtxThreadStackCheck                    0x00001685   Thumb Code    44  rtx_thread.o(.text.osRtxThreadStackCheck)
    osRtxThreadStartup                       0x000016b1   Thumb Code    92  rtx_thread.o(.text.osRtxThreadStartup)
    osRtxThreadSwitch                        0x0000170d   Thumb Code    20  rtx_thread.o(.text.osRtxThreadSwitch)
    osRtxThreadWaitEnter                     0x00001721   Thumb Code    56  rtx_thread.o(.text.osRtxThreadWaitEnter)
    osRtxThreadWaitExit                      0x00001759   Thumb Code    34  rtx_thread.o(.text.osRtxThreadWaitExit)
    osRtxTick_Handler                        0x0000177d   Thumb Code   116  rtx_system.o(.text.osRtxTick_Handler)
    osRtxTimerThread                         0x000017f1   Thumb Code    64  rtx_timer.o(.text.osRtxTimerThread)
    osThreadExit                             0x00001891   Thumb Code    12  rtx_thread.o(.text.osThreadExit)
    osThreadNew                              0x0000189d   Thumb Code    36  rtx_thread.o(.text.osThreadNew)
    DMA0_IRQHandler                          0x000024f5   Thumb Code    40  dma.o(i.DMA0_IRQHandler)
    Init_DAC                                 0x00002529   Thumb Code    68  dac.o(i.Init_DAC)
    Init_DMA                                 0x00002579   Thumb Code   100  dma.o(i.Init_DMA)
    Init_DMA_For_Playback                    0x000025f5   Thumb Code    18  dma.o(i.Init_DMA_For_Playback)
    Init_TPM                                 0x00002609   Thumb Code    98  timers.o(i.Init_TPM)
    Init_UART0                               0x0000267d   Thumb Code   284  uart.o(i.Init_UART0)
    Play_Recording                           0x000027bd   Thumb Code    60  dma.o(i.Play_Recording)
    Q_Dequeue                                0x0000280d   Thumb Code    76  queue.o(i.Q_Dequeue)
    Q_Empty                                  0x00002859   Thumb Code    16  queue.o(i.Q_Empty)
    Q_Enqueue                                0x00002869   Thumb Code    68  queue.o(i.Q_Enqueue)
    Q_Full                                   0x000028ad   Thumb Code    20  queue.o(i.Q_Full)
    Q_Init                                   0x000028c1   Thumb Code    28  queue.o(i.Q_Init)
    Send_String                              0x000028dd   Thumb Code    70  uart.o(i.Send_String)
    Start_TPM                                0x0000292d   Thumb Code    14  timers.o(i.Start_TPM)
    SystemCoreClockUpdate                    0x00002941   Thumb Code   372  system_mkl25z4.o(i.SystemCoreClockUpdate)
    SystemInit                               0x00002ad1   Thumb Code   266  system_mkl25z4.o(i.SystemInit)
    TPM0_IRQHandler                          0x00002c09   Thumb Code    22  timers.o(i.TPM0_IRQHandler)
    Thread_Testing                           0x00002c25   Thumb Code    34  threads.o(i.Thread_Testing)
    UART0_IRQHandler                         0x00002c5d   Thumb Code   132  uart.o(i.UART0_IRQHandler)
    __ARM_common_switch8                     0x00002cf1   Thumb Code    28  rtx_config.o(i.__ARM_common_switch8)
    _mutex_acquire                           0x00002e8d   Thumb Code    24  rtx_lib.o(i._mutex_acquire)
    _mutex_free                              0x00002ea5   Thumb Code    12  rtx_lib.o(i._mutex_free)
    _mutex_initialize                        0x00002eb1   Thumb Code    36  rtx_lib.o(i._mutex_initialize)
    _mutex_release                           0x00002ed5   Thumb Code    20  rtx_lib.o(i._mutex_release)
    _platform_post_stackheap_init            0x00002ee9   Thumb Code     8  rtx_lib.o(i._platform_post_stackheap_init)
    main                                     0x00002ef1   Thumb Code    56  main.o(i.main)
    osRtxErrorNotify                         0x00002f35   Thumb Code    32  rtx_config.o(i.osRtxErrorNotify)
    osRtxIdleThread                          0x00002f55   Thumb Code     4  rtx_config.o(i.osRtxIdleThread)
    __I$use$fp                               0x00002f7c   Number         0  usenofp.o(x$fpl$usenofp)
    safe_female                              0x00002f7c   Data        4376  threads.o(.constdata)
    osRtxUserSVC                             0x000040f4   Data           4  rtx_lib.o(.constdata)
    irqRtxLib                                0x000040f8   Data           1  irq_cm0.o(.constdata)
    osRtxConfig                              0x0000417c   Data         104  rtx_lib.o(.rodata)
    Region$$Table$$Base                      0x000041f0   Number         0  anon$$obj.o(Region$$Table)
    Region$$Table$$Limit                     0x00004210   Number         0  anon$$obj.o(Region$$Table)
    .bss.os.msgqueue.cb$$Base                0x20000040   Number         0  rtx_lib.o(.bss.os.msgqueue.cb)
    .bss.os.msgqueue.cb$$Limit               0x20000074   Number         0  rtx_lib.o(.bss.os.msgqueue.cb)
    .bss.os.thread.cb$$Base                  0x200000c4   Number         0  rtx_lib.o(.bss.os.thread.cb)
    .bss.os.thread.cb$$Limit                 0x2000014c   Number         0  rtx_lib.o(.bss.os.thread.cb)
    not_female                               0x20000358   Data        4800  threads.o(.data)
    tid_TEST                                 0x20001618   Data           4  threads.o(.data)
    DMA_flags                                0x2000161c   Data           4  threads.o(.data)
    message_recieved                         0x20001620   Data           1  uart.o(.data)
    __stdout                                 0x20001624   Data           4  uart.o(.data)
    __stdin                                  0x20001628   Data           4  uart.o(.data)
    irqRtxLibRef                             0x2000162c   Data           4  rtx_lib.o(.data)
    SystemCoreClock                          0x20001634   Data           4  system_mkl25z4.o(.data)
    osRtxInfo                                0x20001638   Data         164  rtx_kernel.o(.data.os)
    TxQ                                      0x200016dc   Data         268  uart.o(.bss)
    RxQ                                      0x200017e8   Data         268  uart.o(.bss)
    __libspace_start                         0x200018f4   Data          96  libspace.o(.bss)
    __temporary_stack_top$libspace           0x20001954   Data           0  libspace.o(.bss)



==============================================================================

Memory Map of the image

  Image Entry point : 0x00000189

  Load Region LR_1 (Base: 0x00000000, Size: 0x000068ec, Max: 0xffffffff, ABSOLUTE, COMPRESSED[0x00004e30])

    Execution Region ER_RO (Exec base: 0x00000000, Load base: 0x00000000, Size: 0x00004210, Max: 0xffffffff, ABSOLUTE)

    Exec Addr    Load Addr    Size         Type   Attr      Idx    E Section Name        Object

    0x00000000   0x00000000   0x000000c0   Data   RO          448    RESET               startup_mkl25z4.o
    0x000000c0   0x000000c0   0x00000008   Code   RO         1008  * !!!main             c_p.l(__main.o)
    0x000000c8   0x000000c8   0x0000003c   Code   RO         1185    !!!scatter          c_p.l(__scatter.o)
    0x00000104   0x00000104   0x0000001c   Code   RO         1187    !!handler_zi        c_p.l(__scatter_zi.o)
    0x00000120   0x00000120   0x00000002   Code   RO         1052    .ARM.Collect$$libinit$$00000000  c_p.l(libinit.o)
    0x00000122   0x00000122   0x00000000   Code   RO         1066    .ARM.Collect$$libinit$$00000002  c_p.l(libinit2.o)
    0x00000122   0x00000122   0x00000000   Code   RO         1068    .ARM.Collect$$libinit$$00000004  c_p.l(libinit2.o)
    0x00000122   0x00000122   0x00000000   Code   RO         1071    .ARM.Collect$$libinit$$0000000A  c_p.l(libinit2.o)
    0x00000122   0x00000122   0x00000000   Code   RO         1073    .ARM.Collect$$libinit$$0000000C  c_p.l(libinit2.o)
    0x00000122   0x00000122   0x00000000   Code   RO         1075    .ARM.Collect$$libinit$$0000000E  c_p.l(libinit2.o)
    0x00000122   0x00000122   0x00000000   Code   RO         1078    .ARM.Collect$$libinit$$00000011  c_p.l(libinit2.o)
    0x00000122   0x00000122   0x00000000   Code   RO         1080    .ARM.Collect$$libinit$$00000013  c_p.l(libinit2.o)
    0x00000122   0x00000122   0x00000000   Code   RO         1082    .ARM.Collect$$libinit$$00000015  c_p.l(libinit2.o)
    0x00000122   0x00000122   0x00000000   Code   RO         1084    .ARM.Collect$$libinit$$00000017  c_p.l(libinit2.o)
    0x00000122   0x00000122   0x00000000   Code   RO         1086    .ARM.Collect$$libinit$$00000019  c_p.l(libinit2.o)
    0x00000122   0x00000122   0x00000000   Code   RO         1088    .ARM.Collect$$libinit$$0000001B  c_p.l(libinit2.o)
    0x00000122   0x00000122   0x00000000   Code   RO         1090    .ARM.Collect$$libinit$$0000001D  c_p.l(libinit2.o)
    0x00000122   0x00000122   0x00000000   Code   RO         1092    .ARM.Collect$$libinit$$0000001F  c_p.l(libinit2.o)
    0x00000122   0x00000122   0x00000000   Code   RO         1094    .ARM.Collect$$libinit$$00000021  c_p.l(libinit2.o)
    0x00000122   0x00000122   0x00000000   Code   RO         1096    .ARM.Collect$$libinit$$00000023  c_p.l(libinit2.o)
    0x00000122   0x00000122   0x00000000   Code   RO         1098    .ARM.Collect$$libinit$$00000025  c_p.l(libinit2.o)
    0x00000122   0x00000122   0x00000000   Code   RO         1102    .ARM.Collect$$libinit$$0000002C  c_p.l(libinit2.o)
    0x00000122   0x00000122   0x00000000   Code   RO         1104    .ARM.Collect$$libinit$$0000002E  c_p.l(libinit2.o)
    0x00000122   0x00000122   0x00000000   Code   RO         1106    .ARM.Collect$$libinit$$00000030  c_p.l(libinit2.o)
    0x00000122   0x00000122   0x00000000   Code   RO         1108    .ARM.Collect$$libinit$$00000032  c_p.l(libinit2.o)
    0x00000122   0x00000122   0x00000002   Code   RO         1109    .ARM.Collect$$libinit$$00000033  c_p.l(libinit2.o)
    0x00000124   0x00000124   0x00000002   Code   RO         1140    .ARM.Collect$$libshutdown$$00000000  c_p.l(libshutdown.o)
    0x00000126   0x00000126   0x00000000   Code   RO         1166    .ARM.Collect$$libshutdown$$00000002  c_p.l(libshutdown2.o)
    0x00000126   0x00000126   0x00000000   Code   RO         1168    .ARM.Collect$$libshutdown$$00000004  c_p.l(libshutdown2.o)
    0x00000126   0x00000126   0x00000000   Code   RO         1171    .ARM.Collect$$libshutdown$$00000007  c_p.l(libshutdown2.o)
    0x00000126   0x00000126   0x00000000   Code   RO         1174    .ARM.Collect$$libshutdown$$0000000A  c_p.l(libshutdown2.o)
    0x00000126   0x00000126   0x00000000   Code   RO         1176    .ARM.Collect$$libshutdown$$0000000C  c_p.l(libshutdown2.o)
    0x00000126   0x00000126   0x00000000   Code   RO         1179    .ARM.Collect$$libshutdown$$0000000F  c_p.l(libshutdown2.o)
    0x00000126   0x00000126   0x00000002   Code   RO         1180    .ARM.Collect$$libshutdown$$00000010  c_p.l(libshutdown2.o)
    0x00000128   0x00000128   0x00000000   Code   RO         1017    .ARM.Collect$$rtentry$$00000000  c_p.l(__rtentry.o)
    0x00000128   0x00000128   0x00000000   Code   RO         1024    .ARM.Collect$$rtentry$$00000002  c_p.l(__rtentry2.o)
    0x00000128   0x00000128   0x00000006   Code   RO         1036    .ARM.Collect$$rtentry$$00000004  c_p.l(__rtentry4.o)
    0x0000012e   0x0000012e   0x00000008   Code   RO         1025    .ARM.Collect$$rtentry$$00000008  c_p.l(__rtentry2.o)
    0x00000136   0x00000136   0x00000004   Code   RO         1027    .ARM.Collect$$rtentry$$0000000A  c_p.l(__rtentry2.o)
    0x0000013a   0x0000013a   0x00000000   Code   RO         1029    .ARM.Collect$$rtentry$$0000000C  c_p.l(__rtentry2.o)
    0x0000013a   0x0000013a   0x00000008   Code   RO         1030    .ARM.Collect$$rtentry$$0000000D  c_p.l(__rtentry2.o)
    0x00000142   0x00000142   0x00000002   Code   RO         1057    .ARM.Collect$$rtexit$$00000000  c_p.l(rtexit.o)
    0x00000144   0x00000144   0x00000000   Code   RO         1113    .ARM.Collect$$rtexit$$00000002  c_p.l(rtexit2.o)
    0x00000144   0x00000144   0x00000004   Code   RO         1114    .ARM.Collect$$rtexit$$00000003  c_p.l(rtexit2.o)
    0x00000148   0x00000148   0x00000006   Code   RO         1115    .ARM.Collect$$rtexit$$00000004  c_p.l(rtexit2.o)
    0x0000014e   0x0000014e   0x00000002   PAD
    0x00000150   0x00000150   0x00000038   Code   RO          996    .emb_text           c_p.l(rt_memcpy.o)
    0x00000188   0x00000188   0x00000040   Code   RO          450  * .text               startup_mkl25z4.o
    0x000001c8   0x000001c8   0x000000a4   Code   RO          769    .text               RTX_CM0.lib(irq_cm0.o)
    0x0000026c   0x0000026c   0x00000082   Code   RO          997    .text               c_p.l(rt_memcpy.o)
    0x000002ee   0x000002ee   0x00000040   Code   RO         1000    .text               c_p.l(rt_memclr.o)
    0x0000032e   0x0000032e   0x00000006   Code   RO         1006    .text               c_p.l(heapauxi.o)
    0x00000334   0x00000334   0x00000048   Code   RO         1013    .text               fz_ps.l(dfixui.o)
    0x0000037c   0x0000037c   0x00000058   Code   RO         1015    .text               fz_ps.l(dflti.o)
    0x000003d4   0x000003d4   0x00000010   Code   RO         1043    .text               c_p.l(exit.o)
    0x000003e4   0x000003e4   0x00000008   Code   RO         1053    .text               c_p.l(libspace.o)
    0x000003ec   0x000003ec   0x0000000c   Code   RO         1110    .text               c_p.l(sys_exit.o)
    0x000003f8   0x000003f8   0x00000002   Code   RO         1129    .text               c_p.l(use_no_semi.o)
    0x000003fa   0x000003fa   0x00000000   Code   RO         1131    .text               c_p.l(indicate_semi.o)
    0x000003fa   0x000003fa   0x00000006   Code   RO          914    .text.OS_Tick_GetIRQn  RTX_CM0.lib(os_systick.o)
    0x00000400   0x00000400   0x00000010   Code   RO          449    .ARM.__at_0x400     startup_mkl25z4.o
    0x00000410   0x00000410   0x0000015a   Code   RO         1002    .text               c_p.l(aeabi_sdiv.o)
    0x0000056a   0x0000056a   0x00000002   PAD
    0x0000056c   0x0000056c   0x00000448   Code   RO         1010    .text               fz_ps.l(ddiv.o)
    0x000009b4   0x000009b4   0x0000003e   Code   RO         1040    .text               c_p.l(sys_stackheap_outer.o)
    0x000009f2   0x000009f2   0x00000056   Code   RO         1183    .text               c_p.l(__dczerorl2.o)
    0x00000a48   0x00000a48   0x00000052   Code   RO          711    .text.EventFlagsCheck  RTX_CM0.lib(rtx_evflags.o)
    0x00000a9a   0x00000a9a   0x0000004c   Code   RO          976    .text.MessageQueueGet  RTX_CM0.lib(rtx_msgqueue.o)
    0x00000ae6   0x00000ae6   0x00000060   Code   RO          970    .text.MessageQueuePut  RTX_CM0.lib(rtx_msgqueue.o)
    0x00000b46   0x00000b46   0x00000028   Code   RO          968    .text.MessageQueueRemove  RTX_CM0.lib(rtx_msgqueue.o)
    0x00000b6e   0x00000b6e   0x00000002   PAD
    0x00000b70   0x00000b70   0x0000000c   Code   RO          912    .text.OS_Tick_AcknowledgeIRQ  RTX_CM0.lib(os_systick.o)
    0x00000b7c   0x00000b7c   0x0000002c   Code   RO          908    .text.OS_Tick_Enable  RTX_CM0.lib(os_systick.o)
    0x00000ba8   0x00000ba8   0x0000004c   Code   RO          906    .text.OS_Tick_Setup  RTX_CM0.lib(os_systick.o)
    0x00000bf4   0x00000bf4   0x00000052   Code   RO          632    .text.ThreadFlagsCheck  RTX_CM0.lib(rtx_thread.o)
    0x00000c46   0x00000c46   0x00000002   PAD
    0x00000c48   0x00000c48   0x0000004c   Code   RO          790    .text.TimerInsert   RTX_CM0.lib(rtx_timer.o)
    0x00000c94   0x00000c94   0x00000024   Code   RO          689    .text.osEventFlagsNew  RTX_CM0.lib(rtx_evflags.o)
    0x00000cb8   0x00000cb8   0x00000058   Code   RO          693    .text.osEventFlagsSet  RTX_CM0.lib(rtx_evflags.o)
    0x00000d10   0x00000d10   0x00000050   Code   RO          703    .text.osEventFlagsWait  RTX_CM0.lib(rtx_evflags.o)
    0x00000d60   0x00000d60   0x00000030   Code   RO          495    .text.osKernelGetState  RTX_CM0.lib(rtx_kernel.o)
    0x00000d90   0x00000d90   0x00000024   Code   RO          489    .text.osKernelInitialize  RTX_CM0.lib(rtx_kernel.o)
    0x00000db4   0x00000db4   0x00000024   Code   RO          499    .text.osKernelStart  RTX_CM0.lib(rtx_kernel.o)
    0x00000dd8   0x00000dd8   0x00000078   Code   RO          942    .text.osMessageQueueGet  RTX_CM0.lib(rtx_msgqueue.o)
    0x00000e50   0x00000e50   0x00000024   Code   RO          936    .text.osMessageQueueNew  RTX_CM0.lib(rtx_msgqueue.o)
    0x00000e74   0x00000e74   0x00000080   Code   RO          940    .text.osMessageQueuePut  RTX_CM0.lib(rtx_msgqueue.o)
    0x00000ef4   0x00000ef4   0x00000028   Code   RO          738    .text.osMutexAcquire  RTX_CM0.lib(rtx_mutex.o)
    0x00000f1c   0x00000f1c   0x00000028   Code   RO          744    .text.osMutexDelete  RTX_CM0.lib(rtx_mutex.o)
    0x00000f44   0x00000f44   0x00000024   Code   RO          734    .text.osMutexNew    RTX_CM0.lib(rtx_mutex.o)
    0x00000f68   0x00000f68   0x00000028   Code   RO          740    .text.osMutexRelease  RTX_CM0.lib(rtx_mutex.o)
    0x00000f90   0x00000f90   0x0000003a   Code   RO          709    .text.osRtxEventFlagsPostProcess  RTX_CM0.lib(rtx_evflags.o)
    0x00000fca   0x00000fca   0x0000007c   Code   RO          819    .text.osRtxMemoryAlloc  RTX_CM0.lib(rtx_memory.o)
    0x00001046   0x00001046   0x0000004e   Code   RO          821    .text.osRtxMemoryFree  RTX_CM0.lib(rtx_memory.o)
    0x00001094   0x00001094   0x0000003a   Code   RO          817    .text.osRtxMemoryInit  RTX_CM0.lib(rtx_memory.o)
    0x000010ce   0x000010ce   0x00000038   Code   RO          836    .text.osRtxMemoryPoolAlloc  RTX_CM0.lib(rtx_mempool.o)
    0x00001106   0x00001106   0x00000040   Code   RO          838    .text.osRtxMemoryPoolFree  RTX_CM0.lib(rtx_mempool.o)
    0x00001146   0x00001146   0x00000044   Code   RO          834    .text.osRtxMemoryPoolInit  RTX_CM0.lib(rtx_mempool.o)
    0x0000118a   0x0000118a   0x000000de   Code   RO          966    .text.osRtxMessageQueuePostProcess  RTX_CM0.lib(rtx_msgqueue.o)
    0x00001268   0x00001268   0x0000003e   Code   RO          732    .text.osRtxMutexOwnerRelease  RTX_CM0.lib(rtx_mutex.o)
    0x000012a6   0x000012a6   0x00000002   PAD
    0x000012a8   0x000012a8   0x00000088   Code   RO          891    .text.osRtxPendSV_Handler  RTX_CM0.lib(rtx_system.o)
    0x00001330   0x00001330   0x0000006c   Code   RO          893    .text.osRtxPostProcess  RTX_CM0.lib(rtx_system.o)
    0x0000139c   0x0000139c   0x0000003c   Code   RO          574    .text.osRtxThreadBlock  RTX_CM0.lib(rtx_thread.o)
    0x000013d8   0x000013d8   0x0000008c   Code   RO          582    .text.osRtxThreadDelayInsert  RTX_CM0.lib(rtx_thread.o)
    0x00001464   0x00001464   0x00000060   Code   RO          578    .text.osRtxThreadDelayRemove  RTX_CM0.lib(rtx_thread.o)
    0x000014c4   0x000014c4   0x0000003c   Code   RO          564    .text.osRtxThreadDelayTick  RTX_CM0.lib(rtx_thread.o)
    0x00001500   0x00001500   0x00000058   Code   RO          572    .text.osRtxThreadDispatch  RTX_CM0.lib(rtx_thread.o)
    0x00001558   0x00001558   0x00000054   Code   RO          658    .text.osRtxThreadFree  RTX_CM0.lib(rtx_thread.o)
    0x000015ac   0x000015ac   0x00000018   Code   RO          556    .text.osRtxThreadListGet  RTX_CM0.lib(rtx_thread.o)
    0x000015c4   0x000015c4   0x0000003a   Code   RO          554    .text.osRtxThreadListPut  RTX_CM0.lib(rtx_thread.o)
    0x000015fe   0x000015fe   0x00000018   Code   RO          560    .text.osRtxThreadListRemove  RTX_CM0.lib(rtx_thread.o)
    0x00001616   0x00001616   0x00000026   Code   RO          558    .text.osRtxThreadListSort  RTX_CM0.lib(rtx_thread.o)
    0x0000163c   0x0000163c   0x00000026   Code   RO          630    .text.osRtxThreadPostProcess  RTX_CM0.lib(rtx_thread.o)
    0x00001662   0x00001662   0x00000002   PAD
    0x00001664   0x00001664   0x00000018   Code   RO          562    .text.osRtxThreadReadyPut  RTX_CM0.lib(rtx_thread.o)
    0x0000167c   0x0000167c   0x00000006   Code   RO          566    .text.osRtxThreadRegPtr  RTX_CM0.lib(rtx_thread.o)
    0x00001682   0x00001682   0x00000002   PAD
    0x00001684   0x00001684   0x0000002c   Code   RO          570    .text.osRtxThreadStackCheck  RTX_CM0.lib(rtx_thread.o)
    0x000016b0   0x000016b0   0x0000005c   Code   RO          584    .text.osRtxThreadStartup  RTX_CM0.lib(rtx_thread.o)
    0x0000170c   0x0000170c   0x00000014   Code   RO          568    .text.osRtxThreadSwitch  RTX_CM0.lib(rtx_thread.o)
    0x00001720   0x00001720   0x00000038   Code   RO          580    .text.osRtxThreadWaitEnter  RTX_CM0.lib(rtx_thread.o)
    0x00001758   0x00001758   0x00000022   Code   RO          576    .text.osRtxThreadWaitExit  RTX_CM0.lib(rtx_thread.o)
    0x0000177a   0x0000177a   0x00000002   PAD
    0x0000177c   0x0000177c   0x00000074   Code   RO          889    .text.osRtxTick_Handler  RTX_CM0.lib(rtx_system.o)
    0x000017f0   0x000017f0   0x00000040   Code   RO          774    .text.osRtxTimerThread  RTX_CM0.lib(rtx_timer.o)
    0x00001830   0x00001830   0x00000060   Code   RO          776    .text.osRtxTimerTick  RTX_CM0.lib(rtx_timer.o)
    0x00001890   0x00001890   0x0000000c   Code   RO          614    .text.osThreadExit  RTX_CM0.lib(rtx_thread.o)
    0x0000189c   0x0000189c   0x00000024   Code   RO          588    .text.osThreadNew   RTX_CM0.lib(rtx_thread.o)
    0x000018c0   0x000018c0   0x00000074   Code   RO          707    .text.svcRtxEventFlagsNew  RTX_CM0.lib(rtx_evflags.o)
    0x00001934   0x00001934   0x00000090   Code   RO          715    .text.svcRtxEventFlagsSet  RTX_CM0.lib(rtx_evflags.o)
    0x000019c4   0x000019c4   0x00000078   Code   RO          717    .text.svcRtxEventFlagsWait  RTX_CM0.lib(rtx_evflags.o)
    0x00001a3c   0x00001a3c   0x0000000c   Code   RO          497    .text.svcRtxKernelGetState  RTX_CM0.lib(rtx_kernel.o)
    0x00001a48   0x00001a48   0x0000017c   Code   RO          527    .text.svcRtxKernelInitialize  RTX_CM0.lib(rtx_kernel.o)
    0x00001bc4   0x00001bc4   0x00000088   Code   RO          529    .text.svcRtxKernelStart  RTX_CM0.lib(rtx_kernel.o)
    0x00001c4c   0x00001c4c   0x000000f0   Code   RO          978    .text.svcRtxMessageQueueGet  RTX_CM0.lib(rtx_msgqueue.o)
    0x00001d3c   0x00001d3c   0x000001d4   Code   RO          964    .text.svcRtxMessageQueueNew  RTX_CM0.lib(rtx_msgqueue.o)
    0x00001f10   0x00001f10   0x000000d0   Code   RO          974    .text.svcRtxMessageQueuePut  RTX_CM0.lib(rtx_msgqueue.o)
    0x00001fe0   0x00001fe0   0x000000a0   Code   RO          750    .text.svcRtxMutexAcquire  RTX_CM0.lib(rtx_mutex.o)
    0x00002080   0x00002080   0x000000d0   Code   RO          756    .text.svcRtxMutexDelete  RTX_CM0.lib(rtx_mutex.o)
    0x00002150   0x00002150   0x00000078   Code   RO          746    .text.svcRtxMutexNew  RTX_CM0.lib(rtx_mutex.o)
    0x000021c8   0x000021c8   0x000000c0   Code   RO          752    .text.svcRtxMutexRelease  RTX_CM0.lib(rtx_mutex.o)
    0x00002288   0x00002288   0x0000006c   Code   RO          662    .text.svcRtxThreadExit  RTX_CM0.lib(rtx_thread.o)
    0x000022f4   0x000022f4   0x00000200   Code   RO          586    .text.svcRtxThreadNew  RTX_CM0.lib(rtx_thread.o)
    0x000024f4   0x000024f4   0x00000034   Code   RO           94    i.DMA0_IRQHandler   dma.o
    0x00002528   0x00002528   0x00000050   Code   RO           74    i.Init_DAC          dac.o
    0x00002578   0x00002578   0x0000007c   Code   RO           95    i.Init_DMA          dma.o
    0x000025f4   0x000025f4   0x00000012   Code   RO           96    i.Init_DMA_For_Playback  dma.o
    0x00002606   0x00002606   0x00000002   PAD
    0x00002608   0x00002608   0x00000074   Code   RO          297    i.Init_TPM          timers.o
    0x0000267c   0x0000267c   0x00000140   Code   RO          246    i.Init_UART0        uart.o
    0x000027bc   0x000027bc   0x00000050   Code   RO           97    i.Play_Recording    dma.o
    0x0000280c   0x0000280c   0x0000004c   Code   RO          193    i.Q_Dequeue         queue.o
    0x00002858   0x00002858   0x00000010   Code   RO          194    i.Q_Empty           queue.o
    0x00002868   0x00002868   0x00000044   Code   RO          195    i.Q_Enqueue         queue.o
    0x000028ac   0x000028ac   0x00000014   Code   RO          196    i.Q_Full            queue.o
    0x000028c0   0x000028c0   0x0000001c   Code   RO          197    i.Q_Init            queue.o
    0x000028dc   0x000028dc   0x00000050   Code   RO          247    i.Send_String       uart.o
    0x0000292c   0x0000292c   0x00000014   Code   RO          298    i.Start_TPM         timers.o
    0x00002940   0x00002940   0x00000190   Code   RO          458    i.SystemCoreClockUpdate  system_mkl25z4.o
    0x00002ad0   0x00002ad0   0x00000138   Code   RO          459    i.SystemInit        system_mkl25z4.o
    0x00002c08   0x00002c08   0x0000001c   Code   RO          299    i.TPM0_IRQHandler   timers.o
    0x00002c24   0x00002c24   0x00000038   Code   RO          155    i.Thread_Testing    threads.o
    0x00002c5c   0x00002c5c   0x00000094   Code   RO          248    i.UART0_IRQHandler  uart.o
    0x00002cf0   0x00002cf0   0x0000001c   Code   RO          437    i.__ARM_common_switch8  rtx_config.o
    0x00002d0c   0x00002d0c   0x00000018   Code   RO          300    i.__NVIC_ClearPendingIRQ  timers.o
    0x00002d24   0x00002d24   0x00000078   Code   RO           98    i.__NVIC_SetPriority  dma.o
    0x00002d9c   0x00002d9c   0x00000078   Code   RO          249    i.__NVIC_SetPriority  uart.o
    0x00002e14   0x00002e14   0x00000078   Code   RO          301    i.__NVIC_SetPriority  timers.o
    0x00002e8c   0x00002e8c   0x00000018   Code   RO          343    i._mutex_acquire    rtx_lib.o
    0x00002ea4   0x00002ea4   0x0000000c   Code   RO          344    i._mutex_free       rtx_lib.o
    0x00002eb0   0x00002eb0   0x00000024   Code   RO          345    i._mutex_initialize  rtx_lib.o
    0x00002ed4   0x00002ed4   0x00000014   Code   RO          346    i._mutex_release    rtx_lib.o
    0x00002ee8   0x00002ee8   0x00000008   Code   RO          347    i._platform_post_stackheap_init  rtx_lib.o
    0x00002ef0   0x00002ef0   0x00000044   Code   RO            3    i.main              main.o
    0x00002f34   0x00002f34   0x00000020   Code   RO          416    i.osRtxErrorNotify  rtx_config.o
    0x00002f54   0x00002f54   0x00000004   Code   RO          417    i.osRtxIdleThread   rtx_config.o
    0x00002f58   0x00002f58   0x00000024   Code   RO          348    i.os_kernel_is_active  rtx_lib.o
    0x00002f7c   0x00002f7c   0x00000000   Code   RO         1022    x$fpl$usenofp       fz_ps.l(usenofp.o)
    0x00002f7c   0x00002f7c   0x00001118   Data   RO          156    .constdata          threads.o
    0x00004094   0x00004094   0x00000064   Data   RO          355    .constdata          rtx_lib.o
    0x000040f8   0x000040f8   0x00000001   Data   RO          768    .constdata          RTX_CM0.lib(irq_cm0.o)
    0x000040f9   0x000040f9   0x00000080   Data   RO         1011    .constdata          fz_ps.l(ddiv.o)
    0x00004179   0x00004179   0x00000003   PAD
    0x0000417c   0x0000417c   0x00000068   Data   RO          357    .rodata             rtx_lib.o
    0x000041e4   0x000041e4   0x0000000b   Data   RO          541    .rodata.str1.4      RTX_CM0.lib(rtx_kernel.o)
    0x000041ef   0x000041ef   0x00000001   PAD
    0x000041f0   0x000041f0   0x00000020   Data   RO         1181    Region$$Table       anon$$obj.o


    Execution Region ER_RW (Exec base: 0x1ffff000, Load base: 0x00004210, Size: 0x000026dc, Max: 0xffffffff, ABSOLUTE, COMPRESSED[0x00000c20])

    Exec Addr    Load Addr    Size         Type   Attr      Idx    E Section Name        Object

    0x1ffff000   COMPRESSED   0x00001040   Data   RW          349    .bss.os             rtx_lib.o
    0x20000040   COMPRESSED   0x00000034   Data   RW          351    .bss.os.msgqueue.cb  rtx_lib.o
    0x20000074   COMPRESSED   0x00000050   Data   RW          352    .bss.os.msgqueue.mem  rtx_lib.o
    0x200000c4   COMPRESSED   0x00000088   Data   RW          353    .bss.os.thread.cb   rtx_lib.o
    0x2000014c   COMPRESSED   0x00000004   PAD
    0x20000150   COMPRESSED   0x00000200   Data   RW          354    .bss.os.thread.stack  rtx_lib.o
    0x20000350   COMPRESSED   0x00000008   Data   RW           99    .data               dma.o
    0x20000358   COMPRESSED   0x000012c8   Data   RW          157    .data               threads.o
    0x20001620   COMPRESSED   0x0000000c   Data   RW          251    .data               uart.o
    0x2000162c   COMPRESSED   0x00000005   Data   RW          356    .data               rtx_lib.o
    0x20001631   COMPRESSED   0x00000003   PAD
    0x20001634   COMPRESSED   0x00000004   Data   RW          460    .data               system_mkl25z4.o
    0x20001638   COMPRESSED   0x000000a4   Data   RW          542    .data.os            RTX_CM0.lib(rtx_kernel.o)


    Execution Region ER_ZI (Exec base: 0x200016dc, Load base: 0x00004e30, Size: 0x0000037c, Max: 0xffffffff, ABSOLUTE)

    Exec Addr    Load Addr    Size         Type   Attr      Idx    E Section Name        Object

    0x200016dc        -       0x00000218   Zero   RW          250    .bss                uart.o
    0x200018f4        -       0x00000060   Zero   RW         1054    .bss                c_p.l(libspace.o)
    0x20001954        -       0x00000001   Zero   RW          924    .bss.PendST         RTX_CM0.lib(os_systick.o)
    0x20001955   0x00004e30   0x00000003   PAD
    0x20001958        -       0x00000000   Zero   RW          447    HEAP                startup_mkl25z4.o
    0x20001958        -       0x00000100   Zero   RW          446    STACK               startup_mkl25z4.o


==============================================================================

Image component sizes


      Code (inc. data)   RO Data    RW Data    ZI Data      Debug   Object Name

        80         12          0          0          0        447   dac.o
       394         66          0          8          0     221726   dma.o
        68         12          0          0          0     220667   main.o
       208          0          0          0          0       6028   queue.o
        64          8          0          0          0       1137   rtx_config.o
       136          6        204       4945          0      11835   rtx_lib.o
        80         44        192          0        256        980   startup_mkl25z4.o
       712         84          0          4          0       1787   system_mkl25z4.o
        56         22       4376       4808          0       5021   threads.o
       308         46          0          0          0       2585   timers.o
       668         72          0         12        536      11825   uart.o

    ----------------------------------------------------------------------
      2776        372       4804       9784        792     484038   Object Totals
         0          0         32          0          0          0   (incl. Generated)
         2          0          0          7          0          0   (incl. Padding)

    ----------------------------------------------------------------------

      Code (inc. data)   RO Data    RW Data    ZI Data      Debug   Library Member Name

       164          8          1          0          0        500   irq_cm0.o
       138         32          0          0          1       3224   os_systick.o
       724         24          0          0          0      12869   rtx_evflags.o
       648         48         11        164          0      17544   rtx_kernel.o
       260          0          0          0          0       2922   rtx_memory.o
       188          0          0          0          0      14743   rtx_mempool.o
      1634         44          0          0          0      18033   rtx_msgqueue.o
       898         32          0          0          0       9804   rtx_mutex.o
       360         24          0          0          0       4848   rtx_system.o
      1736         96          0          0          0      32232   rtx_thread.o
       236         20          0          0          0      10604   rtx_timer.o
        86          0          0          0          0          0   __dczerorl2.o
         8          0          0          0          0         68   __main.o
         0          0          0          0          0          0   __rtentry.o
        20          0          0          0          0          0   __rtentry2.o
         6          0          0          0          0          0   __rtentry4.o
        60          8          0          0          0          0   __scatter.o
        28          0          0          0          0          0   __scatter_zi.o
       346          0          0          0          0         92   aeabi_sdiv.o
        16          0          0          0          0         68   exit.o
         6          0          0          0          0        136   heapauxi.o
         0          0          0          0          0          0   indicate_semi.o
         2          0          0          0          0          0   libinit.o
         2          0          0          0          0          0   libinit2.o
         2          0          0          0          0          0   libshutdown.o
         2          0          0          0          0          0   libshutdown2.o
         8          4          0          0         96         68   libspace.o
        64          0          0          0          0        108   rt_memclr.o
       186          0          0          0          0        144   rt_memcpy.o
         2          0          0          0          0          0   rtexit.o
        10          0          0          0          0          0   rtexit2.o
        12          4          0          0          0         60   sys_exit.o
        62          0          0          0          0         80   sys_stackheap_outer.o
         2          0          0          0          0         68   use_no_semi.o
      1096         26        128          0          0        112   ddiv.o
        72          4          0          0          0         68   dfixui.o
        88          0          0          0          0         92   dflti.o
         0          0          0          0          0          0   usenofp.o

    ----------------------------------------------------------------------
      9188        374        144        164        100     128487   Library Totals
        16          0          4          0          3          0   (incl. Padding)

    ----------------------------------------------------------------------

      Code (inc. data)   RO Data    RW Data    ZI Data      Debug   Library Name

      6986        328         12        164          1     127323   RTX_CM0.lib
       930         16          0          0         96        892   c_p.l
      1256         30        128          0          0        272   fz_ps.l

    ----------------------------------------------------------------------
      9188        374        144        164        100     128487   Library Totals

    ----------------------------------------------------------------------

==============================================================================


      Code (inc. data)   RO Data    RW Data    ZI Data      Debug   

     11964        746       4948       9948        892     610553   Grand Totals
     11964        746       4948       3104        892     610553   ELF Image Totals (compressed)
     11964        746       4948       3104          0          0   ROM Totals

==============================================================================

    Total RO  Size (Code + RO Data)                16912 (  16.52kB)
    Total RW  Size (RW Data + ZI Data)             10840 (  10.59kB)
    Total ROM Size (Code + RO Data + RW Data)      20016 (  19.55kB)

==============================================================================

