Component: ARM Compiler 5.06 update 6 (build 750) Tool: armlink [4d35ed]

==============================================================================

Section Cross References

    main.o(i.main) refers to system_mkl25z4.o(i.SystemCoreClockUpdate) for SystemCoreClockUpdate
    main.o(i.main) refers to dma.o(i.Init_DMA_For_Playback) for Init_DMA_For_Playback
    main.o(i.main) refers to dac.o(i.Init_DAC) for Init_DAC
    main.o(i.main) refers to leds.o(i.Init_RGB_LEDs) for Init_RGB_LEDs
    main.o(i.main) refers to leds.o(i.Control_RGB_LEDs) for Control_RGB_LEDs
    main.o(i.main) refers to rtx_kernel.o(.text.osKernelInitialize) for osKernelInitialize
    main.o(i.main) refers to rtx_thread.o(.text.osThreadNew) for osThreadNew
    main.o(i.main) refers to rtx_evflags.o(.text.osEventFlagsNew) for osEventFlagsNew
    main.o(i.main) refers to rtx_kernel.o(.text.osKernelStart) for osKernelStart
    main.o(i.main) refers to app.o(i.Thread_APP_POD) for Thread_APP_POD
    main.o(i.main) refers to app.o(.data) for tid_APP
    main.o(i.main) refers to ble.o(i.Thread_BLE) for Thread_BLE
    main.o(i.main) refers to ble.o(.data) for tid_BLE
    dma.o(i.DMA0_IRQHandler) refers to rtx_evflags.o(.text.osEventFlagsSet) for osEventFlagsSet
    dma.o(i.DMA0_IRQHandler) refers to app.o(.data) for DMA_flags
    dma.o(i.Init_DMA) refers to dma.o(i.__NVIC_SetPriority) for __NVIC_SetPriority
    dma.o(i.Init_DMA_For_Playback) refers to dma.o(i.Init_DMA) for Init_DMA
    dma.o(i.Init_DMA_For_Playback) refers to timers.o(i.Init_TPM) for Init_TPM
    dma.o(i.Init_DMA_For_Playback) refers to timers.o(i.Start_TPM) for Start_TPM
    dma.o(i.Play_Recording) refers to dma.o(.data) for Reload_DMA_Source
    queue.o(i.Q_Dequeue) refers to queue.o(i.Q_Empty) for Q_Empty
    queue.o(i.Q_Enqueue) refers to queue.o(i.Q_Full) for Q_Full
    uart.o(i.UART0_IRQHandler) refers to uart.o(.bss) for sUART
    uart.o(i.UART0_init) refers to dflti.o(.text) for __aeabi_ui2d
    uart.o(i.UART0_init) refers to ddiv.o(.text) for __aeabi_ddiv
    uart.o(i.UART0_init) refers to dfixui.o(.text) for __aeabi_d2uiz
    uart.o(i.UART0_init) refers to uart.o(i.__NVIC_SetPriority) for __NVIC_SetPriority
    uart.o(i.UART0_init) refers to utilities.o(i.Util_fillMemory) for Util_fillMemory
    uart.o(i.UART0_init) refers to uart.o(.bss) for sUART
    uart.o(i.UART_Cancel) refers to utilities.o(i.Util_fillMemory) for Util_fillMemory
    uart.o(i.UART_Cancel) refers to uart.o(.bss) for sUART
    uart.o(i.UART_getPacket) refers to uart.o(i.UART_decrementIndex) for UART_decrementIndex
    uart.o(i.UART_getPacket) refers to utilities.o(i.Util_copyMemory) for Util_copyMemory
    uart.o(i.UART_getPacket) refers to uart.o(i.UART_incrementIndex) for UART_incrementIndex
    uart.o(i.UART_getPacket) refers to uart.o(.bss) for sUART
    uart.o(i.UART_receive) refers to utilities.o(i.Util_fillMemory) for Util_fillMemory
    uart.o(i.UART_receive) refers to uart.o(.bss) for sUART
    uart.o(i.UART_resetRxBuffer) refers to utilities.o(i.Util_fillMemory) for Util_fillMemory
    uart.o(i.UART_resetRxBuffer) refers to uart.o(.bss) for sUART
    uart.o(i.UART_send) refers to uart.o(.bss) for sUART
    timers.o(i.Init_TPM) refers to timers.o(i.__NVIC_SetPriority) for __NVIC_SetPriority
    timers.o(i.Init_TPM) refers to timers.o(i.__NVIC_ClearPendingIRQ) for __NVIC_ClearPendingIRQ
    timers.o(i.TPM0_IRQHandler) refers to timers.o(i.__NVIC_ClearPendingIRQ) for __NVIC_ClearPendingIRQ
    utilities.o(i.Util_crc16) refers to crc.o(i.CRC_fastCRC16) for CRC_fastCRC16
    crc.o(i.CRC_fastCRC16) refers to crc.o(.constdata) for crcLookUpTable
    ble.o(i.BLE_BuildPacket) refers to strlen.o(.text) for strlen
    ble.o(i.BLE_BuildPacket) refers to utilities.o(i.Util_crc16) for Util_crc16
    ble.o(i.BLE_BuildPacket) refers to utilities.o(i.Util_copyMemory) for Util_copyMemory
    ble.o(i.BLE_BuildPacket) refers to ble.o(.bss) for sBLE
    ble.o(i.BLE_Send) refers to uart.o(i.UART_send) for UART_send
    ble.o(i.BLE_SendAck) refers to ble.o(i.BLE_BuildPacket) for BLE_BuildPacket
    ble.o(i.BLE_SendAck) refers to ble.o(i.BLE_SendPacket) for BLE_SendPacket
    ble.o(i.BLE_SendCommand) refers to ble.o(i.BLE_BuildPacket) for BLE_BuildPacket
    ble.o(i.BLE_SendCommand) refers to ble.o(i.BLE_SendPacket) for BLE_SendPacket
    ble.o(i.BLE_SendCommand) refers to rtx_evflags.o(.text.osEventFlagsWait) for osEventFlagsWait
    ble.o(i.BLE_SendCommand) refers to ble.o(.bss) for sBLE
    ble.o(i.BLE_SendCommand) refers to ble.o(.data) for BLE_Flags
    ble.o(i.BLE_SendPacket) refers to ble.o(i.BLE_Send) for BLE_Send
    ble.o(i.BLE_SendPacket) refers to ble.o(.bss) for sBLE
    ble.o(i.BLE_connectToDevice) refers to ble.o(i.BLE_Send) for BLE_Send
    ble.o(i.BLE_connectToDevice) refers to rtx_evflags.o(.text.osEventFlagsWait) for osEventFlagsWait
    ble.o(i.BLE_connectToDevice) refers to ble.o(i.BLE_handleReceiveFlag) for BLE_handleReceiveFlag
[...]
    .text                                    0x00000a5a   Section        0  __dczerorl.o(.text)
    [Anonymous Symbol]                       0x00000a94   Section        0  rtx_evflags.o(.text.EventFlagsCheck)
    EventFlagsCheck                          0x00000a95   Thumb Code    82  rtx_evflags.o(.text.EventFlagsCheck)
    [Anonymous Symbol]                       0x00000ae6   Section        0  rtx_msgqueue.o(.text.MessageQueueGet)
    MessageQueueGet                          0x00000ae7   Thumb Code    76  rtx_msgqueue.o(.text.MessageQueueGet)
    [Anonymous Symbol]                       0x00000b32   Section        0  rtx_msgqueue.o(.text.MessageQueuePut)
    MessageQueuePut                          0x00000b33   Thumb Code    96  rtx_msgqueue.o(.text.MessageQueuePut)
    [Anonymous Symbol]                       0x00000b92   Section        0  rtx_msgqueue.o(.text.MessageQueueRemove)
    MessageQueueRemove                       0x00000b93   Thumb Code    40  rtx_msgqueue.o(.text.MessageQueueRemove)
    [Anonymous Symbol]                       0x00000bbc   Section        0  os_systick.o(.text.OS_Tick_AcknowledgeIRQ)
    __arm_cp.3_0                             0x00000bc4   Number         4  os_systick.o(.text.OS_Tick_AcknowledgeIRQ)
    [Anonymous Symbol]                       0x00000bc8   Section        0  os_systick.o(.text.OS_Tick_Enable)
    __arm_cp.1_0                             0x00000be8   Number         4  os_systick.o(.text.OS_Tick_Enable)
    __arm_cp.1_1                             0x00000bec   Number         4  os_systick.o(.text.OS_Tick_Enable)
    __arm_cp.1_2                             0x00000bf0   Number         4  os_systick.o(.text.OS_Tick_Enable)
    [Anonymous Symbol]                       0x00000bf4   Section        0  os_systick.o(.text.OS_Tick_GetIRQn)
    [Anonymous Symbol]                       0x00000bfc   Section        0  os_systick.o(.text.OS_Tick_Setup)
    __arm_cp.0_0                             0x00000c38   Number         4  os_systick.o(.text.OS_Tick_Setup)
    __arm_cp.0_1                             0x00000c3c   Number         4  os_systick.o(.text.OS_Tick_Setup)
    __arm_cp.0_2                             0x00000c40   Number         4  os_systick.o(.text.OS_Tick_Setup)
    __arm_cp.0_3                             0x00000c44   Number         4  os_systick.o(.text.OS_Tick_Setup)
    [Anonymous Symbol]                       0x00000c48   Section        0  rtx_thread.o(.text.ThreadFlagsCheck)
    ThreadFlagsCheck                         0x00000c49   Thumb Code    82  rtx_thread.o(.text.ThreadFlagsCheck)
    [Anonymous Symbol]                       0x00000c9c   Section        0  rtx_timer.o(.text.TimerInsert)
    TimerInsert                              0x00000c9d   Thumb Code    76  rtx_timer.o(.text.TimerInsert)
    __arm_cp.8_0                             0x00000ce4   Number         4  rtx_timer.o(.text.TimerInsert)
    [Anonymous Symbol]                       0x00000ce8   Section        0  rtx_delay.o(.text.osDelay)
    __arm_cp.0_0                             0x00000d0c   Number         4  rtx_delay.o(.text.osDelay)
    [Anonymous Symbol]                       0x00000d10   Section        0  rtx_evflags.o(.text.osEventFlagsClear)
    __arm_cp.3_0                             0x00000d30   Number         4  rtx_evflags.o(.text.osEventFlagsClear)
    [Anonymous Symbol]                       0x00000d34   Section        0  rtx_evflags.o(.text.osEventFlagsNew)
    __arm_cp.0_0                             0x00000d54   Number         4  rtx_evflags.o(.text.osEventFlagsNew)
    [Anonymous Symbol]                       0x00000d58   Section        0  rtx_evflags.o(.text.osEventFlagsSet)
    __arm_cp.2_0                             0x00000dac   Number         4  rtx_evflags.o(.text.osEventFlagsSet)
    [Anonymous Symbol]                       0x00000db0   Section        0  rtx_evflags.o(.text.osEventFlagsWait)
    __arm_cp.7_0                             0x00000dfc   Number         4  rtx_evflags.o(.text.osEventFlagsWait)
    [Anonymous Symbol]                       0x00000e00   Section        0  rtx_kernel.o(.text.osKernelGetState)
    __arm_cp.3_0                             0x00000e28   Number         4  rtx_kernel.o(.text.osKernelGetState)
    __arm_cp.3_1                             0x00000e2c   Number         4  rtx_kernel.o(.text.osKernelGetState)
    [Anonymous Symbol]                       0x00000e30   Section        0  rtx_kernel.o(.text.osKernelInitialize)
    __arm_cp.0_0                             0x00000e50   Number         4  rtx_kernel.o(.text.osKernelInitialize)
    [Anonymous Symbol]                       0x00000e54   Section        0  rtx_kernel.o(.text.osKernelStart)
    __arm_cp.5_0                             0x00000e74   Number         4  rtx_kernel.o(.text.osKernelStart)
    [Anonymous Symbol]                       0x00000e78   Section        0  rtx_msgqueue.o(.text.osMessageQueueGet)
    __arm_cp.3_0                             0x00000eec   Number         4  rtx_msgqueue.o(.text.osMessageQueueGet)
    [Anonymous Symbol]                       0x00000ef0   Section        0  rtx_msgqueue.o(.text.osMessageQueueNew)
    __arm_cp.0_0                             0x00000f10   Number         4  rtx_msgqueue.o(.text.osMessageQueueNew)
    [Anonymous Symbol]                       0x00000f14   Section        0  rtx_msgqueue.o(.text.osMessageQueuePut)
    __arm_cp.2_0                             0x00000f90   Number         4  rtx_msgqueue.o(.text.osMessageQueuePut)
    [Anonymous Symbol]                       0x00000f94   Section        0  rtx_mutex.o(.text.osMutexAcquire)
    __arm_cp.3_0                             0x00000fb8   Number         4  rtx_mutex.o(.text.osMutexAcquire)
    [Anonymous Symbol]                       0x00000fbc   Section        0  rtx_mutex.o(.text.osMutexDelete)
    __arm_cp.6_0                             0x00000fe0   Number         4  rtx_mutex.o(.text.osMutexDelete)
    [Anonymous Symbol]                       0x00000fe4   Section        0  rtx_mutex.o(.text.osMutexNew)
    __arm_cp.1_0                             0x00001004   Number         4  rtx_mutex.o(.text.osMutexNew)
    [Anonymous Symbol]                       0x00001008   Section        0  rtx_mutex.o(.text.osMutexRelease)
    __arm_cp.4_0                             0x0000102c   Number         4  rtx_mutex.o(.text.osMutexRelease)
    [Anonymous Symbol]                       0x00001030   Section        0  rtx_evflags.o(.text.osRtxEventFlagsPostProcess)
    osRtxEventFlagsPostProcess               0x00001031   Thumb Code    58  rtx_evflags.o(.text.osRtxEventFlagsPostProcess)
    [Anonymous Symbol]                       0x0000106a   Section        0  rtx_memory.o(.text.osRtxMemoryAlloc)
    [Anonymous Symbol]                       0x000010e6   Section        0  rtx_memory.o(.text.osRtxMemoryFree)
    [Anonymous Symbol]                       0x00001134   Section        0  rtx_memory.o(.text.osRtxMemoryInit)
    [Anonymous Symbol]                       0x0000116e   Section        0  rtx_mempool.o(.text.osRtxMemoryPoolAlloc)
    [Anonymous Symbol]                       0x000011a6   Section        0  rtx_mempool.o(.text.osRtxMemoryPoolFree)
    [Anonymous Symbol]                       0x000011e6   Section        0  rtx_mempool.o(.text.osRtxMemoryPoolInit)
    [Anonymous Symbol]                       0x0000122a   Section        0  rtx_msgqueue.o(.text.osRtxMessageQueuePostProcess)
    osRtxMessageQueuePostProcess             0x0000122b   Thumb Code   222  rtx_msgqueue.o(.text.osRtxMessageQueuePostProcess)
    [Anonymous Symbol]                       0x00001308   Section        0  rtx_mutex.o(.text.osRtxMutexOwnerRelease)
    [Anonymous Symbol]                       0x00001348   Section        0  rtx_system.o(.text.osRtxPendSV_Handler)
    __arm_cp.1_0                             0x000013cc   Number         4  rtx_system.o(.text.osRtxPendSV_Handler)
    [Anonymous Symbol]                       0x000013d0   Section        0  rtx_system.o(.text.osRtxPostProcess)
    __arm_cp.2_0                             0x00001434   Number         4  rtx_system.o(.text.osRtxPostProcess)
    __arm_cp.2_1                             0x00001438   Number         4  rtx_system.o(.text.osRtxPostProcess)
    [Anonymous Symbol]                       0x0000143c   Section        0  rtx_thread.o(.text.osRtxThreadBlock)
    osRtxThreadBlock                         0x0000143d   Thumb Code    60  rtx_thread.o(.text.osRtxThreadBlock)
    __arm_cp.10_0                            0x00001474   Number         4  rtx_thread.o(.text.osRtxThreadBlock)
    [Anonymous Symbol]                       0x00001478   Section        0  rtx_thread.o(.text.osRtxThreadDelayInsert)
    osRtxThreadDelayInsert                   0x00001479   Thumb Code   140  rtx_thread.o(.text.osRtxThreadDelayInsert)
    __arm_cp.14_0                            0x00001500   Number         4  rtx_thread.o(.text.osRtxThreadDelayInsert)
    [Anonymous Symbol]                       0x00001504   Section        0  rtx_thread.o(.text.osRtxThreadDelayRemove)
    osRtxThreadDelayRemove                   0x00001505   Thumb Code    96  rtx_thread.o(.text.osRtxThreadDelayRemove)
    __arm_cp.12_0                            0x00001560   Number         4  rtx_thread.o(.text.osRtxThreadDelayRemove)
    [Anonymous Symbol]                       0x00001564   Section        0  rtx_thread.o(.text.osRtxThreadDelayTick)
    __arm_cp.5_0                             0x0000159c   Number         4  rtx_thread.o(.text.osRtxThreadDelayTick)
    [Anonymous Symbol]                       0x000015a0   Section        0  rtx_thread.o(.text.osRtxThreadDispatch)
    __arm_cp.9_0                             0x000015f4   Number         4  rtx_thread.o(.text.osRtxThreadDispatch)
    [Anonymous Symbol]                       0x000015f8   Section        0  rtx_thread.o(.text.osRtxThreadFree)
    osRtxThreadFree                          0x000015f9   Thumb Code    84  rtx_thread.o(.text.osRtxThreadFree)
    __arm_cp.52_0                            0x00001648   Number         4  rtx_thread.o(.text.osRtxThreadFree)
    [Anonymous Symbol]                       0x0000164c   Section        0  rtx_thread.o(.text.osRtxThreadListGet)
    [Anonymous Symbol]                       0x00001664   Section        0  rtx_thread.o(.text.osRtxThreadListPut)
    [Anonymous Symbol]                       0x0000169e   Section        0  rtx_thread.o(.text.osRtxThreadListRemove)
    [Anonymous Symbol]                       0x000016b6   Section        0  rtx_thread.o(.text.osRtxThreadListSort)
    [Anonymous Symbol]                       0x000016dc   Section        0  rtx_thread.o(.text.osRtxThreadPostProcess)
    osRtxThreadPostProcess                   0x000016dd   Thumb Code    38  rtx_thread.o(.text.osRtxThreadPostProcess)
    [Anonymous Symbol]                       0x00001704   Section        0  rtx_thread.o(.text.osRtxThreadReadyPut)
    __arm_cp.4_0                             0x00001718   Number         4  rtx_thread.o(.text.osRtxThreadReadyPut)
    [Anonymous Symbol]                       0x0000171c   Section        0  rtx_thread.o(.text.osRtxThreadRegPtr)
    [Anonymous Symbol]                       0x00001724   Section        0  rtx_thread.o(.text.osRtxThreadStackCheck)
    __arm_cp.8_0                             0x00001748   Number         4  rtx_thread.o(.text.osRtxThreadStackCheck)
    __arm_cp.8_1                             0x0000174c   Number         4  rtx_thread.o(.text.osRtxThreadStackCheck)
    [Anonymous Symbol]                       0x00001750   Section        0  rtx_thread.o(.text.osRtxThreadStartup)
    __arm_cp.15_0                            0x0000179c   Number         4  rtx_thread.o(.text.osRtxThreadStartup)
    __arm_cp.15_1                            0x000017a0   Number         4  rtx_thread.o(.text.osRtxThreadStartup)
    __arm_cp.15_2                            0x000017a4   Number         4  rtx_thread.o(.text.osRtxThreadStartup)
    __arm_cp.15_3                            0x000017a8   Number         4  rtx_thread.o(.text.osRtxThreadStartup)
    [Anonymous Symbol]                       0x000017ac   Section        0  rtx_thread.o(.text.osRtxThreadSwitch)
    __arm_cp.7_0                             0x000017bc   Number         4  rtx_thread.o(.text.osRtxThreadSwitch)
    [Anonymous Symbol]                       0x000017c0   Section        0  rtx_thread.o(.text.osRtxThreadWaitEnter)
    __arm_cp.13_0                            0x000017f4   Number         4  rtx_thread.o(.text.osRtxThreadWaitEnter)
    [Anonymous Symbol]                       0x000017f8   Section        0  rtx_thread.o(.text.osRtxThreadWaitExit)
    [Anonymous Symbol]                       0x0000181c   Section        0  rtx_system.o(.text.osRtxTick_Handler)
    __arm_cp.0_0                             0x0000188c   Number         4  rtx_system.o(.text.osRtxTick_Handler)
    [Anonymous Symbol]                       0x00001890   Section        0  rtx_timer.o(.text.osRtxTimerThread)
    __arm_cp.0_0                             0x000018c4   Number         4  rtx_timer.o(.text.osRtxTimerThread)
    __arm_cp.0_1                             0x000018c8   Number         4  rtx_timer.o(.text.osRtxTimerThread)
    __arm_cp.0_2                             0x000018cc   Number         4  rtx_timer.o(.text.osRtxTimerThread)
    [Anonymous Symbol]                       0x000018d0   Section        0  rtx_timer.o(.text.osRtxTimerTick)
    osRtxTimerTick                           0x000018d1   Thumb Code    96  rtx_timer.o(.text.osRtxTimerTick)
    __arm_cp.1_0                             0x0000192c   Number         4  rtx_timer.o(.text.osRtxTimerTick)
    [Anonymous Symbol]                       0x00001930   Section        0  rtx_thread.o(.text.osThreadExit)
    __arm_cp.30_0                            0x00001938   Number         4  rtx_thread.o(.text.osThreadExit)
    [Anonymous Symbol]                       0x0000193c   Section        0  rtx_thread.o(.text.osThreadFlagsSet)
    __arm_cp.34_0                            0x00001994   Number         4  rtx_thread.o(.text.osThreadFlagsSet)
    [Anonymous Symbol]                       0x00001998   Section        0  rtx_thread.o(.text.osThreadNew)
    __arm_cp.17_0                            0x000019b8   Number         4  rtx_thread.o(.text.osThreadNew)
    [Anonymous Symbol]                       0x000019bc   Section        0  rtx_delay.o(.text.svcRtxDelay)
    svcRtxDelay                              0x000019bd   Thumb Code    18  rtx_delay.o(.text.svcRtxDelay)
    [Anonymous Symbol]                       0x000019ce   Section        0  rtx_evflags.o(.text.svcRtxEventFlagsClear)
    svcRtxEventFlagsClear                    0x000019cf   Thumb Code    62  rtx_evflags.o(.text.svcRtxEventFlagsClear)
    [Anonymous Symbol]                       0x00001a0c   Section        0  rtx_evflags.o(.text.svcRtxEventFlagsNew)
    svcRtxEventFlagsNew                      0x00001a0d   Thumb Code   116  rtx_evflags.o(.text.svcRtxEventFlagsNew)
    __arm_cp.9_0                             0x00001a78   Number         4  rtx_evflags.o(.text.svcRtxEventFlagsNew)
    __arm_cp.9_1                             0x00001a7c   Number         4  rtx_evflags.o(.text.svcRtxEventFlagsNew)
    [Anonymous Symbol]                       0x00001a80   Section        0  rtx_evflags.o(.text.svcRtxEventFlagsSet)
    svcRtxEventFlagsSet                      0x00001a81   Thumb Code   144  rtx_evflags.o(.text.svcRtxEventFlagsSet)
    [Anonymous Symbol]                       0x00001b10   Section        0  rtx_evflags.o(.text.svcRtxEventFlagsWait)
    svcRtxEventFlagsWait                     0x00001b11   Thumb Code   120  rtx_evflags.o(.text.svcRtxEventFlagsWait)
    __arm_cp.14_0                            0x00001b84   Number         4  rtx_evflags.o(.text.svcRtxEventFlagsWait)
    [Anonymous Symbol]                       0x00001b88   Section        0  rtx_kernel.o(.text.svcRtxKernelGetState)
    svcRtxKernelGetState                     0x00001b89   Thumb Code    12  rtx_kernel.o(.text.svcRtxKernelGetState)
    __arm_cp.4_0                             0x00001b90   Number         4  rtx_kernel.o(.text.svcRtxKernelGetState)
    [Anonymous Symbol]                       0x00001b94   Section        0  rtx_kernel.o(.text.svcRtxKernelInitialize)
    svcRtxKernelInitialize                   0x00001b95   Thumb Code   380  rtx_kernel.o(.text.svcRtxKernelInitialize)
    __arm_cp.19_0                            0x00001d04   Number         4  rtx_kernel.o(.text.svcRtxKernelInitialize)
    __arm_cp.19_1                            0x00001d08   Number         4  rtx_kernel.o(.text.svcRtxKernelInitialize)
    __arm_cp.19_2                            0x00001d0c   Number         4  rtx_kernel.o(.text.svcRtxKernelInitialize)
    [Anonymous Symbol]                       0x00001d10   Section        0  rtx_kernel.o(.text.svcRtxKernelStart)
    svcRtxKernelStart                        0x00001d11   Thumb Code   136  rtx_kernel.o(.text.svcRtxKernelStart)
    __arm_cp.20_0                            0x00001d88   Number         4  rtx_kernel.o(.text.svcRtxKernelStart)
    __arm_cp.20_1                            0x00001d8c   Number         4  rtx_kernel.o(.text.svcRtxKernelStart)
    __arm_cp.20_2                            0x00001d90   Number         4  rtx_kernel.o(.text.svcRtxKernelStart)
    __arm_cp.20_3                            0x00001d94   Number         4  rtx_kernel.o(.text.svcRtxKernelStart)
    [Anonymous Symbol]                       0x00001d98   Section        0  rtx_msgqueue.o(.text.svcRtxMessageQueueGet)
    svcRtxMessageQueueGet                    0x00001d99   Thumb Code   240  rtx_msgqueue.o(.text.svcRtxMessageQueueGet)
    __arm_cp.21_0                            0x00001e84   Number         4  rtx_msgqueue.o(.text.svcRtxMessageQueueGet)
    [Anonymous Symbol]                       0x00001e88   Section        0  rtx_msgqueue.o(.text.svcRtxMessageQueueNew)
    svcRtxMessageQueueNew                    0x00001e89   Thumb Code   468  rtx_msgqueue.o(.text.svcRtxMessageQueueNew)
    __arm_cp.14_0                            0x00002044   Number         4  rtx_msgqueue.o(.text.svcRtxMessageQueueNew)
    __arm_cp.14_1                            0x00002048   Number         4  rtx_msgqueue.o(.text.svcRtxMessageQueueNew)
    __arm_cp.14_2                            0x0000204c   Number         4  rtx_msgqueue.o(.text.svcRtxMessageQueueNew)
    __arm_cp.14_3                            0x00002050   Number         4  rtx_msgqueue.o(.text.svcRtxMessageQueueNew)
    __arm_cp.14_4                            0x00002054   Number         4  rtx_msgqueue.o(.text.svcRtxMessageQueueNew)
    __arm_cp.14_5                            0x00002058   Number         4  rtx_msgqueue.o(.text.svcRtxMessageQueueNew)
    [Anonymous Symbol]                       0x0000205c   Section        0  rtx_msgqueue.o(.text.svcRtxMessageQueuePut)
    svcRtxMessageQueuePut                    0x0000205d   Thumb Code   208  rtx_msgqueue.o(.text.svcRtxMessageQueuePut)
    __arm_cp.19_0                            0x00002128   Number         4  rtx_msgqueue.o(.text.svcRtxMessageQueuePut)
    [Anonymous Symbol]                       0x0000212c   Section        0  rtx_mutex.o(.text.svcRtxMutexAcquire)
    svcRtxMutexAcquire                       0x0000212d   Thumb Code   160  rtx_mutex.o(.text.svcRtxMutexAcquire)
    __arm_cp.9_0                             0x000021c8   Number         4  rtx_mutex.o(.text.svcRtxMutexAcquire)
    [Anonymous Symbol]                       0x000021cc   Section        0  rtx_mutex.o(.text.svcRtxMutexDelete)
    svcRtxMutexDelete                        0x000021cd   Thumb Code   208  rtx_mutex.o(.text.svcRtxMutexDelete)
    __arm_cp.12_0                            0x00002298   Number         4  rtx_mutex.o(.text.svcRtxMutexDelete)
    [Anonymous Symbol]                       0x0000229c   Section        0  rtx_mutex.o(.text.svcRtxMutexNew)
    svcRtxMutexNew                           0x0000229d   Thumb Code   120  rtx_mutex.o(.text.svcRtxMutexNew)
    __arm_cp.7_0                             0x00002310   Number         4  rtx_mutex.o(.text.svcRtxMutexNew)
    [Anonymous Symbol]                       0x00002314   Section        0  rtx_mutex.o(.text.svcRtxMutexRelease)
    svcRtxMutexRelease                       0x00002315   Thumb Code   192  rtx_mutex.o(.text.svcRtxMutexRelease)
    __arm_cp.10_0                            0x000023d0   Number         4  rtx_mutex.o(.text.svcRtxMutexRelease)
    [Anonymous Symbol]                       0x000023d4   Section        0  rtx_thread.o(.text.svcRtxThreadExit)
    svcRtxThreadExit                         0x000023d5   Thumb Code   108  rtx_thread.o(.text.svcRtxThreadExit)
    __arm_cp.54_0                            0x0000243c   Number         4  rtx_thread.o(.text.svcRtxThreadExit)
    [Anonymous Symbol]                       0x00002440   Section        0  rtx_thread.o(.text.svcRtxThreadFlagsSet)
    svcRtxThreadFlagsSet                     0x00002441   Thumb Code   118  rtx_thread.o(.text.svcRtxThreadFlagsSet)
    [Anonymous Symbol]                       0x000024b8   Section        0  rtx_thread.o(.text.svcRtxThreadNew)
    svcRtxThreadNew                          0x000024b9   Thumb Code   512  rtx_thread.o(.text.svcRtxThreadNew)
    __arm_cp.16_0                            0x000026a0   Number         4  rtx_thread.o(.text.svcRtxThreadNew)
    __arm_cp.16_1                            0x000026a4   Number         4  rtx_thread.o(.text.svcRtxThreadNew)
    __arm_cp.16_2                            0x000026a8   Number         4  rtx_thread.o(.text.svcRtxThreadNew)
    __arm_cp.16_3                            0x000026ac   Number         4  rtx_thread.o(.text.svcRtxThreadNew)
    __arm_cp.16_4                            0x000026b0   Number         4  rtx_thread.o(.text.svcRtxThreadNew)
    __arm_cp.16_5                            0x000026b4   Number         4  rtx_thread.o(.text.svcRtxThreadNew)
    i.BLE_BuildPacket                        0x000026b8   Section        0  ble.o(i.BLE_BuildPacket)
    BLE_BuildPacket                          0x000026b9   Thumb Code    72  ble.o(i.BLE_BuildPacket)
    i.BLE_Send                               0x00002704   Section        0  ble.o(i.BLE_Send)
    BLE_Send                                 0x00002705   Thumb Code    16  ble.o(i.BLE_Send)
    i.BLE_SendAck                            0x00002714   Section        0  ble.o(i.BLE_SendAck)
    i.BLE_SendPacket                         0x0000272c   Section        0  ble.o(i.BLE_SendPacket)
    BLE_SendPacket                           0x0000272d   Thumb Code    30  ble.o(i.BLE_SendPacket)
    i.BLE_handleReceiveFlag                  0x0000275c   Section        0  ble.o(i.BLE_handleReceiveFlag)
    BLE_handleReceiveFlag                    0x0000275d   Thumb Code   266  ble.o(i.BLE_handleReceiveFlag)
    i.BLE_handleUARTCB                       0x0000289c   Section        0  ble.o(i.BLE_handleUARTCB)
    BLE_handleUARTCB                         0x0000289d   Thumb Code    52  ble.o(i.BLE_handleUARTCB)
    i.BLE_init                               0x000028d4   Section        0  ble.o(i.BLE_init)
    i.BLE_searchForKeyword                   0x000028fc   Section        0  ble.o(i.BLE_searchForKeyword)
    BLE_searchForKeyword                     0x000028fd   Thumb Code    30  ble.o(i.BLE_searchForKeyword)
    i.BLE_validatePacket                     0x00002920   Section        0  ble.o(i.BLE_validatePacket)
    BLE_validatePacket                       0x00002921   Thumb Code    36  ble.o(i.BLE_validatePacket)
    i.CRC_fastCRC16                          0x00002948   Section        0  crc.o(i.CRC_fastCRC16)
    i.Control_RGB_LEDs                       0x00002974   Section        0  leds.o(i.Control_RGB_LEDs)
    i.DMA0_IRQHandler                        0x000029c0   Section        0  dma.o(i.DMA0_IRQHandler)
    i.Init_DAC                               0x000029f4   Section        0  dac.o(i.Init_DAC)
    i.Init_DMA                               0x00002a44   Section        0  dma.o(i.Init_DMA)
    i.Init_DMA_For_Playback                  0x00002ac0   Section        0  dma.o(i.Init_DMA_For_Playback)
    i.Init_RGB_LEDs                          0x00002ad4   Section        0  leds.o(i.Init_RGB_LEDs)
    i.Init_TPM                               0x00002b60   Section        0  timers.o(i.Init_TPM)
    i.Play_Recording                         0x00002bd4   Section        0  dma.o(i.Play_Recording)
    i.Start_TPM                              0x00002c24   Section        0  timers.o(i.Start_TPM)
    i.SystemCoreClockUpdate                  0x00002c38   Section        0  system_mkl25z4.o(i.SystemCoreClockUpdate)
    i.SystemInit                             0x00002dc8   Section        0  system_mkl25z4.o(i.SystemInit)
    i.TPM0_IRQHandler                        0x00002f00   Section        0  timers.o(i.TPM0_IRQHandler)
    i.Thread_APP_POD                         0x00002f1c   Section        0  app.o(i.Thread_APP_POD)
    i.Thread_BLE                             0x0000305c   Section        0  ble.o(i.Thread_BLE)
    i.UART0_IRQHandler                       0x000030ac   Section        0  uart.o(i.UART0_IRQHandler)
    i.UART0_init                             0x0000312c   Section        0  uart.o(i.UART0_init)
    i.UART_Cancel                            0x00003284   Section        0  uart.o(i.UART_Cancel)
    i.UART_decrementIndex                    0x000032a8   Section        0  uart.o(i.UART_decrementIndex)
    UART_decrementIndex                      0x000032a9   Thumb Code    22  uart.o(i.UART_decrementIndex)
    i.UART_getPacket                         0x000032c0   Section        0  uart.o(i.UART_getPacket)
    i.UART_incrementIndex                    0x00003384   Section        0  uart.o(i.UART_incrementIndex)
    UART_incrementIndex                      0x00003385   Thumb Code     8  uart.o(i.UART_incrementIndex)
    i.UART_send                              0x0000338c   Section        0  uart.o(i.UART_send)
    i.Util_copyMemory                        0x000033d8   Section        0  utilities.o(i.Util_copyMemory)
    i.Util_crc16                             0x000033f0   Section        0  utilities.o(i.Util_crc16)
    i.Util_fillMemory                        0x0000340c   Section        0  utilities.o(i.Util_fillMemory)
    i.__ARM_common_switch8                   0x0000341e   Section        0  rtx_config.o(i.__ARM_common_switch8)
    i.__NVIC_ClearPendingIRQ                 0x0000343c   Section        0  timers.o(i.__NVIC_ClearPendingIRQ)
    __NVIC_ClearPendingIRQ                   0x0000343d   Thumb Code    18  timers.o(i.__NVIC_ClearPendingIRQ)
    i.__NVIC_SetPriority                     0x00003454   Section        0  dma.o(i.__NVIC_SetPriority)
    __NVIC_SetPriority                       0x00003455   Thumb Code   110  dma.o(i.__NVIC_SetPriority)
    i.__NVIC_SetPriority                     0x000034cc   Section        0  uart.o(i.__NVIC_SetPriority)
    __NVIC_SetPriority                       0x000034cd   Thumb Code   110  uart.o(i.__NVIC_SetPriority)
    i.__NVIC_SetPriority                     0x00003544   Section        0  timers.o(i.__NVIC_SetPriority)
    __NVIC_SetPriority                       0x00003545   Thumb Code   110  timers.o(i.__NVIC_SetPriority)
    i._mutex_acquire                         0x000035bc   Section        0  rtx_lib.o(i._mutex_acquire)
    __tagsym$$used                           0x000035bd   Number         0  rtx_lib.o(i._mutex_acquire)
    i._mutex_free                            0x000035d4   Section        0  rtx_lib.o(i._mutex_free)
    __tagsym$$used                           0x000035d5   Number         0  rtx_lib.o(i._mutex_free)
    i._mutex_initialize                      0x000035e0   Section        0  rtx_lib.o(i._mutex_initialize)
    __tagsym$$used                           0x000035e1   Number         0  rtx_lib.o(i._mutex_initialize)
    i._mutex_release                         0x00003604   Section        0  rtx_lib.o(i._mutex_release)
    __tagsym$$used                           0x00003605   Number         0  rtx_lib.o(i._mutex_release)
    i._platform_post_stackheap_init          0x00003618   Section        0  rtx_lib.o(i._platform_post_stackheap_init)
    i.main                                   0x00003620   Section        0  main.o(i.main)
    i.osRtxErrorNotify                       0x00003680   Section        0  rtx_config.o(i.osRtxErrorNotify)
    i.osRtxIdleThread                        0x000036a0   Section        0  rtx_config.o(i.osRtxIdleThread)
    i.os_kernel_is_active                    0x000036a4   Section        0  rtx_lib.o(i.os_kernel_is_active)
    os_kernel_is_active                      0x000036a5   Thumb Code    30  rtx_lib.o(i.os_kernel_is_active)
    i.playBadNoise                           0x000036c8   Section        0  app.o(i.playBadNoise)
    i.playGoodNoise                          0x000036f8   Section        0  app.o(i.playGoodNoise)
    .constdata                               0x00003728   Section      512  crc.o(.constdata)
    x$fpl$usenofp                            0x00003728   Section        0  usenofp.o(x$fpl$usenofp)
    crcLookUpTable                           0x00003728   Data         512  crc.o(.constdata)
    .constdata                               0x00003928   Section    12008  app.o(.constdata)
    .constdata                               0x00006810   Section      100  rtx_lib.o(.constdata)
    os_idle_thread_attr                      0x00006810   Data          36  rtx_lib.o(.constdata)
    os_timer_thread_attr                     0x00006834   Data          36  rtx_lib.o(.constdata)
    os_timer_mq_attr                         0x00006858   Data          24  rtx_lib.o(.constdata)
    .constdata                               0x00006874   Section        1  irq_cm0.o(.constdata)
    .constdata                               0x00006875   Section      128  ddiv.o(.constdata)
    ddiv_reciptbl                            0x00006875   Data         128  ddiv.o(.constdata)
    .rodata                                  0x000068f8   Section      104  rtx_lib.o(.rodata)
    __tagsym$$used                           0x000068f8   Number         0  rtx_lib.o(.rodata)
    [Anonymous Symbol]                       0x00006960   Section        0  rtx_kernel.o(.rodata.str1.4)
    .L.str                                   0x00006960   Data          11  rtx_kernel.o(.rodata.str1.4)
    .bss.os                                  0x1ffff000   Section     4160  rtx_lib.o(.bss.os)
    os_mem                                   0x1ffff000   Data        4096  rtx_lib.o(.bss.os)
    os_isr_queue                             0x20000000   Data          64  rtx_lib.o(.bss.os)
    .bss.os.msgqueue.cb                      0x20000040   Section       52  rtx_lib.o(.bss.os.msgqueue.cb)
    os_timer_mq_cb                           0x20000040   Data          52  rtx_lib.o(.bss.os.msgqueue.cb)
    .bss.os.msgqueue.mem                     0x20000074   Section       80  rtx_lib.o(.bss.os.msgqueue.mem)
    os_timer_mq_data                         0x20000074   Data          80  rtx_lib.o(.bss.os.msgqueue.mem)
    .bss.os.thread.cb                        0x200000c4   Section      136  rtx_lib.o(.bss.os.thread.cb)
    os_idle_thread_cb                        0x200000c4   Data          68  rtx_lib.o(.bss.os.thread.cb)
    os_timer_thread_cb                       0x20000108   Data          68  rtx_lib.o(.bss.os.thread.cb)
    .bss.os.thread.stack                     0x20000150   Section      512  rtx_lib.o(.bss.os.thread.stack)
    os_idle_thread_stack                     0x20000150   Data         256  rtx_lib.o(.bss.os.thread.stack)
    os_timer_thread_stack                    0x20000250   Data         256  rtx_lib.o(.bss.os.thread.stack)
    .data                                    0x20000350   Section        8  dma.o(.data)
    Reload_DMA_Source                        0x20000350   Data           4  dma.o(.data)
    Reload_DMA_Byte_Count                    0x20000354   Data           4  dma.o(.data)
    .data                                    0x20000358   Section        8  ble.o(.data)
    .data                                    0x20000360   Section       16  app.o(.data)
    .data                                    0x20000370   Section        5  rtx_lib.o(.data)
    os_kernel_active                         0x20000374   Data           1  rtx_lib.o(.data)
    .data                                    0x20000378   Section        4  system_mkl25z4.o(.data)
    .bss                                     0x20000420   Section      268  uart.o(.bss)
    sUART                                    0x20000420   Data         268  uart.o(.bss)
    .bss                                     0x2000052c   Section      899  ble.o(.bss)
    sBLE                                     0x2000052c   Data         899  ble.o(.bss)
    .bss                                     0x200008af   Section      128  app.o(.bss)
    sAPP                                     0x200008af   Data         128  app.o(.bss)
    .bss                                     0x20000930   Section       96  libspace.o(.bss)
    [Anonymous Symbol]                       0x20000990   Section        0  os_systick.o(.bss.PendST)
    PendST                                   0x20000990   Data           1  os_systick.o(.bss.PendST)
    HEAP                                     0x20000998   Section        0  startup_mkl25z4.o(HEAP)
    STACK                                    0x20000998   Section      256  startup_mkl25z4.o(STACK)
    Heap_Mem                                 0x20000998   Data           0  startup_mkl25z4.o(HEAP)
    Stack_Mem                                0x20000998   Data         256  startup_mkl25z4.o(STACK)
    __initial_sp                             0x20000a98   Data           0  startup_mkl25z4.o(STACK)

    Global Symbols

    Symbol Name                              Value     Ov Type        Size  Object(Section)

    BuildAttributes$$THM_ISAv3M$S$PE$A:L22$X:L11$S22$IEEE1$IW$~IW$USESV6$~STKCKD$USESV7$~SHL$OSPACE$ROPI$EBA8$UX$STANDARDLIB$REQ8$PRES8$EABIv2 0x00000000   Number         0  anon$$obj.o ABSOLUTE
    __ARM_use_no_argv                        0x00000000   Number         0  main.o ABSOLUTE
    __Vectors                                0x00000000   Data           4  startup_mkl25z4.o(RESET)
    .bss.os.evflags.cb$$Base                  - Undefined Weak Reference
    .bss.os.evflags.cb$$Limit                 - Undefined Weak Reference
    .bss.os.mempool.cb$$Base                  - Undefined Weak Reference
    .bss.os.mempool.cb$$Limit                 - Undefined Weak Reference
    .bss.os.mutex.cb$$Base                    - Undefined Weak Reference
    .bss.os.mutex.cb$$Limit                   - Undefined Weak Reference
    .bss.os.semaphore.cb$$Base                - Undefined Weak Reference
    .bss.os.semaphore.cb$$Limit               - Undefined Weak Reference
    .bss.os.timer.cb$$Base                    - Undefined Weak Reference
    .bss.os.timer.cb$$Limit                   - Undefined Weak Reference
    __ARM_exceptions_init                     - Undefined Weak Reference
    __alloca_initialize                       - Undefined Weak Reference
    __arm_preinit_                            - Undefined Weak Reference
    __cpp_initialize__aeabi_                  - Undefined Weak Reference
    __cxa_finalize                            - Undefined Weak Reference
    __rt_locale                               - Undefined Weak Reference
    __sigvec_lookup                           - Undefined Weak Reference
    _atexit_init                              - Undefined Weak Reference
    _call_atexit_fns                          - Undefined Weak Reference
    _clock_init                               - Undefined Weak Reference
    _fp_trap_init                             - Undefined Weak Reference
    _fp_trap_shutdown                         - Undefined Weak Reference
    _get_lc_collate                           - Undefined Weak Reference
    _get_lc_ctype                             - Undefined Weak Reference
    _get_lc_monetary                          - Undefined Weak Reference
    _get_lc_numeric                           - Undefined Weak Reference
    _get_lc_time                              - Undefined Weak Reference
    _getenv_init                              - Undefined Weak Reference
    _handle_redirection                       - Undefined Weak Reference
    _init_alloc                               - Undefined Weak Reference
    _init_user_alloc                          - Undefined Weak Reference
    _initio                                   - Undefined Weak Reference
    _rand_init                                - Undefined Weak Reference
    _signal_finish                            - Undefined Weak Reference
    _signal_init                              - Undefined Weak Reference
    _terminate_alloc                          - Undefined Weak Reference
    _terminate_user_alloc                     - Undefined Weak Reference
    _terminateio                              - Undefined Weak Reference
    __Vectors_End                            0x000000c0   Data           0  startup_mkl25z4.o(RESET)
    __Vectors_Size                           0x000000c0   Number         0  startup_mkl25z4.o ABSOLUTE
    __main                                   0x000000c1   Thumb Code     8  __main.o(!!!main)
    __scatterload                            0x000000c9   Thumb Code     0  __scatter.o(!!!scatter)
    __scatterload_rt2                        0x000000c9   Thumb Code    52  __scatter.o(!!!scatter)
    __scatterload_rt2_thumb_only             0x000000c9   Thumb Code     0  __scatter.o(!!!scatter)
    __scatterload_null                       0x000000d9   Thumb Code     0  __scatter.o(!!!scatter)
    __scatterload_zeroinit                   0x00000105   Thumb Code    28  __scatter_zi.o(!!handler_zi)
    __rt_lib_init                            0x00000121   Thumb Code     0  libinit.o(.ARM.Collect$$libinit$$00000000)
    __rt_lib_init_alloca_1                   0x00000123   Thumb Code     0  libinit2.o(.ARM.Collect$$libinit$$0000002E)
    __rt_lib_init_argv_1                     0x00000123   Thumb Code     0  libinit2.o(.ARM.Collect$$libinit$$0000002C)
    __rt_lib_init_atexit_1                   0x00000123   Thumb Code     0  libinit2.o(.ARM.Collect$$libinit$$0000001B)
    __rt_lib_init_clock_1                    0x00000123   Thumb Code     0  libinit2.o(.ARM.Collect$$libinit$$00000021)
    __rt_lib_init_cpp_1                      0x00000123   Thumb Code     0  libinit2.o(.ARM.Collect$$libinit$$00000032)
    __rt_lib_init_exceptions_1               0x00000123   Thumb Code     0  libinit2.o(.ARM.Collect$$libinit$$00000030)
    __rt_lib_init_fp_1                       0x00000123   Thumb Code     0  libinit2.o(.ARM.Collect$$libinit$$00000002)
    __rt_lib_init_fp_trap_1                  0x00000123   Thumb Code     0  libinit2.o(.ARM.Collect$$libinit$$0000001F)
    __rt_lib_init_getenv_1                   0x00000123   Thumb Code     0  libinit2.o(.ARM.Collect$$libinit$$00000023)
    __rt_lib_init_heap_1                     0x00000123   Thumb Code     0  libinit2.o(.ARM.Collect$$libinit$$0000000A)
    __rt_lib_init_lc_collate_1               0x00000123   Thumb Code     0  libinit2.o(.ARM.Collect$$libinit$$00000011)
    __rt_lib_init_lc_ctype_1                 0x00000123   Thumb Code     0  libinit2.o(.ARM.Collect$$libinit$$00000013)
    __rt_lib_init_lc_monetary_1              0x00000123   Thumb Code     0  libinit2.o(.ARM.Collect$$libinit$$00000015)
    __rt_lib_init_lc_numeric_1               0x00000123   Thumb Code     0  libinit2.o(.ARM.Collect$$libinit$$00000017)
    __rt_lib_init_lc_time_1                  0x00000123   Thumb Code     0  libinit2.o(.ARM.Collect$$libinit$$00000019)
    __rt_lib_init_preinit_1                  0x00000123   Thumb Code     0  libinit2.o(.ARM.Collect$$libinit$$00000004)
    __rt_lib_init_rand_1                     0x00000123   Thumb Code     0  libinit2.o(.ARM.Collect$$libinit$$0000000E)
    __rt_lib_init_return                     0x00000123   Thumb Code     0  libinit2.o(.ARM.Collect$$libinit$$00000033)
    __rt_lib_init_signal_1                   0x00000123   Thumb Code     0  libinit2.o(.ARM.Collect$$libinit$$0000001D)
    __rt_lib_init_stdio_1                    0x00000123   Thumb Code     0  libinit2.o(.ARM.Collect$$libinit$$00000025)
    __rt_lib_init_user_alloc_1               0x00000123   Thumb Code     0  libinit2.o(.ARM.Collect$$libinit$$0000000C)
    __rt_lib_shutdown                        0x00000125   Thumb Code     0  libshutdown.o(.ARM.Collect$$libshutdown$$00000000)
    __rt_lib_shutdown_cpp_1                  0x00000127   Thumb Code     0  libshutdown2.o(.ARM.Collect$$libshutdown$$00000002)
    __rt_lib_shutdown_fp_trap_1              0x00000127   Thumb Code     0  libshutdown2.o(.ARM.Collect$$libshutdown$$00000007)
    __rt_lib_shutdown_heap_1                 0x00000127   Thumb Code     0  libshutdown2.o(.ARM.Collect$$libshutdown$$0000000F)
    __rt_lib_shutdown_return                 0x00000127   Thumb Code     0  libshutdown2.o(.ARM.Collect$$libshutdown$$00000010)
    __rt_lib_shutdown_signal_1               0x00000127   Thumb Code     0  libshutdown2.o(.ARM.Collect$$libshutdown$$0000000A)
    __rt_lib_shutdown_stdio_1                0x00000127   Thumb Code     0  libshutdown2.o(.ARM.Collect$$libshutdown$$00000004)
    __rt_lib_shutdown_user_alloc_1           0x00000127   Thumb Code     0  libshutdown2.o(.ARM.Collect$$libshutdown$$0000000C)
    __rt_entry                               0x00000129   Thumb Code     0  __rtentry.o(.ARM.Collect$$rtentry$$00000000)
    __rt_entry_presh_1                       0x00000129   Thumb Code     0  __rtentry2.o(.ARM.Collect$$rtentry$$00000002)
    __rt_entry_sh                            0x00000129   Thumb Code     0  __rtentry4.o(.ARM.Collect$$rtentry$$00000004)
    __rt_entry_postsh_1                      0x0000012f   Thumb Code     0  __rtentry2.o(.ARM.Collect$$rtentry$$00000008)
    __rt_entry_li                            0x00000137   Thumb Code     0  __rtentry2.o(.ARM.Collect$$rtentry$$0000000A)
    __rt_entry_main                          0x0000013b   Thumb Code     0  __rtentry2.o(.ARM.Collect$$rtentry$$0000000D)
    __rt_entry_postli_1                      0x0000013b   Thumb Code     0  __rtentry2.o(.ARM.Collect$$rtentry$$0000000C)
    __rt_exit                                0x00000143   Thumb Code     0  rtexit.o(.ARM.Collect$$rtexit$$00000000)
    __rt_exit_ls                             0x00000145   Thumb Code     0  rtexit2.o(.ARM.Collect$$rtexit$$00000003)
    __rt_exit_prels_1                        0x00000145   Thumb Code     0  rtexit2.o(.ARM.Collect$$rtexit$$00000002)
    __rt_exit_exit                           0x00000149   Thumb Code     0  rtexit2.o(.ARM.Collect$$rtexit$$00000004)
    __aeabi_memcpy4                          0x00000151   Thumb Code    56  rt_memcpy.o(.emb_text)
    __aeabi_memcpy8                          0x00000151   Thumb Code     0  rt_memcpy.o(.emb_text)
    Reset_Handler                            0x00000189   Thumb Code    12  startup_mkl25z4.o(.text)
    NMI_Handler                              0x00000195   Thumb Code     2  startup_mkl25z4.o(.text)
    HardFault_Handler                        0x00000197   Thumb Code     2  startup_mkl25z4.o(.text)
    ADC0_IRQHandler                          0x0000019f   Thumb Code     0  startup_mkl25z4.o(.text)
    CMP0_IRQHandler                          0x0000019f   Thumb Code     0  startup_mkl25z4.o(.text)
    DAC0_IRQHandler                          0x0000019f   Thumb Code     0  startup_mkl25z4.o(.text)
    DMA1_IRQHandler                          0x0000019f   Thumb Code     0  startup_mkl25z4.o(.text)
    DMA2_IRQHandler                          0x0000019f   Thumb Code     0  startup_mkl25z4.o(.text)
    DMA3_IRQHandler                          0x0000019f   Thumb Code     0  startup_mkl25z4.o(.text)
    DefaultISR                               0x0000019f   Thumb Code     0  startup_mkl25z4.o(.text)
    FTFA_IRQHandler                          0x0000019f   Thumb Code     0  startup_mkl25z4.o(.text)
    I2C0_IRQHandler                          0x0000019f   Thumb Code     0  startup_mkl25z4.o(.text)
    I2C1_IRQHandler                          0x0000019f   Thumb Code     0  startup_mkl25z4.o(.text)
    LLWU_IRQHandler                          0x0000019f   Thumb Code     0  startup_mkl25z4.o(.text)
    LPTMR0_IRQHandler                        0x0000019f   Thumb Code     0  startup_mkl25z4.o(.text)
    LVD_LVW_IRQHandler                       0x0000019f   Thumb Code     0  startup_mkl25z4.o(.text)
    MCG_IRQHandler                           0x0000019f   Thumb Code     0  startup_mkl25z4.o(.text)
    PIT_IRQHandler                           0x0000019f   Thumb Code     0  startup_mkl25z4.o(.text)
    PORTA_IRQHandler                         0x0000019f   Thumb Code     0  startup_mkl25z4.o(.text)
    PORTD_IRQHandler                         0x0000019f   Thumb Code     0  startup_mkl25z4.o(.text)
    RTC_IRQHandler                           0x0000019f   Thumb Code     0  startup_mkl25z4.o(.text)
    RTC_Seconds_IRQHandler                   0x0000019f   Thumb Code     0  startup_mkl25z4.o(.text)
    Reserved20_IRQHandler                    0x0000019f   Thumb Code     0  startup_mkl25z4.o(.text)
    Reserved39_IRQHandler                    0x0000019f   Thumb Code     0  startup_mkl25z4.o(.text)
    Reserved45_IRQHandler                    0x0000019f   Thumb Code     0  startup_mkl25z4.o(.text)
    SPI0_IRQHandler                          0x0000019f   Thumb Code     0  startup_mkl25z4.o(.text)
    SPI1_IRQHandler                          0x0000019f   Thumb Code     0  startup_mkl25z4.o(.text)
    TPM1_IRQHandler                          0x0000019f   Thumb Code     0  startup_mkl25z4.o(.text)
    TPM2_IRQHandler                          0x0000019f   Thumb Code     0  startup_mkl25z4.o(.text)
    TSI0_IRQHandler                          0x0000019f   Thumb Code     0  startup_mkl25z4.o(.text)
    UART1_IRQHandler                         0x0000019f   Thumb Code     0  startup_mkl25z4.o(.text)
    UART2_IRQHandler                         0x0000019f   Thumb Code     0  startup_mkl25z4.o(.text)
    USB0_IRQHandler                          0x0000019f   Thumb Code     0  startup_mkl25z4.o(.text)
    __user_initial_stackheap                 0x000001a5   Thumb Code     0  startup_mkl25z4.o(.text)
    SVC_Handler                              0x000001c9   Thumb Code   132  irq_cm0.o(.text)
    PendSV_Handler                           0x0000024d   Thumb Code    12  irq_cm0.o(.text)
    SysTick_Handler                          0x00000259   Thumb Code    12  irq_cm0.o(.text)
    strstr                                   0x0000026d   Thumb Code    40  strstr.o(.text)
    strlen                                   0x00000295   Thumb Code    62  strlen.o(.text)
    __aeabi_memcpy                           0x000002d9   Thumb Code   130  rt_memcpy.o(.text)
    __rt_memcpy                              0x000002d9   Thumb Code     0  rt_memcpy.o(.text)
    _memset_w                                0x0000035b   Thumb Code    26  rt_memclr.o(.text)
    _memset                                  0x00000375   Thumb Code    30  rt_memclr.o(.text)
    __aeabi_memclr                           0x00000393   Thumb Code     4  rt_memclr.o(.text)
    __rt_memclr                              0x00000393   Thumb Code     0  rt_memclr.o(.text)
    __aeabi_memclr4                          0x00000397   Thumb Code     0  rt_memclr.o(.text)
    __aeabi_memclr8                          0x00000397   Thumb Code     0  rt_memclr.o(.text)
    __rt_memclr_w                            0x00000397   Thumb Code     4  rt_memclr.o(.text)
    __use_two_region_memory                  0x0000039b   Thumb Code     2  heapauxi.o(.text)
    __rt_heap_escrow$2region                 0x0000039d   Thumb Code     2  heapauxi.o(.text)
    __rt_heap_expand$2region                 0x0000039f   Thumb Code     2  heapauxi.o(.text)
    __aeabi_d2uiz                            0x000003a1   Thumb Code     0  dfixui.o(.text)
    _dfixu                                   0x000003a1   Thumb Code    68  dfixui.o(.text)
    exit                                     0x000003e9   Thumb Code    16  exit.o(.text)
    __user_libspace                          0x000003f9   Thumb Code     8  libspace.o(.text)
    __user_perproc_libspace                  0x000003f9   Thumb Code     0  libspace.o(.text)
    __aeabi_uidiv                            0x00000411   Thumb Code     0  aeabi_sdiv.o(.text)
    __aeabi_uidivmod                         0x00000411   Thumb Code    20  aeabi_sdiv.o(.text)
    __aeabi_idiv                             0x00000425   Thumb Code     0  aeabi_sdiv.o(.text)
    __aeabi_idivmod                          0x00000425   Thumb Code   326  aeabi_sdiv.o(.text)
    __aeabi_ddiv                             0x0000056d   Thumb Code     0  ddiv.o(.text)
    _ddiv                                    0x0000056d   Thumb Code  1072  ddiv.o(.text)
    _drdiv                                   0x0000099d   Thumb Code    20  ddiv.o(.text)
    __aeabi_i2d_normalise                    0x000009b5   Thumb Code    66  dflti.o(.text)
    __aeabi_i2d                              0x000009f7   Thumb Code    16  dflti.o(.text)
    _dflt                                    0x000009f7   Thumb Code     0  dflti.o(.text)
    __aeabi_ui2d                             0x00000a07   Thumb Code     6  dflti.o(.text)
    _dfltu                                   0x00000a07   Thumb Code     0  dflti.o(.text)
    __user_setup_stackheap                   0x00000a0d   Thumb Code    62  sys_stackheap_outer.o(.text)
    _sys_exit                                0x00000a4d   Thumb Code     8  sys_exit.o(.text)
    __I$use$semihosting                      0x00000a59   Thumb Code     0  use_no_semi.o(.text)
    __use_no_semihosting_swi                 0x00000a59   Thumb Code     2  use_no_semi.o(.text)
    __decompress                             0x00000a5b   Thumb Code     0  __dczerorl.o(.text)
    __decompress0                            0x00000a5b   Thumb Code    58  __dczerorl.o(.text)
    __semihosting_library_function           0x00000a5b   Thumb Code     0  indicate_semi.o(.text)
    OS_Tick_AcknowledgeIRQ                   0x00000bbd   Thumb Code    12  os_systick.o(.text.OS_Tick_AcknowledgeIRQ)
    OS_Tick_Enable                           0x00000bc9   Thumb Code    44  os_systick.o(.text.OS_Tick_Enable)
    OS_Tick_GetIRQn                          0x00000bf5   Thumb Code     6  os_systick.o(.text.OS_Tick_GetIRQn)
    OS_Tick_Setup                            0x00000bfd   Thumb Code    76  os_systick.o(.text.OS_Tick_Setup)
    osDelay                                  0x00000ce9   Thumb Code    40  rtx_delay.o(.text.osDelay)
    osEventFlagsClear                        0x00000d11   Thumb Code    36  rtx_evflags.o(.text.osEventFlagsClear)
    osEventFlagsNew                          0x00000d35   Thumb Code    36  rtx_evflags.o(.text.osEventFlagsNew)
    osEventFlagsSet                          0x00000d59   Thumb Code    88  rtx_evflags.o(.text.osEventFlagsSet)
    osEventFlagsWait                         0x00000db1   Thumb Code    80  rtx_evflags.o(.text.osEventFlagsWait)
    osKernelGetState                         0x00000e01   Thumb Code    48  rtx_kernel.o(.text.osKernelGetState)
    osKernelInitialize                       0x00000e31   Thumb Code    36  rtx_kernel.o(.text.osKernelInitialize)
    osKernelStart                            0x00000e55   Thumb Code    36  rtx_kernel.o(.text.osKernelStart)
    osMessageQueueGet                        0x00000e79   Thumb Code   120  rtx_msgqueue.o(.text.osMessageQueueGet)
    osMessageQueueNew                        0x00000ef1   Thumb Code    36  rtx_msgqueue.o(.text.osMessageQueueNew)
    osMessageQueuePut                        0x00000f15   Thumb Code   128  rtx_msgqueue.o(.text.osMessageQueuePut)
    osMutexAcquire                           0x00000f95   Thumb Code    40  rtx_mutex.o(.text.osMutexAcquire)
    osMutexDelete                            0x00000fbd   Thumb Code    40  rtx_mutex.o(.text.osMutexDelete)
    osMutexNew                               0x00000fe5   Thumb Code    36  rtx_mutex.o(.text.osMutexNew)
    osMutexRelease                           0x00001009   Thumb Code    40  rtx_mutex.o(.text.osMutexRelease)
    osRtxMemoryAlloc                         0x0000106b   Thumb Code   124  rtx_memory.o(.text.osRtxMemoryAlloc)
    osRtxMemoryFree                          0x000010e7   Thumb Code    78  rtx_memory.o(.text.osRtxMemoryFree)
    osRtxMemoryInit                          0x00001135   Thumb Code    58  rtx_memory.o(.text.osRtxMemoryInit)
    osRtxMemoryPoolAlloc                     0x0000116f   Thumb Code    56  rtx_mempool.o(.text.osRtxMemoryPoolAlloc)
    osRtxMemoryPoolFree                      0x000011a7   Thumb Code    64  rtx_mempool.o(.text.osRtxMemoryPoolFree)
    osRtxMemoryPoolInit                      0x000011e7   Thumb Code    68  rtx_mempool.o(.text.osRtxMemoryPoolInit)
    osRtxMutexOwnerRelease                   0x00001309   Thumb Code    62  rtx_mutex.o(.text.osRtxMutexOwnerRelease)
    osRtxPendSV_Handler                      0x00001349   Thumb Code   136  rtx_system.o(.text.osRtxPendSV_Handler)
    osRtxPostProcess                         0x000013d1   Thumb Code   108  rtx_system.o(.text.osRtxPostProcess)
    osRtxThreadDelayTick                     0x00001565   Thumb Code    60  rtx_thread.o(.text.osRtxThreadDelayTick)
    osRtxThreadDispatch                      0x000015a1   Thumb Code    88  rtx_thread.o(.text.osRtxThreadDispatch)
    osRtxThreadListGet                       0x0000164d   Thumb Code    24  rtx_thread.o(.text.osRtxThreadListGet)
    osRtxThreadListPut                       0x00001665   Thumb Code    58  rtx_thread.o(.text.osRtxThreadListPut)
    osRtxThreadListRemove                    0x0000169f   Thumb Code    24  rtx_thread.o(.text.osRtxThreadListRemove)
    osRtxThreadListSort                      0x000016b7   Thumb Code    38  rtx_thread.o(.text.osRtxThreadListSort)
    osRtxThreadReadyPut                      0x00001705   Thumb Code    24  rtx_thread.o(.text.osRtxThreadReadyPut)
    osRtxThreadRegPtr                        0x0000171d   Thumb Code     6  rtx_thread.o(.text.osRtxThreadRegPtr)
    osRtxThreadStackCheck                    0x00001725   Thumb Code    44  rtx_thread.o(.text.osRtxThreadStackCheck)
    osRtxThreadStartup                       0x00001751   Thumb Code    92  rtx_thread.o(.text.osRtxThreadStartup)
    osRtxThreadSwitch                        0x000017ad   Thumb Code    20  rtx_thread.o(.text.osRtxThreadSwitch)
    osRtxThreadWaitEnter                     0x000017c1   Thumb Code    56  rtx_thread.o(.text.osRtxThreadWaitEnter)
    osRtxThreadWaitExit                      0x000017f9   Thumb Code    34  rtx_thread.o(.text.osRtxThreadWaitExit)
    osRtxTick_Handler                        0x0000181d   Thumb Code   116  rtx_system.o(.text.osRtxTick_Handler)
    osRtxTimerThread                         0x00001891   Thumb Code    64  rtx_timer.o(.text.osRtxTimerThread)
    osThreadExit                             0x00001931   Thumb Code    12  rtx_thread.o(.text.osThreadExit)
    osThreadFlagsSet                         0x0000193d   Thumb Code    92  rtx_thread.o(.text.osThreadFlagsSet)
    osThreadNew                              0x00001999   Thumb Code    36  rtx_thread.o(.text.osThreadNew)
    BLE_SendAck                              0x00002715   Thumb Code    18  ble.o(i.BLE_SendAck)
    BLE_init                                 0x000028d5   Thumb Code    28  ble.o(i.BLE_init)
    CRC_fastCRC16                            0x00002949   Thumb Code    38  crc.o(i.CRC_fastCRC16)
    Control_RGB_LEDs                         0x00002975   Thumb Code    70  leds.o(i.Control_RGB_LEDs)
    DMA0_IRQHandler                          0x000029c1   Thumb Code    40  dma.o(i.DMA0_IRQHandler)
    Init_DAC                                 0x000029f5   Thumb Code    68  dac.o(i.Init_DAC)
    Init_DMA                                 0x00002a45   Thumb Code   100  dma.o(i.Init_DMA)
    Init_DMA_For_Playback                    0x00002ac1   Thumb Code    18  dma.o(i.Init_DMA_For_Playback)
    Init_RGB_LEDs                            0x00002ad5   Thumb Code   124  leds.o(i.Init_RGB_LEDs)
    Init_TPM                                 0x00002b61   Thumb Code    98  timers.o(i.Init_TPM)
    Play_Recording                           0x00002bd5   Thumb Code    60  dma.o(i.Play_Recording)
    Start_TPM                                0x00002c25   Thumb Code    14  timers.o(i.Start_TPM)
    SystemCoreClockUpdate                    0x00002c39   Thumb Code   372  system_mkl25z4.o(i.SystemCoreClockUpdate)
    SystemInit                               0x00002dc9   Thumb Code   266  system_mkl25z4.o(i.SystemInit)
    TPM0_IRQHandler                          0x00002f01   Thumb Code    22  timers.o(i.TPM0_IRQHandler)
    Thread_APP_POD                           0x00002f1d   Thumb Code   252  app.o(i.Thread_APP_POD)
    Thread_BLE                               0x0000305d   Thumb Code    66  ble.o(i.Thread_BLE)
    UART0_IRQHandler                         0x000030ad   Thumb Code   116  uart.o(i.UART0_IRQHandler)
    UART0_init                               0x0000312d   Thumb Code   312  uart.o(i.UART0_init)
    UART_Cancel                              0x00003285   Thumb Code    26  uart.o(i.UART_Cancel)
    UART_getPacket                           0x000032c1   Thumb Code   190  uart.o(i.UART_getPacket)
    UART_send                                0x0000338d   Thumb Code    66  uart.o(i.UART_send)
    Util_copyMemory                          0x000033d9   Thumb Code    22  utilities.o(i.Util_copyMemory)
    Util_crc16                               0x000033f1   Thumb Code    24  utilities.o(i.Util_crc16)
    Util_fillMemory                          0x0000340d   Thumb Code    18  utilities.o(i.Util_fillMemory)
    __ARM_common_switch8                     0x0000341f   Thumb Code    28  rtx_config.o(i.__ARM_common_switch8)
    _mutex_acquire                           0x000035bd   Thumb Code    24  rtx_lib.o(i._mutex_acquire)
    _mutex_free                              0x000035d5   Thumb Code    12  rtx_lib.o(i._mutex_free)
    _mutex_initialize                        0x000035e1   Thumb Code    36  rtx_lib.o(i._mutex_initialize)
    _mutex_release                           0x00003605   Thumb Code    20  rtx_lib.o(i._mutex_release)
    _platform_post_stackheap_init            0x00003619   Thumb Code     8  rtx_lib.o(i._platform_post_stackheap_init)
    main                                     0x00003621   Thumb Code    76  main.o(i.main)
    osRtxErrorNotify                         0x00003681   Thumb Code    32  rtx_config.o(i.osRtxErrorNotify)
    osRtxIdleThread                          0x000036a1   Thumb Code     4  rtx_config.o(i.osRtxIdleThread)
    playBadNoise                             0x000036c9   Thumb Code    40  app.o(i.playBadNoise)
    playGoodNoise                            0x000036f9   Thumb Code    40  app.o(i.playGoodNoise)
    __I$use$fp                               0x00003728   Number         0  usenofp.o(x$fpl$usenofp)
    Safe_Audio                               0x00003928   Data        4304  app.o(.constdata)
    Not_Audio                                0x000049f8   Data        7432  app.o(.constdata)
    BadNoise                                 0x00006700   Data         112  app.o(.constdata)
    GoodNoise                                0x00006770   Data         160  app.o(.constdata)
    osRtxUserSVC                             0x00006870   Data           4  rtx_lib.o(.constdata)
    irqRtxLib                                0x00006874   Data           1  irq_cm0.o(.constdata)
    osRtxConfig                              0x000068f8   Data         104  rtx_lib.o(.rodata)
    Region$$Table$$Base                      0x0000696c   Number         0  anon$$obj.o(Region$$Table)
    Region$$Table$$Limit                     0x0000698c   Number         0  anon$$obj.o(Region$$Table)
    .bss.os.msgqueue.cb$$Base                0x20000040   Number         0  rtx_lib.o(.bss.os.msgqueue.cb)
    .bss.os.msgqueue.cb$$Limit               0x20000074   Number         0  rtx_lib.o(.bss.os.msgqueue.cb)
    .bss.os.thread.cb$$Base                  0x200000c4   Number         0  rtx_lib.o(.bss.os.thread.cb)
    .bss.os.thread.cb$$Limit                 0x2000014c   Number         0  rtx_lib.o(.bss.os.thread.cb)
    BLE_Flags                                0x20000358   Data           4  ble.o(.data)
    tid_BLE                                  0x2000035c   Data           4  ble.o(.data)
    tid_APP                                  0x20000360   Data           4  app.o(.data)
    DMA_flags                                0x20000364   Data           4  app.o(.data)
    receivedMessageQ_id                      0x20000368   Data           4  app.o(.data)
    result                                   0x2000036c   Data           4  app.o(.data)
    irqRtxLibRef                             0x20000370   Data           4  rtx_lib.o(.data)
    SystemCoreClock                          0x20000378   Data           4  system_mkl25z4.o(.data)
    osRtxInfo                                0x2000037c   Data         164  rtx_kernel.o(.data.os)
    __libspace_start                         0x20000930   Data          96  libspace.o(.bss)
    __temporary_stack_top$libspace           0x20000990   Data           0  libspace.o(.bss)



==============================================================================

Memory Map of the image

  Image Entry point : 0x00000189

  Load Region LR_1 (Base: 0x00000000, Size: 0x00007dac, Max: 0xffffffff, ABSOLUTE, COMPRESSED[0x000069c4])

    Execution Region ER_RO (Exec base: 0x00000000, Load base: 0x00000000, Size: 0x0000698c, Max: 0xffffffff, ABSOLUTE)

    Exec Addr    Load Addr    Size         Type   Attr      Idx    E Section Name        Object

    0x00000000   0x00000000   0x000000c0   Data   RO          719    RESET               startup_mkl25z4.o
    0x000000c0   0x000000c0   0x00000008   Code   RO         1302  * !!!main             c_p.l(__main.o)
    0x000000c8   0x000000c8   0x0000003c   Code   RO         1479    !!!scatter          c_p.l(__scatter.o)
    0x00000104   0x00000104   0x0000001c   Code   RO         1481    !!handler_zi        c_p.l(__scatter_zi.o)
    0x00000120   0x00000120   0x00000002   Code   RO         1346    .ARM.Collect$$libinit$$00000000  c_p.l(libinit.o)
    0x00000122   0x00000122   0x00000000   Code   RO         1360    .ARM.Collect$$libinit$$00000002  c_p.l(libinit2.o)
    0x00000122   0x00000122   0x00000000   Code   RO         1362    .ARM.Collect$$libinit$$00000004  c_p.l(libinit2.o)
    0x00000122   0x00000122   0x00000000   Code   RO         1365    .ARM.Collect$$libinit$$0000000A  c_p.l(libinit2.o)
    0x00000122   0x00000122   0x00000000   Code   RO         1367    .ARM.Collect$$libinit$$0000000C  c_p.l(libinit2.o)
    0x00000122   0x00000122   0x00000000   Code   RO         1369    .ARM.Collect$$libinit$$0000000E  c_p.l(libinit2.o)
    0x00000122   0x00000122   0x00000000   Code   RO         1372    .ARM.Collect$$libinit$$00000011  c_p.l(libinit2.o)
    0x00000122   0x00000122   0x00000000   Code   RO         1374    .ARM.Collect$$libinit$$00000013  c_p.l(libinit2.o)
    0x00000122   0x00000122   0x00000000   Code   RO         1376    .ARM.Collect$$libinit$$00000015  c_p.l(libinit2.o)
    0x00000122   0x00000122   0x00000000   Code   RO         1378    .ARM.Collect$$libinit$$00000017  c_p.l(libinit2.o)
    0x00000122   0x00000122   0x00000000   Code   RO         1380    .ARM.Collect$$libinit$$00000019  c_p.l(libinit2.o)
    0x00000122   0x00000122   0x00000000   Code   RO         1382    .ARM.Collect$$libinit$$0000001B  c_p.l(libinit2.o)
    0x00000122   0x00000122   0x00000000   Code   RO         1384    .ARM.Collect$$libinit$$0000001D  c_p.l(libinit2.o)
    0x00000122   0x00000122   0x00000000   Code   RO         1386    .ARM.Collect$$libinit$$0000001F  c_p.l(libinit2.o)
    0x00000122   0x00000122   0x00000000   Code   RO         1388    .ARM.Collect$$libinit$$00000021  c_p.l(libinit2.o)
    0x00000122   0x00000122   0x00000000   Code   RO         1390    .ARM.Collect$$libinit$$00000023  c_p.l(libinit2.o)
    0x00000122   0x00000122   0x00000000   Code   RO         1392    .ARM.Collect$$libinit$$00000025  c_p.l(libinit2.o)
    0x00000122   0x00000122   0x00000000   Code   RO         1396    .ARM.Collect$$libinit$$0000002C  c_p.l(libinit2.o)
    0x00000122   0x00000122   0x00000000   Code   RO         1398    .ARM.Collect$$libinit$$0000002E  c_p.l(libinit2.o)
    0x00000122   0x00000122   0x00000000   Code   RO         1400    .ARM.Collect$$libinit$$00000030  c_p.l(libinit2.o)
    0x00000122   0x00000122   0x00000000   Code   RO         1402    .ARM.Collect$$libinit$$00000032  c_p.l(libinit2.o)
    0x00000122   0x00000122   0x00000002   Code   RO         1403    .ARM.Collect$$libinit$$00000033  c_p.l(libinit2.o)
    0x00000124   0x00000124   0x00000002   Code   RO         1434    .ARM.Collect$$libshutdown$$00000000  c_p.l(libshutdown.o)
    0x00000126   0x00000126   0x00000000   Code   RO         1460    .ARM.Collect$$libshutdown$$00000002  c_p.l(libshutdown2.o)
    0x00000126   0x00000126   0x00000000   Code   RO         1462    .ARM.Collect$$libshutdown$$00000004  c_p.l(libshutdown2.o)
    0x00000126   0x00000126   0x00000000   Code   RO         1465    .ARM.Collect$$libshutdown$$00000007  c_p.l(libshutdown2.o)
    0x00000126   0x00000126   0x00000000   Code   RO         1468    .ARM.Collect$$libshutdown$$0000000A  c_p.l(libshutdown2.o)
    0x00000126   0x00000126   0x00000000   Code   RO         1470    .ARM.Collect$$libshutdown$$0000000C  c_p.l(libshutdown2.o)
    0x00000126   0x00000126   0x00000000   Code   RO         1473    .ARM.Collect$$libshutdown$$0000000F  c_p.l(libshutdown2.o)
    0x00000126   0x00000126   0x00000002   Code   RO         1474    .ARM.Collect$$libshutdown$$00000010  c_p.l(libshutdown2.o)
    0x00000128   0x00000128   0x00000000   Code   RO         1311    .ARM.Collect$$rtentry$$00000000  c_p.l(__rtentry.o)
    0x00000128   0x00000128   0x00000000   Code   RO         1318    .ARM.Collect$$rtentry$$00000002  c_p.l(__rtentry2.o)
    0x00000128   0x00000128   0x00000006   Code   RO         1330    .ARM.Collect$$rtentry$$00000004  c_p.l(__rtentry4.o)
    0x0000012e   0x0000012e   0x00000008   Code   RO         1319    .ARM.Collect$$rtentry$$00000008  c_p.l(__rtentry2.o)
    0x00000136   0x00000136   0x00000004   Code   RO         1321    .ARM.Collect$$rtentry$$0000000A  c_p.l(__rtentry2.o)
    0x0000013a   0x0000013a   0x00000000   Code   RO         1323    .ARM.Collect$$rtentry$$0000000C  c_p.l(__rtentry2.o)
    0x0000013a   0x0000013a   0x00000008   Code   RO         1324    .ARM.Collect$$rtentry$$0000000D  c_p.l(__rtentry2.o)
    0x00000142   0x00000142   0x00000002   Code   RO         1351    .ARM.Collect$$rtexit$$00000000  c_p.l(rtexit.o)
    0x00000144   0x00000144   0x00000000   Code   RO         1407    .ARM.Collect$$rtexit$$00000002  c_p.l(rtexit2.o)
    0x00000144   0x00000144   0x00000004   Code   RO         1408    .ARM.Collect$$rtexit$$00000003  c_p.l(rtexit2.o)
    0x00000148   0x00000148   0x00000006   Code   RO         1409    .ARM.Collect$$rtexit$$00000004  c_p.l(rtexit2.o)
    0x0000014e   0x0000014e   0x00000002   PAD
    0x00000150   0x00000150   0x00000038   Code   RO         1290    .emb_text           c_p.l(rt_memcpy.o)
    0x00000188   0x00000188   0x00000040   Code   RO          721  * .text               startup_mkl25z4.o
    0x000001c8   0x000001c8   0x000000a4   Code   RO         1118    .text               RTX_CM0.lib(irq_cm0.o)
    0x0000026c   0x0000026c   0x00000028   Code   RO         1286    .text               c_p.l(strstr.o)
    0x00000294   0x00000294   0x00000044   Code   RO         1288    .text               c_p.l(strlen.o)
    0x000002d8   0x000002d8   0x00000082   Code   RO         1291    .text               c_p.l(rt_memcpy.o)
    0x0000035a   0x0000035a   0x00000040   Code   RO         1294    .text               c_p.l(rt_memclr.o)
    0x0000039a   0x0000039a   0x00000006   Code   RO         1300    .text               c_p.l(heapauxi.o)
    0x000003a0   0x000003a0   0x00000048   Code   RO         1307    .text               fz_ps.l(dfixui.o)
    0x000003e8   0x000003e8   0x00000010   Code   RO         1337    .text               c_p.l(exit.o)
    0x000003f8   0x000003f8   0x00000008   Code   RO         1347    .text               c_p.l(libspace.o)
    0x00000400   0x00000400   0x00000010   Code   RO          720    .ARM.__at_0x400     startup_mkl25z4.o
    0x00000410   0x00000410   0x0000015a   Code   RO         1296    .text               c_p.l(aeabi_sdiv.o)
    0x0000056a   0x0000056a   0x00000002   PAD
    0x0000056c   0x0000056c   0x00000448   Code   RO         1304    .text               fz_ps.l(ddiv.o)
    0x000009b4   0x000009b4   0x00000058   Code   RO         1309    .text               fz_ps.l(dflti.o)
    0x00000a0c   0x00000a0c   0x0000003e   Code   RO         1334    .text               c_p.l(sys_stackheap_outer.o)
    0x00000a4a   0x00000a4a   0x00000002   PAD
    0x00000a4c   0x00000a4c   0x0000000c   Code   RO         1404    .text               c_p.l(sys_exit.o)
    0x00000a58   0x00000a58   0x00000002   Code   RO         1423    .text               c_p.l(use_no_semi.o)
    0x00000a5a   0x00000a5a   0x00000000   Code   RO         1425    .text               c_p.l(indicate_semi.o)
    0x00000a5a   0x00000a5a   0x0000003a   Code   RO         1477    .text               c_p.l(__dczerorl.o)
    0x00000a94   0x00000a94   0x00000052   Code   RO         1001    .text.EventFlagsCheck  RTX_CM0.lib(rtx_evflags.o)
    0x00000ae6   0x00000ae6   0x0000004c   Code   RO         1099    .text.MessageQueueGet  RTX_CM0.lib(rtx_msgqueue.o)
    0x00000b32   0x00000b32   0x00000060   Code   RO         1093    .text.MessageQueuePut  RTX_CM0.lib(rtx_msgqueue.o)
    0x00000b92   0x00000b92   0x00000028   Code   RO         1091    .text.MessageQueueRemove  RTX_CM0.lib(rtx_msgqueue.o)
    0x00000bba   0x00000bba   0x00000002   PAD
    0x00000bbc   0x00000bbc   0x0000000c   Code   RO         1261    .text.OS_Tick_AcknowledgeIRQ  RTX_CM0.lib(os_systick.o)
    0x00000bc8   0x00000bc8   0x0000002c   Code   RO         1257    .text.OS_Tick_Enable  RTX_CM0.lib(os_systick.o)
    0x00000bf4   0x00000bf4   0x00000006   Code   RO         1263    .text.OS_Tick_GetIRQn  RTX_CM0.lib(os_systick.o)
    0x00000bfa   0x00000bfa   0x00000002   PAD
    0x00000bfc   0x00000bfc   0x0000004c   Code   RO         1255    .text.OS_Tick_Setup  RTX_CM0.lib(os_systick.o)
    0x00000c48   0x00000c48   0x00000052   Code   RO          903    .text.ThreadFlagsCheck  RTX_CM0.lib(rtx_thread.o)
    0x00000c9a   0x00000c9a   0x00000002   PAD
    0x00000c9c   0x00000c9c   0x0000004c   Code   RO         1139    .text.TimerInsert   RTX_CM0.lib(rtx_timer.o)
    0x00000ce8   0x00000ce8   0x00000028   Code   RO          960    .text.osDelay       RTX_CM0.lib(rtx_delay.o)
    0x00000d10   0x00000d10   0x00000024   Code   RO          985    .text.osEventFlagsClear  RTX_CM0.lib(rtx_evflags.o)
    0x00000d34   0x00000d34   0x00000024   Code   RO          979    .text.osEventFlagsNew  RTX_CM0.lib(rtx_evflags.o)
    0x00000d58   0x00000d58   0x00000058   Code   RO          983    .text.osEventFlagsSet  RTX_CM0.lib(rtx_evflags.o)
    0x00000db0   0x00000db0   0x00000050   Code   RO          993    .text.osEventFlagsWait  RTX_CM0.lib(rtx_evflags.o)
    0x00000e00   0x00000e00   0x00000030   Code   RO          766    .text.osKernelGetState  RTX_CM0.lib(rtx_kernel.o)
    0x00000e30   0x00000e30   0x00000024   Code   RO          760    .text.osKernelInitialize  RTX_CM0.lib(rtx_kernel.o)
    0x00000e54   0x00000e54   0x00000024   Code   RO          770    .text.osKernelStart  RTX_CM0.lib(rtx_kernel.o)
    0x00000e78   0x00000e78   0x00000078   Code   RO         1065    .text.osMessageQueueGet  RTX_CM0.lib(rtx_msgqueue.o)
    0x00000ef0   0x00000ef0   0x00000024   Code   RO         1059    .text.osMessageQueueNew  RTX_CM0.lib(rtx_msgqueue.o)
    0x00000f14   0x00000f14   0x00000080   Code   RO         1063    .text.osMessageQueuePut  RTX_CM0.lib(rtx_msgqueue.o)
    0x00000f94   0x00000f94   0x00000028   Code   RO         1028    .text.osMutexAcquire  RTX_CM0.lib(rtx_mutex.o)
    0x00000fbc   0x00000fbc   0x00000028   Code   RO         1034    .text.osMutexDelete  RTX_CM0.lib(rtx_mutex.o)
    0x00000fe4   0x00000fe4   0x00000024   Code   RO         1024    .text.osMutexNew    RTX_CM0.lib(rtx_mutex.o)
    0x00001008   0x00001008   0x00000028   Code   RO         1030    .text.osMutexRelease  RTX_CM0.lib(rtx_mutex.o)
    0x00001030   0x00001030   0x0000003a   Code   RO          999    .text.osRtxEventFlagsPostProcess  RTX_CM0.lib(rtx_evflags.o)
    0x0000106a   0x0000106a   0x0000007c   Code   RO         1168    .text.osRtxMemoryAlloc  RTX_CM0.lib(rtx_memory.o)
    0x000010e6   0x000010e6   0x0000004e   Code   RO         1170    .text.osRtxMemoryFree  RTX_CM0.lib(rtx_memory.o)
    0x00001134   0x00001134   0x0000003a   Code   RO         1166    .text.osRtxMemoryInit  RTX_CM0.lib(rtx_memory.o)
    0x0000116e   0x0000116e   0x00000038   Code   RO         1185    .text.osRtxMemoryPoolAlloc  RTX_CM0.lib(rtx_mempool.o)
    0x000011a6   0x000011a6   0x00000040   Code   RO         1187    .text.osRtxMemoryPoolFree  RTX_CM0.lib(rtx_mempool.o)
    0x000011e6   0x000011e6   0x00000044   Code   RO         1183    .text.osRtxMemoryPoolInit  RTX_CM0.lib(rtx_mempool.o)
    0x0000122a   0x0000122a   0x000000de   Code   RO         1089    .text.osRtxMessageQueuePostProcess  RTX_CM0.lib(rtx_msgqueue.o)
    0x00001308   0x00001308   0x0000003e   Code   RO         1022    .text.osRtxMutexOwnerRelease  RTX_CM0.lib(rtx_mutex.o)
    0x00001346   0x00001346   0x00000002   PAD
    0x00001348   0x00001348   0x00000088   Code   RO         1240    .text.osRtxPendSV_Handler  RTX_CM0.lib(rtx_system.o)
    0x000013d0   0x000013d0   0x0000006c   Code   RO         1242    .text.osRtxPostProcess  RTX_CM0.lib(rtx_system.o)
    0x0000143c   0x0000143c   0x0000003c   Code   RO          845    .text.osRtxThreadBlock  RTX_CM0.lib(rtx_thread.o)
    0x00001478   0x00001478   0x0000008c   Code   RO          853    .text.osRtxThreadDelayInsert  RTX_CM0.lib(rtx_thread.o)
    0x00001504   0x00001504   0x00000060   Code   RO          849    .text.osRtxThreadDelayRemove  RTX_CM0.lib(rtx_thread.o)
    0x00001564   0x00001564   0x0000003c   Code   RO          835    .text.osRtxThreadDelayTick  RTX_CM0.lib(rtx_thread.o)
    0x000015a0   0x000015a0   0x00000058   Code   RO          843    .text.osRtxThreadDispatch  RTX_CM0.lib(rtx_thread.o)
    0x000015f8   0x000015f8   0x00000054   Code   RO          929    .text.osRtxThreadFree  RTX_CM0.lib(rtx_thread.o)
    0x0000164c   0x0000164c   0x00000018   Code   RO          827    .text.osRtxThreadListGet  RTX_CM0.lib(rtx_thread.o)
    0x00001664   0x00001664   0x0000003a   Code   RO          825    .text.osRtxThreadListPut  RTX_CM0.lib(rtx_thread.o)
    0x0000169e   0x0000169e   0x00000018   Code   RO          831    .text.osRtxThreadListRemove  RTX_CM0.lib(rtx_thread.o)
    0x000016b6   0x000016b6   0x00000026   Code   RO          829    .text.osRtxThreadListSort  RTX_CM0.lib(rtx_thread.o)
    0x000016dc   0x000016dc   0x00000026   Code   RO          901    .text.osRtxThreadPostProcess  RTX_CM0.lib(rtx_thread.o)
    0x00001702   0x00001702   0x00000002   PAD
    0x00001704   0x00001704   0x00000018   Code   RO          833    .text.osRtxThreadReadyPut  RTX_CM0.lib(rtx_thread.o)
    0x0000171c   0x0000171c   0x00000006   Code   RO          837    .text.osRtxThreadRegPtr  RTX_CM0.lib(rtx_thread.o)
    0x00001722   0x00001722   0x00000002   PAD
    0x00001724   0x00001724   0x0000002c   Code   RO          841    .text.osRtxThreadStackCheck  RTX_CM0.lib(rtx_thread.o)
    0x00001750   0x00001750   0x0000005c   Code   RO          855    .text.osRtxThreadStartup  RTX_CM0.lib(rtx_thread.o)
    0x000017ac   0x000017ac   0x00000014   Code   RO          839    .text.osRtxThreadSwitch  RTX_CM0.lib(rtx_thread.o)
    0x000017c0   0x000017c0   0x00000038   Code   RO          851    .text.osRtxThreadWaitEnter  RTX_CM0.lib(rtx_thread.o)
    0x000017f8   0x000017f8   0x00000022   Code   RO          847    .text.osRtxThreadWaitExit  RTX_CM0.lib(rtx_thread.o)
    0x0000181a   0x0000181a   0x00000002   PAD
    0x0000181c   0x0000181c   0x00000074   Code   RO         1238    .text.osRtxTick_Handler  RTX_CM0.lib(rtx_system.o)
    0x00001890   0x00001890   0x00000040   Code   RO         1123    .text.osRtxTimerThread  RTX_CM0.lib(rtx_timer.o)
    0x000018d0   0x000018d0   0x00000060   Code   RO         1125    .text.osRtxTimerTick  RTX_CM0.lib(rtx_timer.o)
    0x00001930   0x00001930   0x0000000c   Code   RO          885    .text.osThreadExit  RTX_CM0.lib(rtx_thread.o)
    0x0000193c   0x0000193c   0x0000005c   Code   RO          893    .text.osThreadFlagsSet  RTX_CM0.lib(rtx_thread.o)
    0x00001998   0x00001998   0x00000024   Code   RO          859    .text.osThreadNew   RTX_CM0.lib(rtx_thread.o)
    0x000019bc   0x000019bc   0x00000012   Code   RO          964    .text.svcRtxDelay   RTX_CM0.lib(rtx_delay.o)
    0x000019ce   0x000019ce   0x0000003e   Code   RO          987    .text.svcRtxEventFlagsClear  RTX_CM0.lib(rtx_evflags.o)
    0x00001a0c   0x00001a0c   0x00000074   Code   RO          997    .text.svcRtxEventFlagsNew  RTX_CM0.lib(rtx_evflags.o)
    0x00001a80   0x00001a80   0x00000090   Code   RO         1005    .text.svcRtxEventFlagsSet  RTX_CM0.lib(rtx_evflags.o)
    0x00001b10   0x00001b10   0x00000078   Code   RO         1007    .text.svcRtxEventFlagsWait  RTX_CM0.lib(rtx_evflags.o)
    0x00001b88   0x00001b88   0x0000000c   Code   RO          768    .text.svcRtxKernelGetState  RTX_CM0.lib(rtx_kernel.o)
    0x00001b94   0x00001b94   0x0000017c   Code   RO          798    .text.svcRtxKernelInitialize  RTX_CM0.lib(rtx_kernel.o)
    0x00001d10   0x00001d10   0x00000088   Code   RO          800    .text.svcRtxKernelStart  RTX_CM0.lib(rtx_kernel.o)
    0x00001d98   0x00001d98   0x000000f0   Code   RO         1101    .text.svcRtxMessageQueueGet  RTX_CM0.lib(rtx_msgqueue.o)
    0x00001e88   0x00001e88   0x000001d4   Code   RO         1087    .text.svcRtxMessageQueueNew  RTX_CM0.lib(rtx_msgqueue.o)
    0x0000205c   0x0000205c   0x000000d0   Code   RO         1097    .text.svcRtxMessageQueuePut  RTX_CM0.lib(rtx_msgqueue.o)
    0x0000212c   0x0000212c   0x000000a0   Code   RO         1040    .text.svcRtxMutexAcquire  RTX_CM0.lib(rtx_mutex.o)
    0x000021cc   0x000021cc   0x000000d0   Code   RO         1046    .text.svcRtxMutexDelete  RTX_CM0.lib(rtx_mutex.o)
    0x0000229c   0x0000229c   0x00000078   Code   RO         1036    .text.svcRtxMutexNew  RTX_CM0.lib(rtx_mutex.o)
    0x00002314   0x00002314   0x000000c0   Code   RO         1042    .text.svcRtxMutexRelease  RTX_CM0.lib(rtx_mutex.o)
    0x000023d4   0x000023d4   0x0000006c   Code   RO          933    .text.svcRtxThreadExit  RTX_CM0.lib(rtx_thread.o)
    0x00002440   0x00002440   0x00000076   Code   RO          941    .text.svcRtxThreadFlagsSet  RTX_CM0.lib(rtx_thread.o)
    0x000024b6   0x000024b6   0x00000002   PAD
    0x000024b8   0x000024b8   0x00000200   Code   RO          857    .text.svcRtxThreadNew  RTX_CM0.lib(rtx_thread.o)
    0x000026b8   0x000026b8   0x0000004c   Code   RO          405    i.BLE_BuildPacket   ble.o
    0x00002704   0x00002704   0x00000010   Code   RO          406    i.BLE_Send          ble.o
    0x00002714   0x00002714   0x00000018   Code   RO          407    i.BLE_SendAck       ble.o
    0x0000272c   0x0000272c   0x00000030   Code   RO          409    i.BLE_SendPacket    ble.o
    0x0000275c   0x0000275c   0x00000140   Code   RO          412    i.BLE_handleReceiveFlag  ble.o
    0x0000289c   0x0000289c   0x00000038   Code   RO          413    i.BLE_handleUARTCB  ble.o
    0x000028d4   0x000028d4   0x00000028   Code   RO          414    i.BLE_init          ble.o
    0x000028fc   0x000028fc   0x00000024   Code   RO          416    i.BLE_searchForKeyword  ble.o
    0x00002920   0x00002920   0x00000028   Code   RO          418    i.BLE_validatePacket  ble.o
    0x00002948   0x00002948   0x0000002c   Code   RO          383    i.CRC_fastCRC16     crc.o
    0x00002974   0x00002974   0x0000004c   Code   RO          530    i.Control_RGB_LEDs  leds.o
    0x000029c0   0x000029c0   0x00000034   Code   RO           97    i.DMA0_IRQHandler   dma.o
    0x000029f4   0x000029f4   0x00000050   Code   RO           77    i.Init_DAC          dac.o
    0x00002a44   0x00002a44   0x0000007c   Code   RO           98    i.Init_DMA          dma.o
    0x00002ac0   0x00002ac0   0x00000012   Code   RO           99    i.Init_DMA_For_Playback  dma.o
    0x00002ad2   0x00002ad2   0x00000002   PAD
    0x00002ad4   0x00002ad4   0x0000008c   Code   RO          532    i.Init_RGB_LEDs     leds.o
    0x00002b60   0x00002b60   0x00000074   Code   RO          303    i.Init_TPM          timers.o
    0x00002bd4   0x00002bd4   0x00000050   Code   RO          100    i.Play_Recording    dma.o
    0x00002c24   0x00002c24   0x00000014   Code   RO          304    i.Start_TPM         timers.o
    0x00002c38   0x00002c38   0x00000190   Code   RO          729    i.SystemCoreClockUpdate  system_mkl25z4.o
    0x00002dc8   0x00002dc8   0x00000138   Code   RO          730    i.SystemInit        system_mkl25z4.o
    0x00002f00   0x00002f00   0x0000001c   Code   RO          305    i.TPM0_IRQHandler   timers.o
    0x00002f1c   0x00002f1c   0x00000140   Code   RO          567    i.Thread_APP_POD    app.o
    0x0000305c   0x0000305c   0x00000050   Code   RO          420    i.Thread_BLE        ble.o
    0x000030ac   0x000030ac   0x00000080   Code   RO          217    i.UART0_IRQHandler  uart.o
    0x0000312c   0x0000312c   0x00000158   Code   RO          218    i.UART0_init        uart.o
    0x00003284   0x00003284   0x00000024   Code   RO          219    i.UART_Cancel       uart.o
    0x000032a8   0x000032a8   0x00000016   Code   RO          220    i.UART_decrementIndex  uart.o
    0x000032be   0x000032be   0x00000002   PAD
    0x000032c0   0x000032c0   0x000000c4   Code   RO          221    i.UART_getPacket    uart.o
    0x00003384   0x00003384   0x00000008   Code   RO          222    i.UART_incrementIndex  uart.o
    0x0000338c   0x0000338c   0x0000004c   Code   RO          225    i.UART_send         uart.o
    0x000033d8   0x000033d8   0x00000016   Code   RO          345    i.Util_copyMemory   utilities.o
    0x000033ee   0x000033ee   0x00000002   PAD
    0x000033f0   0x000033f0   0x0000001c   Code   RO          346    i.Util_crc16        utilities.o
    0x0000340c   0x0000340c   0x00000012   Code   RO          347    i.Util_fillMemory   utilities.o
    0x0000341e   0x0000341e   0x0000001c   Code   RO          708    i.__ARM_common_switch8  rtx_config.o
    0x0000343a   0x0000343a   0x00000002   PAD
    0x0000343c   0x0000343c   0x00000018   Code   RO          306    i.__NVIC_ClearPendingIRQ  timers.o
    0x00003454   0x00003454   0x00000078   Code   RO          101    i.__NVIC_SetPriority  dma.o
    0x000034cc   0x000034cc   0x00000078   Code   RO          226    i.__NVIC_SetPriority  uart.o
    0x00003544   0x00003544   0x00000078   Code   RO          307    i.__NVIC_SetPriority  timers.o
    0x000035bc   0x000035bc   0x00000018   Code   RO          614    i._mutex_acquire    rtx_lib.o
    0x000035d4   0x000035d4   0x0000000c   Code   RO          615    i._mutex_free       rtx_lib.o
    0x000035e0   0x000035e0   0x00000024   Code   RO          616    i._mutex_initialize  rtx_lib.o
    0x00003604   0x00003604   0x00000014   Code   RO          617    i._mutex_release    rtx_lib.o
    0x00003618   0x00003618   0x00000008   Code   RO          618    i._platform_post_stackheap_init  rtx_lib.o
    0x00003620   0x00003620   0x00000060   Code   RO            3    i.main              main.o
    0x00003680   0x00003680   0x00000020   Code   RO          687    i.osRtxErrorNotify  rtx_config.o
    0x000036a0   0x000036a0   0x00000004   Code   RO          688    i.osRtxIdleThread   rtx_config.o
    0x000036a4   0x000036a4   0x00000024   Code   RO          619    i.os_kernel_is_active  rtx_lib.o
    0x000036c8   0x000036c8   0x00000030   Code   RO          568    i.playBadNoise      app.o
    0x000036f8   0x000036f8   0x00000030   Code   RO          569    i.playGoodNoise     app.o
    0x00003728   0x00003728   0x00000000   Code   RO         1316    x$fpl$usenofp       fz_ps.l(usenofp.o)
    0x00003728   0x00003728   0x00000200   Data   RO          385    .constdata          crc.o
    0x00003928   0x00003928   0x00002ee8   Data   RO          571    .constdata          app.o
    0x00006810   0x00006810   0x00000064   Data   RO          626    .constdata          rtx_lib.o
    0x00006874   0x00006874   0x00000001   Data   RO         1117    .constdata          RTX_CM0.lib(irq_cm0.o)
    0x00006875   0x00006875   0x00000080   Data   RO         1305    .constdata          fz_ps.l(ddiv.o)
    0x000068f5   0x000068f5   0x00000003   PAD
    0x000068f8   0x000068f8   0x00000068   Data   RO          628    .rodata             rtx_lib.o
    0x00006960   0x00006960   0x0000000b   Data   RO          812    .rodata.str1.4      RTX_CM0.lib(rtx_kernel.o)
    0x0000696b   0x0000696b   0x00000001   PAD
    0x0000696c   0x0000696c   0x00000020   Data   RO         1475    Region$$Table       anon$$obj.o


    Execution Region ER_RW (Exec base: 0x1ffff000, Load base: 0x0000698c, Size: 0x00001420, Max: 0xffffffff, ABSOLUTE, COMPRESSED[0x00000038])

    Exec Addr    Load Addr    Size         Type   Attr      Idx    E Section Name        Object

    0x1ffff000   COMPRESSED   0x00001040   Data   RW          620    .bss.os             rtx_lib.o
    0x20000040   COMPRESSED   0x00000034   Data   RW          622    .bss.os.msgqueue.cb  rtx_lib.o
    0x20000074   COMPRESSED   0x00000050   Data   RW          623    .bss.os.msgqueue.mem  rtx_lib.o
    0x200000c4   COMPRESSED   0x00000088   Data   RW          624    .bss.os.thread.cb   rtx_lib.o
    0x2000014c   COMPRESSED   0x00000004   PAD
    0x20000150   COMPRESSED   0x00000200   Data   RW          625    .bss.os.thread.stack  rtx_lib.o
    0x20000350   COMPRESSED   0x00000008   Data   RW          102    .data               dma.o
    0x20000358   COMPRESSED   0x00000008   Data   RW          422    .data               ble.o
    0x20000360   COMPRESSED   0x00000010   Data   RW          572    .data               app.o
    0x20000370   COMPRESSED   0x00000005   Data   RW          627    .data               rtx_lib.o
    0x20000375   COMPRESSED   0x00000003   PAD
    0x20000378   COMPRESSED   0x00000004   Data   RW          731    .data               system_mkl25z4.o
    0x2000037c   COMPRESSED   0x000000a4   Data   RW          813    .data.os            RTX_CM0.lib(rtx_kernel.o)


    Execution Region ER_ZI (Exec base: 0x20000420, Load base: 0x000069c4, Size: 0x00000678, Max: 0xffffffff, ABSOLUTE)

    Exec Addr    Load Addr    Size         Type   Attr      Idx    E Section Name        Object

    0x20000420        -       0x0000010c   Zero   RW          227    .bss                uart.o
    0x2000052c        -       0x00000383   Zero   RW          421    .bss                ble.o
    0x200008af        -       0x00000080   Zero   RW          570    .bss                app.o
    0x2000092f   0x000069c4   0x00000001   PAD
    0x20000930        -       0x00000060   Zero   RW         1348    .bss                c_p.l(libspace.o)
    0x20000990        -       0x00000001   Zero   RW         1273    .bss.PendST         RTX_CM0.lib(os_systick.o)
    0x20000991   0x000069c4   0x00000007   PAD
    0x20000998        -       0x00000000   Zero   RW          718    HEAP                startup_mkl25z4.o
    0x20000998        -       0x00000100   Zero   RW          717    STACK               startup_mkl25z4.o


==============================================================================

Image component sizes


      Code (inc. data)   RO Data    RW Data    ZI Data      Debug   Object Name

       416         84      12008         16        128       4027   app.o
       736        122          0          8        899      11690   ble.o
        44          6        512          0          0       1264   crc.o
        80         12          0          0          0        435   dac.o
       394         66          0          8          0     221658   dma.o
       216         22          0          0          0       1079   leds.o
        96         20          0          0          0     220127   main.o
        64          8          0          0          0       1113   rtx_config.o
       136          6        204       4945          0      11835   rtx_lib.o
        80         44        192          0        256        960   startup_mkl25z4.o
       712         84          0          4          0       1759   system_mkl25z4.o
       308         46          0          0          0       2537   timers.o
       930         80          0          0        268      13863   uart.o
        68          4          0          0          0       2245   utilities.o

    ----------------------------------------------------------------------
      4288        604      12948       4988       1552     494592   Object Totals
         0          0         32          0          0          0   (incl. Generated)
         8          0          0          7          1          0   (incl. Padding)

    ----------------------------------------------------------------------

      Code (inc. data)   RO Data    RW Data    ZI Data      Debug   Library Member Name

       164          8          1          0          0        500   irq_cm0.o
       138         32          0          0          1       3224   os_systick.o
        58          4          0          0          0       2886   rtx_delay.o
       822         28          0          0          0      12869   rtx_evflags.o
       648         48         11        164          0      17544   rtx_kernel.o
       260          0          0          0          0       2922   rtx_memory.o
       188          0          0          0          0      14743   rtx_mempool.o
      1634         44          0          0          0      18033   rtx_msgqueue.o
       898         32          0          0          0       9804   rtx_mutex.o
       360         24          0          0          0       4848   rtx_system.o
      1946        100          0          0          0      32232   rtx_thread.o
       236         20          0          0          0      10604   rtx_timer.o
        58          0          0          0          0          0   __dczerorl.o
         8          0          0          0          0         68   __main.o
         0          0          0          0          0          0   __rtentry.o
        20          0          0          0          0          0   __rtentry2.o
         6          0          0          0          0          0   __rtentry4.o
        60          8          0          0          0          0   __scatter.o
        28          0          0          0          0          0   __scatter_zi.o
       346          0          0          0          0         92   aeabi_sdiv.o
        16          0          0          0          0         68   exit.o
         6          0          0          0          0        136   heapauxi.o
         0          0          0          0          0          0   indicate_semi.o
         2          0          0          0          0          0   libinit.o
         2          0          0          0          0          0   libinit2.o
         2          0          0          0          0          0   libshutdown.o
         2          0          0          0          0          0   libshutdown2.o
         8          4          0          0         96         68   libspace.o
        64          0          0          0          0        108   rt_memclr.o
       186          0          0          0          0        144   rt_memcpy.o
         2          0          0          0          0          0   rtexit.o
        10          0          0          0          0          0   rtexit2.o
        68          6          0          0          0         72   strlen.o
        40          0          0          0          0         72   strstr.o
        12          4          0          0          0         60   sys_exit.o
        62          0          0          0          0         80   sys_stackheap_outer.o
         2          0          0          0          0         68   use_no_semi.o
      1096         26        128          0          0        112   ddiv.o
        72          4          0          0          0         68   dfixui.o
        88          0          0          0          0         92   dflti.o
         0          0          0          0          0          0   usenofp.o

    ----------------------------------------------------------------------
      9640        392        144        164        104     131517   Library Totals
        22          0          4          0          7          0   (incl. Padding)

    ----------------------------------------------------------------------

      Code (inc. data)   RO Data    RW Data    ZI Data      Debug   Library Name

      7352        340         12        164          1     130209   RTX_CM0.lib
      1010         22          0          0         96       1036   c_p.l
      1256         30        128          0          0        272   fz_ps.l

    ----------------------------------------------------------------------
      9640        392        144        164        104     131517   Library Totals

    ----------------------------------------------------------------------

==============================================================================


      Code (inc. data)   RO Data    RW Data    ZI Data      Debug   

     13928        996      13092       5152       1656     623241   Grand Totals
     13928        996      13092         56       1656     623241   ELF Image Totals (compressed)
     13928        996      13092         56          0          0   ROM Totals

==============================================================================

    Total RO  Size (Code + RO Data)                27020 (  26.39kB)
    Total RW  Size (RW Data + ZI Data)              6808 (   6.65kB)
    Total ROM Size (Code + RO Data + RW Data)      27076 (  26.44kB)

==============================================================================

